******************************************************************************
                  TI ARM Linker PC v20.2.7                     
******************************************************************************
>> Linked Mon Mar 18 13:45:21 2024

OUTPUT FILE NAME:   <Lab7.out>
ENTRY POINT SYMBOL: "_c_int00_noargs"  address: 000045e1


MEMORY CONFIGURATION

         name            origin    length      used     unused   attr    fill
----------------------  --------  ---------  --------  --------  ----  --------
  FLASH                 00000000   00040000  00004994  0003b66c  R  X
  SRAM                  20000000   00008000  00002337  00005cc9  RW X


SEGMENT ALLOCATION MAP

run origin  load origin   length   init length attrs members
----------  ----------- ---------- ----------- ----- -------
00000000    00000000    00004998   00004998    r-x
  00000000    00000000    0000026c   0000026c    r-- .intvecs
  0000026c    0000026c    000045b8   000045b8    r-x .text
  00004824    00004824    00000118   00000118    r-- .const
  00004940    00004940    00000058   00000058    r-- .cinit
20000000    20000000    0000233e   00000000    rw-
  20000000    20000000    0000026c   00000000    rw- .vtable
  20000270    20000270    00001000   00000000    rw- .stack
  20001270    20001270    00001000   00000000    rw- .sysmem
  20002270    20002270    00000089   00000000    rw- .bss
  200022fc    200022fc    00000042   00000000    rw- .data


SECTION ALLOCATION MAP

 output                                  attributes/
section   page    origin      length       input sections
--------  ----  ----------  ----------   ----------------
.intvecs   0    00000000    0000026c     
                  00000000    0000026c     tm4c123gh6pm_startup_ccs.obj (.intvecs)

.text      0    0000026c    000045b8     
                  0000026c    00000c20     open_interface.obj (.text)
                  00000e8c    00000a4e     rtsv7M4_T_le_v4SPD16_eabi.lib : _printfi.c.obj (.text:__TI_printfi)
                  000018da    00000002                                   : _lock.c.obj (.text:_nop)
                  000018dc    0000057c     main.obj (.text)
                  00001e58    00000328     lcd.obj (.text)
                  00002180    000002a0     movement.obj (.text)
                  00002420    00000270     rtsv7M4_T_le_v4SPD16_eabi.lib : _printfi.c.obj (.text:_pconv_a)
                  00002690    00000260     libcybotScan.lib : cyBot_Scan.obj (.text)
                  000028f0    00000248     Timer.obj (.text)
                  00002b38    000001f8     uart-interrupt.obj (.text)
                  00002d30    000001ec     libcybotScan.lib : ping.obj (.text)
                  00002f1c    000001d0     rtsv7M4_T_le_v4SPD16_eabi.lib : _printfi.c.obj (.text:_pconv_g)
                  000030ec    000001b6                                   : fd_add_t2.asm.obj (.text)
                  000032a2    00000002                                   : div0.asm.obj (.text)
                  000032a4    00000158     libcybotScan.lib : servo.obj (.text)
                  000033fc    0000013c     rtsv7M4_T_le_v4SPD16_eabi.lib : _printfi.c.obj (.text:_pconv_e)
                  00003538    00000136                                   : fd_div_t2.asm.obj (.text)
                  0000366e    00000002     --HOLE-- [fill = 0]
                  00003670    00000124                                   : _printfi.c.obj (.text:fcvt)
                  00003794    00000118     libcybotScan.lib : ir.obj (.text)
                  000038ac    00000110     rtsv7M4_T_le_v4SPD16_eabi.lib : s_scalbn.c.obj (.text:scalbn)
                  000039bc    00000100                                   : memory.c.obj (.text:aligned_alloc)
                  00003abc    000000fc                                   : fd_mul_t2.asm.obj (.text)
                  00003bb8    000000e4                                   : memory.c.obj (.text:free)
                  00003c9c    000000b1                                   : _printfi.c.obj (.text:_ltostr)
                  00003d4d    00000001     --HOLE-- [fill = 0]
                  00003d4e    0000009c                                   : memcpy_t2.asm.obj (.text)
                  00003dea    00000096                                   : ull_div_t2.asm.obj (.text)
                  00003e80    00000088     button.obj (.text)
                  00003f08    00000086     rtsv7M4_T_le_v4SPD16_eabi.lib : fd_cmp_t2.asm.obj (.text:__aeabi_cdcmple)
                  00003f8e    00000086                                   : fd_cmp_t2.asm.obj (.text:__aeabi_cdrcmple)
                  00004014    0000007a                                   : memset_t2.asm.obj (.text)
                  0000408e    00000002     --HOLE-- [fill = 0]
                  00004090    00000070                                   : memory.c.obj (.text:split)
                  00004100    0000006e                                   : _printfi.c.obj (.text:_mcpy)
                  0000416e    0000006e                                   : fd_tos_t2.asm.obj (.text)
                  000041dc    00000068                                   : copy_decompress_lzss.c.obj (.text:decompress:lzss:__TI_decompress_lzss)
                  00004244    00000064                                   : s_frexp.c.obj (.text:frexp)
                  000042a8    00000056                                   : _printfi.c.obj (.text:_pconv_f)
                  000042fe    00000054                                   : _ltoa.c.obj (.text:__TI_ltoa)
                  00004352    00000052                                   : _printfi.c.obj (.text:_ecpy)
                  000043a4    0000004c                                   : atoi.c.obj (.text:atoi)
                  000043f0    00000048                                   : fd_toi_t2.asm.obj (.text)
                  00004438    00000044                                   : autoinit.c.obj (.text:__TI_auto_init_nobinit_nopinit:__TI_auto_init_nobinit_nopinit)
                  0000447c    00000040                                   : sprintf.c.obj (.text:sprintf)
                  000044bc    00000040                                   : vsnprintf.c.obj (.text:vsnprintf)
                  000044fc    0000003e                                   : _printfi.c.obj (.text:_fcpy)
                  0000453a    00000002     --HOLE-- [fill = 0]
                  0000453c    00000038                                   : memory.c.obj (.text:calloc)
                  00004574    00000038                                   : fs_tod_t2.asm.obj (.text)
                  000045ac    00000034     driverlib.lib : interrupt.obj (.text:IntRegister)
                  000045e0    00000034     rtsv7M4_T_le_v4SPD16_eabi.lib : boot_cortex_m.c.obj (.text:_c_int00_noargs:_c_int00_noargs)
                  00004614    00000030                                   : vsnprintf.c.obj (.text:_outs)
                  00004644    0000002e                                   : i_tofd_t2.asm.obj (.text)
                  00004672    00000002     --HOLE-- [fill = 0]
                  00004674    00000028                                   : memory.c.obj (.text:free_list_insert)
                  0000469c    0000001c                                   : copy_zero_init.c.obj (.text:decompress:ZI:__TI_zero_init_nomemset:__TI_zero_init_nomemset)
                  000046b8    0000001c                                   : memory.c.obj (.text:free_list_remove)
                  000046d4    0000001c                                   : memccpy.c.obj (.text:memccpy)
                  000046f0    0000001a                                   : s_copysign.c.obj (.text:copysign)
                  0000470a    00000018                                   : vsnprintf.c.obj (.text:_outc)
                  00004722    00000018                                   : sprintf.c.obj (.text:_outs)
                  0000473a    00000018     open_interface.obj (.text:oi_parseInt)
                  00004752    00000018     rtsv7M4_T_le_v4SPD16_eabi.lib : strcmp.c.obj (.text:strcmp)
                  0000476a    00000016                                   : strchr.c.obj (.text:strchr)
                  00004780    00000014                                   : strcpy.c.obj (.text:strcpy)
                  00004794    00000014                                   : strlen.c.obj (.text:strlen)
                  000047a8    00000012                                   : wcslen.c.obj (.text:wcslen)
                  000047ba    00000010     driverlib.lib : interrupt.obj (.text:IntMasterEnable)
                  000047ca    00000010     lcd.obj (.text:lcd_clear)
                  000047da    0000000e     rtsv7M4_T_le_v4SPD16_eabi.lib : copy_decompress_none.c.obj (.text:decompress:none:__TI_decompress_none)
                  000047e8    0000000c     driverlib.lib : cpu.obj (.text:CPUcpsie)
                  000047f4    0000000c     tm4c123gh6pm_startup_ccs.obj (.text)
                  00004800    0000000a     rtsv7M4_T_le_v4SPD16_eabi.lib : sprintf.c.obj (.text:_outc)
                  0000480a    00000002     --HOLE-- [fill = 0]
                  0000480c    00000008                                   : errno.c.obj (.text:__aeabi_errno_addr)
                  00004814    00000008                                   : memory.c.obj (.text:malloc)
                  0000481c    00000004                                   : pre_init.c.obj (.text:_system_pre_init)
                  00004820    00000004                                   : exit.c.obj (.text:abort:abort)

.const     0    00004824    00000118     
                  00004824    00000101     rtsv7M4_T_le_v4SPD16_eabi.lib : ctype.c.obj (.const:.string:_ctypes_)
                  00004925    0000000f     open_interface.obj (.const:.string:$P$T0$3)
                  00004934    00000004     lcd.obj (.const:.string:lineAddress$1)
                  00004938    00000004     lcd.obj (.const:.string:lineAddresses$2)

.cinit     0    00004940    00000058     
                  00004940    0000001f     (.cinit..data.load) [load image, compression = lzss]
                  0000495f    00000001     --HOLE-- [fill = 0]
                  00004960    0000000c     (__TI_handler_table)
                  0000496c    00000004     --HOLE-- [fill = 0]
                  00004970    00000008     (.cinit..bss.load) [load image, compression = zero_init]
                  00004978    00000008     (.cinit..vtable.load) [load image, compression = zero_init]
                  00004980    00000018     (__TI_cinit_table)

.init_array 
*          0    00000000    00000000     UNINITIALIZED

.vtable    0    20000000    0000026c     UNINITIALIZED
                  20000000    0000026c     driverlib.lib : interrupt.obj (.vtable)

.stack     0    20000270    00001000     UNINITIALIZED
                  20000270    00000004     rtsv7M4_T_le_v4SPD16_eabi.lib : boot_cortex_m.c.obj (.stack)
                  20000274    00000ffc     --HOLE--

.sysmem    0    20001270    00001000     UNINITIALIZED
                  20001270    00000010     rtsv7M4_T_le_v4SPD16_eabi.lib : memory.c.obj (.sysmem)
                  20001280    00000ff0     --HOLE--

.bss       0    20002270    00000089     UNINITIALIZED
                  20002270    00000054     lcd.obj (.bss:lastbuffer$3)
                  200022c4    00000018     open_interface.obj (.bss:firmware$2)
                  200022dc    00000004     (.common:_timeout_ticks)
                  200022e0    00000004     (.common:fallingEdge)
                  200022e4    00000004     (.common:isr_int_value)
                  200022e8    00000004     (.common:left_calibration_value)
                  200022ec    00000004     (.common:pulseLength)
                  200022f0    00000004     (.common:right_calibration_value)
                  200022f4    00000004     (.common:risingEdge)
                  200022f8    00000001     (.common:isRisingEdge)

.data      0    200022fc    00000042     UNINITIALIZED
                  200022fc    00000020     open_interface.obj (.data)
                  2000231c    00000008     rtsv7M4_T_le_v4SPD16_eabi.lib : _lock.c.obj (.data:$O1$$)
                  20002324    00000008                                   : memory.c.obj (.data:$O1$$)
                  2000232c    00000008     uart-interrupt.obj (.data)
                  20002334    00000004     libcybotScan.lib : cyBot_Scan.obj (.data)
                  20002338    00000004     rtsv7M4_T_le_v4SPD16_eabi.lib : errno.c.obj (.data)
                  2000233c    00000001     Timer.obj (.data)
                  2000233d    00000001     button.obj (.data)

__llvm_prf_cnts 
*          0    20000000    00000000     UNINITIALIZED

MODULE SUMMARY

       Module                         code    ro data   rw data
       ------                         ----    -------   -------
    .\
       open_interface.obj             3128    15        56     
       main.obj                       1404    0         8      
       lcd.obj                        824     8         84     
       movement.obj                   672     0         0      
       tm4c123gh6pm_startup_ccs.obj   12      620       0      
       Timer.obj                      584     0         5      
       uart-interrupt.obj             504     0         8      
       button.obj                     136     0         1      
    +--+------------------------------+-------+---------+---------+
       Total:                         7264    643       162    
                                                               
    ../libcybotScan.lib
       cyBot_Scan.obj                 608     0         4      
       ping.obj                       492     0         13     
       servo.obj                      344     0         0      
       ir.obj                         280     0         4      
    +--+------------------------------+-------+---------+---------+
       Total:                         1724    0         21     
                                                               
    C:/ti/TivaWare_C_Series-2.2.0.295/driverlib/ccs/Debug/driverlib.lib
       interrupt.obj                  68      0         620    
       cpu.obj                        12      0         0      
    +--+------------------------------+-------+---------+---------+
       Total:                         80      0         620    
                                                               
    C:\ti\ccs1230\ccs\tools\compiler\ti-cgt-arm_20.2.7.LTS\lib\rtsv7M4_T_le_v4SPD16_eabi.lib
       _printfi.c.obj                 4851    0         0      
       memory.c.obj                   728     0         8      
       fd_add_t2.asm.obj              438     0         0      
       fd_div_t2.asm.obj              310     0         0      
       s_scalbn.c.obj                 272     0         0      
       fd_cmp_t2.asm.obj              268     0         0      
       ctype.c.obj                    0       257       0      
       fd_mul_t2.asm.obj              252     0         0      
       memcpy_t2.asm.obj              156     0         0      
       ull_div_t2.asm.obj             150     0         0      
       vsnprintf.c.obj                136     0         0      
       memset_t2.asm.obj              122     0         0      
       fd_tos_t2.asm.obj              110     0         0      
       copy_decompress_lzss.c.obj     104     0         0      
       s_frexp.c.obj                  100     0         0      
       sprintf.c.obj                  98      0         0      
       _ltoa.c.obj                    84      0         0      
       atoi.c.obj                     76      0         0      
       fd_toi_t2.asm.obj              72      0         0      
       autoinit.c.obj                 68      0         0      
       fs_tod_t2.asm.obj              56      0         0      
       boot_cortex_m.c.obj            52      0         0      
       i_tofd_t2.asm.obj              46      0         0      
       copy_zero_init.c.obj           28      0         0      
       memccpy.c.obj                  28      0         0      
       s_copysign.c.obj               26      0         0      
       strcmp.c.obj                   24      0         0      
       strchr.c.obj                   22      0         0      
       strcpy.c.obj                   20      0         0      
       strlen.c.obj                   20      0         0      
       wcslen.c.obj                   18      0         0      
       copy_decompress_none.c.obj     14      0         0      
       errno.c.obj                    8       0         4      
       _lock.c.obj                    2       0         8      
       exit.c.obj                     4       0         0      
       pre_init.c.obj                 4       0         0      
       div0.asm.obj                   2       0         0      
    +--+------------------------------+-------+---------+---------+
       Total:                         8769    257       20     
                                                               
       Heap:                          0       0         4096   
       Stack:                         0       0         4096   
       Linker Generated:              0       83        0      
    +--+------------------------------+-------+---------+---------+
       Grand Total:                   17837   983       9015   


LINKER GENERATED COPY TABLES

__TI_cinit_table @ 00004980 records: 3, size/record: 8, table size: 24
	.data: load addr=00004940, load size=0000001f bytes, run addr=200022fc, run size=00000042 bytes, compression=lzss
	.bss: load addr=00004970, load size=00000008 bytes, run addr=20002270, run size=00000089 bytes, compression=zero_init
	.vtable: load addr=00004978, load size=00000008 bytes, run addr=20000000, run size=0000026c bytes, compression=zero_init


LINKER GENERATED HANDLER TABLE

__TI_handler_table @ 00004960 records: 3, size/record: 4, table size: 12
	index: 0, handler: __TI_zero_init
	index: 1, handler: __TI_decompress_lzss
	index: 2, handler: __TI_decompress_none


GLOBAL SYMBOLS: SORTED ALPHABETICALLY BY Name 

address   name                          
-------   ----                          
0000382d  ADC0SS0_Handler               
00004821  C$$EXIT                       
000047e9  CPUcpsie                      
00000bc3  GPIOF_Handler                 
000047bb  IntMasterEnable               
000045ad  IntRegister                   
000047f5  ResetISR                      
00002e21  TIMER3B_Handler               
00002c8b  UART1_Handler                 
20001270  __STACK_END                   
00001000  __STACK_SIZE                  
20000470  __STACK_TOP                   
00001000  __SYSMEM_SIZE                 
00004980  __TI_CINIT_Base               
00004998  __TI_CINIT_Limit              
00004960  __TI_Handler_Table_Base       
0000496c  __TI_Handler_Table_Limit      
00004439  __TI_auto_init_nobinit_nopinit
000041dd  __TI_decompress_lzss          
000047db  __TI_decompress_none          
000042ff  __TI_ltoa                     
ffffffff  __TI_pprof_out_hndl           
00000e8d  __TI_printfi                  
ffffffff  __TI_prof_data_size           
ffffffff  __TI_prof_data_start          
00000000  __TI_static_base__            
0000469d  __TI_zero_init_nomemset       
00003f09  __aeabi_cdcmpeq               
00003f09  __aeabi_cdcmple               
00003f8f  __aeabi_cdrcmple              
0000416f  __aeabi_d2f                   
000043f1  __aeabi_d2iz                  
000030f7  __aeabi_dadd                  
00003539  __aeabi_ddiv                  
00003abd  __aeabi_dmul                  
000030ed  __aeabi_dsub                  
0000480d  __aeabi_errno_addr            
00004575  __aeabi_f2d                   
00004645  __aeabi_i2d                   
000032a3  __aeabi_idiv0                 
000032a3  __aeabi_ldiv0                 
00004015  __aeabi_memclr                
00004015  __aeabi_memclr4               
00004015  __aeabi_memclr8               
00003d4f  __aeabi_memcpy                
00003d4f  __aeabi_memcpy4               
00003d4f  __aeabi_memcpy8               
00004017  __aeabi_memset                
00004017  __aeabi_memset4               
00004017  __aeabi_memset8               
00003deb  __aeabi_uldivmod              
ffffffff  __binit__                     
ffffffff  __c_args__                    
UNDEFED   __mpu_init                    
20000270  __stack                       
20000000  __start___llvm_prf_cnts       
20000000  __stop___llvm_prf_cnts        
000045e1  _c_int00_noargs               
00004824  _ctypes_                      
2000231c  _lock                         
000018db  _nop                          
2000233c  _running                      
20001270  _sys_memory                   
UNDEFED   _system_post_cinit            
0000481d  _system_pre_init              
200022dc  _timeout_ticks                
20002320  _unlock                       
00004821  abort                         
000039bd  aligned_alloc                 
000043a5  atoi                          
ffffffff  binit                         
00003ebb  button_getButton              
00003e81  button_init                   
0000453d  calloc                        
2000232c  command_byte                  
20002330  command_flag                  
000046f1  copysign                      
000046f1  copysignl                     
00002769  cyBOT_SERVO_cal               
000026f7  cyBOT_Scan                    
0000269f  cyBOT_init_Scan               
20002334  cyBOT_scan_features           
00002691  cyBOT_scan_version            
20002338  errno                         
200022e0  fallingEdge                   
00003bb9  free                          
00004245  frexp                         
00004245  frexpl                        
20000000  g_pfnRAMVectors               
00000000  g_pfnVectors                  
0000097f  go_charge                     
00003843  ir_enableInterrupt            
00003825  ir_getDistance                
000037fd  ir_getValue                   
00003795  ir_init                       
200022f8  isRisingEdge                  
200022e4  isr_int_value                 
000047cb  lcd_clear                     
0000202d  lcd_gotoLine                  
00001e95  lcd_init                      
00002093  lcd_printf                    
00001f55  lcd_putc                      
00001f8d  lcd_puts                      
00001e59  lcd_reverseNibble             
00001fab  lcd_sendCommand               
00001fe9  lcd_sendNibble                
00002055  lcd_setCursorPos              
000038ad  ldexp                         
000038ad  ldexpl                        
200022e8  left_calibration_value        
00001da1  main                          
00004815  malloc                        
000039bd  memalign                      
000046d5  memccpy                       
00003d4f  memcpy                        
0000401d  memset                        
200022fc  motor_cal_factor_L            
20002300  motor_cal_factor_R            
00001c0d  move                          
000022c5  move_backward                 
00002181  move_forward                  
0000026d  oi_alloc                      
00000aa9  oi_checkFirmware              
000002c7  oi_close                      
00000279  oi_free                       
00000ded  oi_getMotorCalibrationLeft    
00000e01  oi_getMotorCalibrationRight   
000002b1  oi_init                       
00000289  oi_init_noupdate              
00000915  oi_loadSong                   
0000473b  oi_parseInt                   
0000032b  oi_parsePacket                
0000096b  oi_play_song                  
0000084b  oi_setLeds                    
00000db1  oi_setMotorCalibration        
0000088f  oi_setWheels                  
00000b51  oi_shutoff_init               
0000098d  oi_uartInit                   
00000a31  oi_uartReceive                
00000a77  oi_uartSendBuff               
00000a15  oi_uartSendChar               
00000a59  oi_uartSendStr                
000002d9  oi_update                     
00002e73  ping_getDistance              
00002d31  ping_init                     
00002db7  ping_trigger                  
200022ec  pulseLength                   
200022f0  right_calibration_value       
200022f4  risingEdge                    
000038ad  scalbn                        
000038ad  scalbnl                       
000018dd  scan                          
000032a5  servo_init                    
00003335  servo_move                    
00003395  servo_setPWM                  
00003329  servo_stop                    
0000447d  sprintf                       
0000476b  strchr                        
00004753  strcmp                        
00004781  strcpy                        
00004795  strlen                        
00002a0f  timer_getMicros               
000029b7  timer_getMillis               
000028f1  timer_init                    
00002993  timer_pause                   
000029a5  timer_resume                  
00002969  timer_stop                    
00002a69  timer_waitMicros              
00002a9b  timer_waitMillis              
00002335  turn_left                     
0000239b  turn_right                    
00002b39  uart_interrupt_init           
00002c19  uart_receive                  
00002c4d  uart_receive_nonblocking      
00002bfd  uart_sendChar                 
00002c6d  uart_sendStr                  
000044bd  vsnprintf                     
000047a9  wcslen                        


GLOBAL SYMBOLS: SORTED BY Symbol Address 

address   name                          
-------   ----                          
00000000  __TI_static_base__            
00000000  g_pfnVectors                  
0000026d  oi_alloc                      
00000279  oi_free                       
00000289  oi_init_noupdate              
000002b1  oi_init                       
000002c7  oi_close                      
000002d9  oi_update                     
0000032b  oi_parsePacket                
0000084b  oi_setLeds                    
0000088f  oi_setWheels                  
00000915  oi_loadSong                   
0000096b  oi_play_song                  
0000097f  go_charge                     
0000098d  oi_uartInit                   
00000a15  oi_uartSendChar               
00000a31  oi_uartReceive                
00000a59  oi_uartSendStr                
00000a77  oi_uartSendBuff               
00000aa9  oi_checkFirmware              
00000b51  oi_shutoff_init               
00000bc3  GPIOF_Handler                 
00000db1  oi_setMotorCalibration        
00000ded  oi_getMotorCalibrationLeft    
00000e01  oi_getMotorCalibrationRight   
00000e8d  __TI_printfi                  
00001000  __STACK_SIZE                  
00001000  __SYSMEM_SIZE                 
000018db  _nop                          
000018dd  scan                          
00001c0d  move                          
00001da1  main                          
00001e59  lcd_reverseNibble             
00001e95  lcd_init                      
00001f55  lcd_putc                      
00001f8d  lcd_puts                      
00001fab  lcd_sendCommand               
00001fe9  lcd_sendNibble                
0000202d  lcd_gotoLine                  
00002055  lcd_setCursorPos              
00002093  lcd_printf                    
00002181  move_forward                  
000022c5  move_backward                 
00002335  turn_left                     
0000239b  turn_right                    
00002691  cyBOT_scan_version            
0000269f  cyBOT_init_Scan               
000026f7  cyBOT_Scan                    
00002769  cyBOT_SERVO_cal               
000028f1  timer_init                    
00002969  timer_stop                    
00002993  timer_pause                   
000029a5  timer_resume                  
000029b7  timer_getMillis               
00002a0f  timer_getMicros               
00002a69  timer_waitMicros              
00002a9b  timer_waitMillis              
00002b39  uart_interrupt_init           
00002bfd  uart_sendChar                 
00002c19  uart_receive                  
00002c4d  uart_receive_nonblocking      
00002c6d  uart_sendStr                  
00002c8b  UART1_Handler                 
00002d31  ping_init                     
00002db7  ping_trigger                  
00002e21  TIMER3B_Handler               
00002e73  ping_getDistance              
000030ed  __aeabi_dsub                  
000030f7  __aeabi_dadd                  
000032a3  __aeabi_idiv0                 
000032a3  __aeabi_ldiv0                 
000032a5  servo_init                    
00003329  servo_stop                    
00003335  servo_move                    
00003395  servo_setPWM                  
00003539  __aeabi_ddiv                  
00003795  ir_init                       
000037fd  ir_getValue                   
00003825  ir_getDistance                
0000382d  ADC0SS0_Handler               
00003843  ir_enableInterrupt            
000038ad  ldexp                         
000038ad  ldexpl                        
000038ad  scalbn                        
000038ad  scalbnl                       
000039bd  aligned_alloc                 
000039bd  memalign                      
00003abd  __aeabi_dmul                  
00003bb9  free                          
00003d4f  __aeabi_memcpy                
00003d4f  __aeabi_memcpy4               
00003d4f  __aeabi_memcpy8               
00003d4f  memcpy                        
00003deb  __aeabi_uldivmod              
00003e81  button_init                   
00003ebb  button_getButton              
00003f09  __aeabi_cdcmpeq               
00003f09  __aeabi_cdcmple               
00003f8f  __aeabi_cdrcmple              
00004015  __aeabi_memclr                
00004015  __aeabi_memclr4               
00004015  __aeabi_memclr8               
00004017  __aeabi_memset                
00004017  __aeabi_memset4               
00004017  __aeabi_memset8               
0000401d  memset                        
0000416f  __aeabi_d2f                   
000041dd  __TI_decompress_lzss          
00004245  frexp                         
00004245  frexpl                        
000042ff  __TI_ltoa                     
000043a5  atoi                          
000043f1  __aeabi_d2iz                  
00004439  __TI_auto_init_nobinit_nopinit
0000447d  sprintf                       
000044bd  vsnprintf                     
0000453d  calloc                        
00004575  __aeabi_f2d                   
000045ad  IntRegister                   
000045e1  _c_int00_noargs               
00004645  __aeabi_i2d                   
0000469d  __TI_zero_init_nomemset       
000046d5  memccpy                       
000046f1  copysign                      
000046f1  copysignl                     
0000473b  oi_parseInt                   
00004753  strcmp                        
0000476b  strchr                        
00004781  strcpy                        
00004795  strlen                        
000047a9  wcslen                        
000047bb  IntMasterEnable               
000047cb  lcd_clear                     
000047db  __TI_decompress_none          
000047e9  CPUcpsie                      
000047f5  ResetISR                      
0000480d  __aeabi_errno_addr            
00004815  malloc                        
0000481d  _system_pre_init              
00004821  C$$EXIT                       
00004821  abort                         
00004824  _ctypes_                      
00004960  __TI_Handler_Table_Base       
0000496c  __TI_Handler_Table_Limit      
00004980  __TI_CINIT_Base               
00004998  __TI_CINIT_Limit              
20000000  __start___llvm_prf_cnts       
20000000  __stop___llvm_prf_cnts        
20000000  g_pfnRAMVectors               
20000270  __stack                       
20000470  __STACK_TOP                   
20001270  __STACK_END                   
20001270  _sys_memory                   
200022dc  _timeout_ticks                
200022e0  fallingEdge                   
200022e4  isr_int_value                 
200022e8  left_calibration_value        
200022ec  pulseLength                   
200022f0  right_calibration_value       
200022f4  risingEdge                    
200022f8  isRisingEdge                  
200022fc  motor_cal_factor_L            
20002300  motor_cal_factor_R            
2000231c  _lock                         
20002320  _unlock                       
2000232c  command_byte                  
20002330  command_flag                  
20002334  cyBOT_scan_features           
20002338  errno                         
2000233c  _running                      
ffffffff  __TI_pprof_out_hndl           
ffffffff  __TI_prof_data_size           
ffffffff  __TI_prof_data_start          
ffffffff  __binit__                     
ffffffff  __c_args__                    
ffffffff  binit                         
UNDEFED   __mpu_init                    
UNDEFED   _system_post_cinit            

[178 symbols]
