******************************************************************************
                  TI ARM Linker PC v20.2.7                     
******************************************************************************
>> Linked Tue Mar 26 18:10:22 2024

OUTPUT FILE NAME:   <Lab8.out>
ENTRY POINT SYMBOL: "_c_int00_noargs"  address: 000036a5


MEMORY CONFIGURATION

         name            origin    length      used     unused   attr    fill
----------------------  --------  ---------  --------  --------  ----  --------
  FLASH                 00000000   00040000  00003a28  0003c5d8  R  X
  SRAM                  20000000   00008000  000022ef  00005d11  RW X


SEGMENT ALLOCATION MAP

run origin  load origin   length   init length attrs members
----------  ----------- ---------- ----------- ----- -------
00000000    00000000    00003a28   00003a28    r-x
  00000000    00000000    0000026c   0000026c    r-- .intvecs
  0000026c    0000026c    00003658   00003658    r-x .text
  000038c4    000038c4    00000124   00000124    r-- .const
  000039e8    000039e8    00000040   00000040    r-- .cinit
20000000    20000000    000022f6   00000000    rw-
  20000000    20000000    0000026c   00000000    rw- .vtable
  20000270    20000270    00001000   00000000    rw- .stack
  20001270    20001270    00001000   00000000    rw- .sysmem
  20002270    20002270    00000071   00000000    rw- .bss
  200022e4    200022e4    00000012   00000000    rw- .data


SECTION ALLOCATION MAP

 output                                  attributes/
section   page    origin      length       input sections
--------  ----  ----------  ----------   ----------------
.intvecs   0    00000000    0000026c     
                  00000000    0000026c     tm4c123gh6pm_startup_ccs.obj (.intvecs)

.text      0    0000026c    00003658     
                  0000026c    00000a4e     rtsv7M4_T_le_v4SPD16_eabi.lib : _printfi.c.obj (.text:__TI_printfi)
                  00000cba    00000002                                   : div0.asm.obj (.text)
                  00000cbc    0000058c                                   : e_powf.c.obj (.text:powf)
                  00001248    00000328     lcd.obj (.text)
                  00001570    00000270     rtsv7M4_T_le_v4SPD16_eabi.lib : _printfi.c.obj (.text:_pconv_a)
                  000017e0    00000260     libcybotScan.lib : cyBot_Scan.obj (.text)
                  00001a40    00000248     Timer.obj (.text)
                  00001c88    000001f8     uart-interrupt.obj (.text)
                  00001e80    000001ec     libcybotScan.lib : ping.obj (.text)
                  0000206c    000001d0     rtsv7M4_T_le_v4SPD16_eabi.lib : _printfi.c.obj (.text:_pconv_g)
                  0000223c    000001b6                                   : fd_add_t2.asm.obj (.text)
                  000023f2    00000002     --HOLE-- [fill = 0]
                  000023f4    00000158     libcybotScan.lib : servo.obj (.text)
                  0000254c    0000013c     rtsv7M4_T_le_v4SPD16_eabi.lib : _printfi.c.obj (.text:_pconv_e)
                  00002688    00000136                                   : fd_div_t2.asm.obj (.text)
                  000027be    00000002     --HOLE-- [fill = 0]
                  000027c0    00000124                                   : _printfi.c.obj (.text:fcvt)
                  000028e4    0000011c     adc.obj (.text)
                  00002a00    00000118     libcybotScan.lib : ir.obj (.text)
                  00002b18    00000110     rtsv7M4_T_le_v4SPD16_eabi.lib : s_scalbn.c.obj (.text:scalbn)
                  00002c28    000000fc                                   : fd_mul_t2.asm.obj (.text)
                  00002d24    000000d0                                   : s_scalbnf.c.obj (.text:scalbnf)
                  00002df4    000000b1                                   : _printfi.c.obj (.text:_ltostr)
                  00002ea5    00000001     --HOLE-- [fill = 0]
                  00002ea6    0000009c                                   : memcpy_t2.asm.obj (.text)
                  00002f42    00000096                                   : ull_div_t2.asm.obj (.text)
                  00002fd8    00000088     button.obj (.text)
                  00003060    00000086     rtsv7M4_T_le_v4SPD16_eabi.lib : fd_cmp_t2.asm.obj (.text:__aeabi_cdcmple)
                  000030e6    00000086                                   : fd_cmp_t2.asm.obj (.text:__aeabi_cdrcmple)
                  0000316c    00000084     main.obj (.text)
                  000031f0    0000007a     rtsv7M4_T_le_v4SPD16_eabi.lib : memset_t2.asm.obj (.text)
                  0000326a    0000006e                                   : _printfi.c.obj (.text:_mcpy)
                  000032d8    00000068                                   : copy_decompress_lzss.c.obj (.text:decompress:lzss:__TI_decompress_lzss)
                  00003340    00000064                                   : s_frexp.c.obj (.text:frexp)
                  000033a4    00000056                                   : _printfi.c.obj (.text:_pconv_f)
                  000033fa    00000054                                   : _ltoa.c.obj (.text:__TI_ltoa)
                  0000344e    00000052                                   : _printfi.c.obj (.text:_ecpy)
                  000034a0    0000004c                                   : atoi.c.obj (.text:atoi)
                  000034ec    00000048                                   : fd_toi_t2.asm.obj (.text)
                  00003534    00000044                                   : autoinit.c.obj (.text:__TI_auto_init_nobinit_nopinit:__TI_auto_init_nobinit_nopinit)
                  00003578    00000040                                   : sprintf.c.obj (.text:sprintf)
                  000035b8    00000040                                   : vsnprintf.c.obj (.text:vsnprintf)
                  000035f8    0000003e                                   : _printfi.c.obj (.text:_fcpy)
                  00003636    00000038                                   : fs_tod_t2.asm.obj (.text)
                  0000366e    00000002     --HOLE-- [fill = 0]
                  00003670    00000034     driverlib.lib : interrupt.obj (.text:IntRegister)
                  000036a4    00000034     rtsv7M4_T_le_v4SPD16_eabi.lib : boot_cortex_m.c.obj (.text:_c_int00_noargs:_c_int00_noargs)
                  000036d8    00000030                                   : vsnprintf.c.obj (.text:_outs)
                  00003708    0000002e                                   : i_tofd_t2.asm.obj (.text)
                  00003736    00000002     --HOLE-- [fill = 0]
                  00003738    00000028                                   : e_sqrtf.c.obj (.text:sqrtf)
                  00003760    0000001c                                   : copy_zero_init.c.obj (.text:decompress:ZI:__TI_zero_init_nomemset:__TI_zero_init_nomemset)
                  0000377c    0000001c                                   : memccpy.c.obj (.text:memccpy)
                  00003798    0000001a                                   : s_copysign.c.obj (.text:copysign)
                  000037b2    00000018                                   : vsnprintf.c.obj (.text:_outc)
                  000037ca    00000018                                   : sprintf.c.obj (.text:_outs)
                  000037e2    00000018                                   : s_copysignf.c.obj (.text:copysignf)
                  000037fa    00000018                                   : strcmp.c.obj (.text:strcmp)
                  00003812    00000016                                   : strchr.c.obj (.text:strchr)
                  00003828    00000014                                   : strcpy.c.obj (.text:strcpy)
                  0000383c    00000014                                   : strlen.c.obj (.text:strlen)
                  00003850    00000012                                   : wcslen.c.obj (.text:wcslen)
                  00003862    00000010     driverlib.lib : interrupt.obj (.text:IntMasterEnable)
                  00003872    00000010     lcd.obj (.text:lcd_clear)
                  00003882    0000000e     rtsv7M4_T_le_v4SPD16_eabi.lib : copy_decompress_none.c.obj (.text:decompress:none:__TI_decompress_none)
                  00003890    0000000c     driverlib.lib : cpu.obj (.text:CPUcpsie)
                  0000389c    0000000c     tm4c123gh6pm_startup_ccs.obj (.text)
                  000038a8    0000000a     rtsv7M4_T_le_v4SPD16_eabi.lib : sprintf.c.obj (.text:_outc)
                  000038b2    00000002     --HOLE-- [fill = 0]
                  000038b4    00000008                                   : errno.c.obj (.text:__aeabi_errno_addr)
                  000038bc    00000004                                   : pre_init.c.obj (.text:_system_pre_init)
                  000038c0    00000004                                   : exit.c.obj (.text:abort:abort)

.const     0    000038c4    00000124     
                  000038c4    00000101     rtsv7M4_T_le_v4SPD16_eabi.lib : ctype.c.obj (.const:.string:_ctypes_)
                  000039c5    00000003     --HOLE-- [fill = 0]
                  000039c8    00000018                                   : e_powf.c.obj (.const:$O1$$)
                  000039e0    00000004     lcd.obj (.const:.string:lineAddress$1)
                  000039e4    00000004     lcd.obj (.const:.string:lineAddresses$2)

.cinit     0    000039e8    00000040     
                  000039e8    0000000c     (__TI_handler_table)
                  000039f4    0000000b     (.cinit..data.load) [load image, compression = lzss]
                  000039ff    00000001     --HOLE-- [fill = 0]
                  00003a00    00000008     (.cinit..bss.load) [load image, compression = zero_init]
                  00003a08    00000008     (.cinit..vtable.load) [load image, compression = zero_init]
                  00003a10    00000018     (__TI_cinit_table)

.init_array 
*          0    00000000    00000000     UNINITIALIZED

.vtable    0    20000000    0000026c     UNINITIALIZED
                  20000000    0000026c     driverlib.lib : interrupt.obj (.vtable)

.stack     0    20000270    00001000     UNINITIALIZED
                  20000270    00000004     rtsv7M4_T_le_v4SPD16_eabi.lib : boot_cortex_m.c.obj (.stack)
                  20000274    00000ffc     --HOLE--

.sysmem    0    20001270    00001000     UNINITIALIZED
                  20001270    00000010     rtsv7M4_T_le_v4SPD16_eabi.lib : memory.c.obj (.sysmem)
                  20001280    00000ff0     --HOLE--

.bss       0    20002270    00000071     UNINITIALIZED
                  20002270    00000054     lcd.obj (.bss:lastbuffer$3)
                  200022c4    00000004     (.common:_timeout_ticks)
                  200022c8    00000004     (.common:fallingEdge)
                  200022cc    00000004     (.common:isr_int_value)
                  200022d0    00000004     (.common:left_calibration_value)
                  200022d4    00000004     (.common:pulseLength)
                  200022d8    00000004     (.common:right_calibration_value)
                  200022dc    00000004     (.common:risingEdge)
                  200022e0    00000001     (.common:isRisingEdge)

.data      0    200022e4    00000012     UNINITIALIZED
                  200022e4    00000008     uart-interrupt.obj (.data)
                  200022ec    00000004     libcybotScan.lib : cyBot_Scan.obj (.data)
                  200022f0    00000004     rtsv7M4_T_le_v4SPD16_eabi.lib : errno.c.obj (.data)
                  200022f4    00000001     Timer.obj (.data)
                  200022f5    00000001     button.obj (.data)

__llvm_prf_cnts 
*          0    20000000    00000000     UNINITIALIZED

MODULE SUMMARY

       Module                         code    ro data   rw data
       ------                         ----    -------   -------
    .\
       lcd.obj                        824     8         84     
       tm4c123gh6pm_startup_ccs.obj   12      620       0      
       Timer.obj                      584     0         5      
       uart-interrupt.obj             504     0         8      
       adc.obj                        284     0         0      
       main.obj                       132     0         8      
       button.obj                     136     0         1      
    +--+------------------------------+-------+---------+---------+
       Total:                         2476    628       106    
                                                               
    ../libcybotScan.lib
       cyBot_Scan.obj                 608     0         4      
       ping.obj                       492     0         13     
       servo.obj                      344     0         0      
       ir.obj                         280     0         4      
    +--+------------------------------+-------+---------+---------+
       Total:                         1724    0         21     
                                                               
    C:/ti/TivaWare_C_Series-2.2.0.295/driverlib/ccs/Debug/driverlib.lib
       interrupt.obj                  68      0         620    
       cpu.obj                        12      0         0      
    +--+------------------------------+-------+---------+---------+
       Total:                         80      0         620    
                                                               
    C:\ti\ccs1230\ccs\tools\compiler\ti-cgt-arm_20.2.7.LTS\lib\rtsv7M4_T_le_v4SPD16_eabi.lib
       _printfi.c.obj                 4851    0         0      
       e_powf.c.obj                   1420    24        0      
       fd_add_t2.asm.obj              438     0         0      
       fd_div_t2.asm.obj              310     0         0      
       s_scalbn.c.obj                 272     0         0      
       fd_cmp_t2.asm.obj              268     0         0      
       ctype.c.obj                    0       257       0      
       fd_mul_t2.asm.obj              252     0         0      
       s_scalbnf.c.obj                208     0         0      
       memcpy_t2.asm.obj              156     0         0      
       ull_div_t2.asm.obj             150     0         0      
       vsnprintf.c.obj                136     0         0      
       memset_t2.asm.obj              122     0         0      
       copy_decompress_lzss.c.obj     104     0         0      
       s_frexp.c.obj                  100     0         0      
       sprintf.c.obj                  98      0         0      
       _ltoa.c.obj                    84      0         0      
       atoi.c.obj                     76      0         0      
       fd_toi_t2.asm.obj              72      0         0      
       autoinit.c.obj                 68      0         0      
       fs_tod_t2.asm.obj              56      0         0      
       boot_cortex_m.c.obj            52      0         0      
       i_tofd_t2.asm.obj              46      0         0      
       e_sqrtf.c.obj                  40      0         0      
       copy_zero_init.c.obj           28      0         0      
       memccpy.c.obj                  28      0         0      
       s_copysign.c.obj               26      0         0      
       s_copysignf.c.obj              24      0         0      
       strcmp.c.obj                   24      0         0      
       strchr.c.obj                   22      0         0      
       strcpy.c.obj                   20      0         0      
       strlen.c.obj                   20      0         0      
       wcslen.c.obj                   18      0         0      
       copy_decompress_none.c.obj     14      0         0      
       errno.c.obj                    8       0         4      
       exit.c.obj                     4       0         0      
       pre_init.c.obj                 4       0         0      
       div0.asm.obj                   2       0         0      
    +--+------------------------------+-------+---------+---------+
       Total:                         9621    281       4      
                                                               
       Heap:                          0       0         4096   
       Stack:                         0       0         4096   
       Linker Generated:              0       63        0      
    +--+------------------------------+-------+---------+---------+
       Grand Total:                   13901   972       8943   


LINKER GENERATED COPY TABLES

__TI_cinit_table @ 00003a10 records: 3, size/record: 8, table size: 24
	.data: load addr=000039f4, load size=0000000b bytes, run addr=200022e4, run size=00000012 bytes, compression=lzss
	.bss: load addr=00003a00, load size=00000008 bytes, run addr=20002270, run size=00000071 bytes, compression=zero_init
	.vtable: load addr=00003a08, load size=00000008 bytes, run addr=20000000, run size=0000026c bytes, compression=zero_init


LINKER GENERATED HANDLER TABLE

__TI_handler_table @ 000039e8 records: 3, size/record: 4, table size: 12
	index: 0, handler: __TI_zero_init
	index: 1, handler: __TI_decompress_lzss
	index: 2, handler: __TI_decompress_none


GLOBAL SYMBOLS: SORTED ALPHABETICALLY BY Name 

address   name                          
-------   ----                          
00002a99  ADC0SS0_Handler               
000038c1  C$$EXIT                       
00003891  CPUcpsie                      
00003863  IntMasterEnable               
00003671  IntRegister                   
0000389d  ResetISR                      
00001f71  TIMER3B_Handler               
00001ddb  UART1_Handler                 
20001270  __STACK_END                   
00001000  __STACK_SIZE                  
20000470  __STACK_TOP                   
00001000  __SYSMEM_SIZE                 
00003a10  __TI_CINIT_Base               
00003a28  __TI_CINIT_Limit              
000039e8  __TI_Handler_Table_Base       
000039f4  __TI_Handler_Table_Limit      
00003535  __TI_auto_init_nobinit_nopinit
000032d9  __TI_decompress_lzss          
00003883  __TI_decompress_none          
000033fb  __TI_ltoa                     
ffffffff  __TI_pprof_out_hndl           
0000026d  __TI_printfi                  
ffffffff  __TI_prof_data_size           
ffffffff  __TI_prof_data_start          
00000000  __TI_static_base__            
00003761  __TI_zero_init_nomemset       
00003061  __aeabi_cdcmpeq               
00003061  __aeabi_cdcmple               
000030e7  __aeabi_cdrcmple              
000034ed  __aeabi_d2iz                  
00002247  __aeabi_dadd                  
00002689  __aeabi_ddiv                  
00002c29  __aeabi_dmul                  
0000223d  __aeabi_dsub                  
000038b5  __aeabi_errno_addr            
00003637  __aeabi_f2d                   
00003709  __aeabi_i2d                   
00000cbb  __aeabi_idiv0                 
00000cbb  __aeabi_ldiv0                 
000031f1  __aeabi_memclr                
000031f1  __aeabi_memclr4               
000031f1  __aeabi_memclr8               
00002ea7  __aeabi_memcpy                
00002ea7  __aeabi_memcpy4               
00002ea7  __aeabi_memcpy8               
000031f3  __aeabi_memset                
000031f3  __aeabi_memset4               
000031f3  __aeabi_memset8               
00002f43  __aeabi_uldivmod              
ffffffff  __binit__                     
ffffffff  __c_args__                    
UNDEFED   __mpu_init                    
20000270  __stack                       
20000000  __start___llvm_prf_cnts       
20000000  __stop___llvm_prf_cnts        
000036a5  _c_int00_noargs               
000038c4  _ctypes_                      
200022f4  _running                      
20001270  _sys_memory                   
UNDEFED   _system_post_cinit            
000038bd  _system_pre_init              
200022c4  _timeout_ticks                
000038c1  abort                         
000028e5  adc_init                      
0000295b  adc_read                      
00002989  adc_read_avg                  
000034a1  atoi                          
ffffffff  binit                         
00003013  button_getButton              
00002fd9  button_init                   
200022e4  command_byte                  
200022e8  command_flag                  
00003799  copysign                      
000037e3  copysignf                     
00003799  copysignl                     
000018b9  cyBOT_SERVO_cal               
00001847  cyBOT_Scan                    
000017ef  cyBOT_init_Scan               
200022ec  cyBOT_scan_features           
000017e1  cyBOT_scan_version            
200022f0  errno                         
200022c8  fallingEdge                   
00003341  frexp                         
00003341  frexpl                        
20000000  g_pfnRAMVectors               
00000000  g_pfnVectors                  
00002aaf  ir_enableInterrupt            
00002a91  ir_getDistance                
00002a69  ir_getValue                   
00002a01  ir_init                       
200022e0  isRisingEdge                  
200022cc  isr_int_value                 
00003873  lcd_clear                     
0000141d  lcd_gotoLine                  
00001285  lcd_init                      
00001483  lcd_printf                    
00001345  lcd_putc                      
0000137d  lcd_puts                      
00001249  lcd_reverseNibble             
0000139b  lcd_sendCommand               
000013d9  lcd_sendNibble                
00001445  lcd_setCursorPos              
00002b19  ldexp                         
00002d25  ldexpf                        
00002b19  ldexpl                        
200022d0  left_calibration_value        
0000316d  main                          
0000377d  memccpy                       
00002ea7  memcpy                        
000031f9  memset                        
00001fc3  ping_getDistance              
00001e81  ping_init                     
00001f07  ping_trigger                  
00000cbd  powf                          
200022d4  pulseLength                   
200022d8  right_calibration_value       
200022dc  risingEdge                    
00002b19  scalbn                        
00002d25  scalbnf                       
00002b19  scalbnl                       
000023f5  servo_init                    
00002485  servo_move                    
000024e5  servo_setPWM                  
00002479  servo_stop                    
00003579  sprintf                       
00003739  sqrtf                         
00003813  strchr                        
000037fb  strcmp                        
00003829  strcpy                        
0000383d  strlen                        
00001b5f  timer_getMicros               
00001b07  timer_getMillis               
00001a41  timer_init                    
00001ae3  timer_pause                   
00001af5  timer_resume                  
00001ab9  timer_stop                    
00001bb9  timer_waitMicros              
00001beb  timer_waitMillis              
00001c89  uart_interrupt_init           
00001d69  uart_receive                  
00001d9d  uart_receive_nonblocking      
00001d4d  uart_sendChar                 
00001dbd  uart_sendStr                  
000035b9  vsnprintf                     
00003851  wcslen                        


GLOBAL SYMBOLS: SORTED BY Symbol Address 

address   name                          
-------   ----                          
00000000  __TI_static_base__            
00000000  g_pfnVectors                  
0000026d  __TI_printfi                  
00000cbb  __aeabi_idiv0                 
00000cbb  __aeabi_ldiv0                 
00000cbd  powf                          
00001000  __STACK_SIZE                  
00001000  __SYSMEM_SIZE                 
00001249  lcd_reverseNibble             
00001285  lcd_init                      
00001345  lcd_putc                      
0000137d  lcd_puts                      
0000139b  lcd_sendCommand               
000013d9  lcd_sendNibble                
0000141d  lcd_gotoLine                  
00001445  lcd_setCursorPos              
00001483  lcd_printf                    
000017e1  cyBOT_scan_version            
000017ef  cyBOT_init_Scan               
00001847  cyBOT_Scan                    
000018b9  cyBOT_SERVO_cal               
00001a41  timer_init                    
00001ab9  timer_stop                    
00001ae3  timer_pause                   
00001af5  timer_resume                  
00001b07  timer_getMillis               
00001b5f  timer_getMicros               
00001bb9  timer_waitMicros              
00001beb  timer_waitMillis              
00001c89  uart_interrupt_init           
00001d4d  uart_sendChar                 
00001d69  uart_receive                  
00001d9d  uart_receive_nonblocking      
00001dbd  uart_sendStr                  
00001ddb  UART1_Handler                 
00001e81  ping_init                     
00001f07  ping_trigger                  
00001f71  TIMER3B_Handler               
00001fc3  ping_getDistance              
0000223d  __aeabi_dsub                  
00002247  __aeabi_dadd                  
000023f5  servo_init                    
00002479  servo_stop                    
00002485  servo_move                    
000024e5  servo_setPWM                  
00002689  __aeabi_ddiv                  
000028e5  adc_init                      
0000295b  adc_read                      
00002989  adc_read_avg                  
00002a01  ir_init                       
00002a69  ir_getValue                   
00002a91  ir_getDistance                
00002a99  ADC0SS0_Handler               
00002aaf  ir_enableInterrupt            
00002b19  ldexp                         
00002b19  ldexpl                        
00002b19  scalbn                        
00002b19  scalbnl                       
00002c29  __aeabi_dmul                  
00002d25  ldexpf                        
00002d25  scalbnf                       
00002ea7  __aeabi_memcpy                
00002ea7  __aeabi_memcpy4               
00002ea7  __aeabi_memcpy8               
00002ea7  memcpy                        
00002f43  __aeabi_uldivmod              
00002fd9  button_init                   
00003013  button_getButton              
00003061  __aeabi_cdcmpeq               
00003061  __aeabi_cdcmple               
000030e7  __aeabi_cdrcmple              
0000316d  main                          
000031f1  __aeabi_memclr                
000031f1  __aeabi_memclr4               
000031f1  __aeabi_memclr8               
000031f3  __aeabi_memset                
000031f3  __aeabi_memset4               
000031f3  __aeabi_memset8               
000031f9  memset                        
000032d9  __TI_decompress_lzss          
00003341  frexp                         
00003341  frexpl                        
000033fb  __TI_ltoa                     
000034a1  atoi                          
000034ed  __aeabi_d2iz                  
00003535  __TI_auto_init_nobinit_nopinit
00003579  sprintf                       
000035b9  vsnprintf                     
00003637  __aeabi_f2d                   
00003671  IntRegister                   
000036a5  _c_int00_noargs               
00003709  __aeabi_i2d                   
00003739  sqrtf                         
00003761  __TI_zero_init_nomemset       
0000377d  memccpy                       
00003799  copysign                      
00003799  copysignl                     
000037e3  copysignf                     
000037fb  strcmp                        
00003813  strchr                        
00003829  strcpy                        
0000383d  strlen                        
00003851  wcslen                        
00003863  IntMasterEnable               
00003873  lcd_clear                     
00003883  __TI_decompress_none          
00003891  CPUcpsie                      
0000389d  ResetISR                      
000038b5  __aeabi_errno_addr            
000038bd  _system_pre_init              
000038c1  C$$EXIT                       
000038c1  abort                         
000038c4  _ctypes_                      
000039e8  __TI_Handler_Table_Base       
000039f4  __TI_Handler_Table_Limit      
00003a10  __TI_CINIT_Base               
00003a28  __TI_CINIT_Limit              
20000000  __start___llvm_prf_cnts       
20000000  __stop___llvm_prf_cnts        
20000000  g_pfnRAMVectors               
20000270  __stack                       
20000470  __STACK_TOP                   
20001270  __STACK_END                   
20001270  _sys_memory                   
200022c4  _timeout_ticks                
200022c8  fallingEdge                   
200022cc  isr_int_value                 
200022d0  left_calibration_value        
200022d4  pulseLength                   
200022d8  right_calibration_value       
200022dc  risingEdge                    
200022e0  isRisingEdge                  
200022e4  command_byte                  
200022e8  command_flag                  
200022ec  cyBOT_scan_features           
200022f0  errno                         
200022f4  _running                      
ffffffff  __TI_pprof_out_hndl           
ffffffff  __TI_prof_data_size           
ffffffff  __TI_prof_data_start          
ffffffff  __binit__                     
ffffffff  __c_args__                    
ffffffff  binit                         
UNDEFED   __mpu_init                    
UNDEFED   _system_post_cinit            

[145 symbols]
