******************************************************************************
                  TI ARM Linker PC v20.2.7                     
******************************************************************************
>> Linked Tue Apr  2 18:03:50 2024

OUTPUT FILE NAME:   <Lab9.out>
ENTRY POINT SYMBOL: "_c_int00_noargs"  address: 000028f1


MEMORY CONFIGURATION

         name            origin    length      used     unused   attr    fill
----------------------  --------  ---------  --------  --------  ----  --------
  FLASH                 00000000   00040000  00002c65  0003d39b  R  X
  SRAM                  20000000   00008000  000022d9  00005d27  RW X


SEGMENT ALLOCATION MAP

run origin  load origin   length   init length attrs members
----------  ----------- ---------- ----------- ----- -------
00000000    00000000    00002c68   00002c68    r-x
  00000000    00000000    0000026c   0000026c    r-- .intvecs
  0000026c    0000026c    000028b0   000028b0    r-x .text
  00002b1c    00002b1c    00000109   00000109    r-- .const
  00002c28    00002c28    00000040   00000040    r-- .cinit
20000000    20000000    000022dd   00000000    rw-
  20000000    20000000    0000026c   00000000    rw- .vtable
  20000270    20000270    00001000   00000000    rw- .stack
  20001270    20001270    00001000   00000000    rw- .sysmem
  20002270    20002270    00000058   00000000    rw- .bss
  200022c8    200022c8    00000015   00000000    rw- .data


SECTION ALLOCATION MAP

 output                                  attributes/
section   page    origin      length       input sections
--------  ----  ----------  ----------   ----------------
.intvecs   0    00000000    0000026c     
                  00000000    0000026c     tm4c123gh6pm_startup_ccs.obj (.intvecs)

.text      0    0000026c    000028b0     
                  0000026c    00000a4e     rtsv7M4_T_le_v4SPD16_eabi.lib : _printfi.c.obj (.text:__TI_printfi)
                  00000cba    00000002                                   : div0.asm.obj (.text)
                  00000cbc    00000328     lcd.obj (.text)
                  00000fe4    00000314     ping_template.obj (.text)
                  000012f8    00000270     rtsv7M4_T_le_v4SPD16_eabi.lib : _printfi.c.obj (.text:_pconv_a)
                  00001568    00000248     Timer.obj (.text)
                  000017b0    000001d0     rtsv7M4_T_le_v4SPD16_eabi.lib : _printfi.c.obj (.text:_pconv_g)
                  00001980    000001b6                                   : fd_add_t2.asm.obj (.text)
                  00001b36    00000002     --HOLE-- [fill = 0]
                  00001b38    0000013c                                   : _printfi.c.obj (.text:_pconv_e)
                  00001c74    00000136                                   : fd_div_t2.asm.obj (.text)
                  00001daa    00000002     --HOLE-- [fill = 0]
                  00001dac    00000124                                   : _printfi.c.obj (.text:fcvt)
                  00001ed0    00000110                                   : s_scalbn.c.obj (.text:scalbn)
                  00001fe0    000000fc                                   : fd_mul_t2.asm.obj (.text)
                  000020dc    000000b1                                   : _printfi.c.obj (.text:_ltostr)
                  0000218d    00000001     --HOLE-- [fill = 0]
                  0000218e    0000009c                                   : memcpy_t2.asm.obj (.text)
                  0000222a    00000096                                   : ull_div_t2.asm.obj (.text)
                  000022c0    00000086                                   : fd_cmp_t2.asm.obj (.text:__aeabi_cdcmple)
                  00002346    00000086                                   : fd_cmp_t2.asm.obj (.text:__aeabi_cdrcmple)
                  000023cc    0000007a                                   : memset_t2.asm.obj (.text)
                  00002446    0000006e                                   : _printfi.c.obj (.text:_mcpy)
                  000024b4    0000006e                                   : fd_tos_t2.asm.obj (.text)
                  00002522    00000068                                   : copy_decompress_lzss.c.obj (.text:decompress:lzss:__TI_decompress_lzss)
                  0000258a    00000002     --HOLE-- [fill = 0]
                  0000258c    00000064                                   : s_frexp.c.obj (.text:frexp)
                  000025f0    00000056                                   : _printfi.c.obj (.text:_pconv_f)
                  00002646    00000054                                   : _ltoa.c.obj (.text:__TI_ltoa)
                  0000269a    00000052                                   : _printfi.c.obj (.text:_ecpy)
                  000026ec    0000004c                                   : atoi.c.obj (.text:atoi)
                  00002738    00000048                                   : fd_toi_t2.asm.obj (.text)
                  00002780    00000044                                   : autoinit.c.obj (.text:__TI_auto_init_nobinit_nopinit:__TI_auto_init_nobinit_nopinit)
                  000027c4    00000040                                   : sprintf.c.obj (.text:sprintf)
                  00002804    00000040                                   : vsnprintf.c.obj (.text:vsnprintf)
                  00002844    0000003e                                   : _printfi.c.obj (.text:_fcpy)
                  00002882    00000038                                   : fs_tod_t2.asm.obj (.text)
                  000028ba    00000002     --HOLE-- [fill = 0]
                  000028bc    00000034     driverlib.lib : interrupt.obj (.text:IntRegister)
                  000028f0    00000034     rtsv7M4_T_le_v4SPD16_eabi.lib : boot_cortex_m.c.obj (.text:_c_int00_noargs:_c_int00_noargs)
                  00002924    00000030                                   : vsnprintf.c.obj (.text:_outs)
                  00002954    0000002e                                   : i_tofd_t2.asm.obj (.text)
                  00002982    00000002     --HOLE-- [fill = 0]
                  00002984    0000002c     main.obj (.text)
                  000029b0    00000020     rtsv7M4_T_le_v4SPD16_eabi.lib : u_tofd_t2.asm.obj (.text)
                  000029d0    0000001c                                   : copy_zero_init.c.obj (.text:decompress:ZI:__TI_zero_init_nomemset:__TI_zero_init_nomemset)
                  000029ec    0000001c                                   : memccpy.c.obj (.text:memccpy)
                  00002a08    0000001a                                   : s_copysign.c.obj (.text:copysign)
                  00002a22    00000018                                   : vsnprintf.c.obj (.text:_outc)
                  00002a3a    00000018                                   : sprintf.c.obj (.text:_outs)
                  00002a52    00000018                                   : strcmp.c.obj (.text:strcmp)
                  00002a6a    00000016                                   : strchr.c.obj (.text:strchr)
                  00002a80    00000014                                   : strcpy.c.obj (.text:strcpy)
                  00002a94    00000014                                   : strlen.c.obj (.text:strlen)
                  00002aa8    00000012                                   : wcslen.c.obj (.text:wcslen)
                  00002aba    00000010     driverlib.lib : interrupt.obj (.text:IntMasterEnable)
                  00002aca    00000010     lcd.obj (.text:lcd_clear)
                  00002ada    0000000e     rtsv7M4_T_le_v4SPD16_eabi.lib : copy_decompress_none.c.obj (.text:decompress:none:__TI_decompress_none)
                  00002ae8    0000000c     driverlib.lib : cpu.obj (.text:CPUcpsie)
                  00002af4    0000000c     tm4c123gh6pm_startup_ccs.obj (.text)
                  00002b00    0000000a     rtsv7M4_T_le_v4SPD16_eabi.lib : sprintf.c.obj (.text:_outc)
                  00002b0a    00000002     --HOLE-- [fill = 0]
                  00002b0c    00000008                                   : errno.c.obj (.text:__aeabi_errno_addr)
                  00002b14    00000004                                   : pre_init.c.obj (.text:_system_pre_init)
                  00002b18    00000004                                   : exit.c.obj (.text:abort:abort)

.const     0    00002b1c    00000109     
                  00002b1c    00000101     rtsv7M4_T_le_v4SPD16_eabi.lib : ctype.c.obj (.const:.string:_ctypes_)
                  00002c1d    00000004     lcd.obj (.const:.string:lineAddress$1)
                  00002c21    00000004     lcd.obj (.const:.string:lineAddresses$2)

.cinit     0    00002c28    00000040     
                  00002c28    0000000c     (.cinit..data.load) [load image, compression = lzss]
                  00002c34    0000000c     (__TI_handler_table)
                  00002c40    00000008     (.cinit..bss.load) [load image, compression = zero_init]
                  00002c48    00000008     (.cinit..vtable.load) [load image, compression = zero_init]
                  00002c50    00000018     (__TI_cinit_table)

.init_array 
*          0    00000000    00000000     UNINITIALIZED

.vtable    0    20000000    0000026c     UNINITIALIZED
                  20000000    0000026c     driverlib.lib : interrupt.obj (.vtable)

.stack     0    20000270    00001000     UNINITIALIZED
                  20000270    00000004     rtsv7M4_T_le_v4SPD16_eabi.lib : boot_cortex_m.c.obj (.stack)
                  20000274    00000ffc     --HOLE--

.sysmem    0    20001270    00001000     UNINITIALIZED
                  20001270    00000010     rtsv7M4_T_le_v4SPD16_eabi.lib : memory.c.obj (.sysmem)
                  20001280    00000ff0     --HOLE--

.bss       0    20002270    00000058     UNINITIALIZED
                  20002270    00000054     lcd.obj (.bss:lastbuffer$3)
                  200022c4    00000004     (.common:_timeout_ticks)

.data      0    200022c8    00000015     UNINITIALIZED
                  200022c8    00000010     ping_template.obj (.data)
                  200022d8    00000004     rtsv7M4_T_le_v4SPD16_eabi.lib : errno.c.obj (.data)
                  200022dc    00000001     Timer.obj (.data)

__llvm_prf_cnts 
*          0    20000000    00000000     UNINITIALIZED

MODULE SUMMARY

       Module                         code    ro data   rw data
       ------                         ----    -------   -------
    .\
       lcd.obj                        824     8         84     
       ping_template.obj              788     0         16     
       tm4c123gh6pm_startup_ccs.obj   12      620       0      
       Timer.obj                      584     0         5      
       main.obj                       44      0         0      
    +--+------------------------------+-------+---------+---------+
       Total:                         2252    628       105    
                                                               
    C:/ti/TivaWare_C_Series-2.2.0.295/driverlib/ccs/Debug/driverlib.lib
       interrupt.obj                  68      0         620    
       cpu.obj                        12      0         0      
    +--+------------------------------+-------+---------+---------+
       Total:                         80      0         620    
                                                               
    C:\ti\ccs1230\ccs\tools\compiler\ti-cgt-arm_20.2.7.LTS\lib\rtsv7M4_T_le_v4SPD16_eabi.lib
       _printfi.c.obj                 4851    0         0      
       fd_add_t2.asm.obj              438     0         0      
       fd_div_t2.asm.obj              310     0         0      
       s_scalbn.c.obj                 272     0         0      
       fd_cmp_t2.asm.obj              268     0         0      
       ctype.c.obj                    0       257       0      
       fd_mul_t2.asm.obj              252     0         0      
       memcpy_t2.asm.obj              156     0         0      
       ull_div_t2.asm.obj             150     0         0      
       vsnprintf.c.obj                136     0         0      
       memset_t2.asm.obj              122     0         0      
       fd_tos_t2.asm.obj              110     0         0      
       copy_decompress_lzss.c.obj     104     0         0      
       s_frexp.c.obj                  100     0         0      
       sprintf.c.obj                  98      0         0      
       _ltoa.c.obj                    84      0         0      
       atoi.c.obj                     76      0         0      
       fd_toi_t2.asm.obj              72      0         0      
       autoinit.c.obj                 68      0         0      
       fs_tod_t2.asm.obj              56      0         0      
       boot_cortex_m.c.obj            52      0         0      
       i_tofd_t2.asm.obj              46      0         0      
       u_tofd_t2.asm.obj              32      0         0      
       copy_zero_init.c.obj           28      0         0      
       memccpy.c.obj                  28      0         0      
       s_copysign.c.obj               26      0         0      
       strcmp.c.obj                   24      0         0      
       strchr.c.obj                   22      0         0      
       strcpy.c.obj                   20      0         0      
       strlen.c.obj                   20      0         0      
       wcslen.c.obj                   18      0         0      
       copy_decompress_none.c.obj     14      0         0      
       errno.c.obj                    8       0         4      
       exit.c.obj                     4       0         0      
       pre_init.c.obj                 4       0         0      
       div0.asm.obj                   2       0         0      
    +--+------------------------------+-------+---------+---------+
       Total:                         8071    257       4      
                                                               
       Heap:                          0       0         4096   
       Stack:                         0       0         4096   
       Linker Generated:              0       64        0      
    +--+------------------------------+-------+---------+---------+
       Grand Total:                   10403   949       8921   


LINKER GENERATED COPY TABLES

__TI_cinit_table @ 00002c50 records: 3, size/record: 8, table size: 24
	.data: load addr=00002c28, load size=0000000c bytes, run addr=200022c8, run size=00000015 bytes, compression=lzss
	.bss: load addr=00002c40, load size=00000008 bytes, run addr=20002270, run size=00000058 bytes, compression=zero_init
	.vtable: load addr=00002c48, load size=00000008 bytes, run addr=20000000, run size=0000026c bytes, compression=zero_init


LINKER GENERATED HANDLER TABLE

__TI_handler_table @ 00002c34 records: 3, size/record: 4, table size: 12
	index: 0, handler: __TI_zero_init
	index: 1, handler: __TI_decompress_lzss
	index: 2, handler: __TI_decompress_none


GLOBAL SYMBOLS: SORTED ALPHABETICALLY BY Name 

address   name                          
-------   ----                          
00002b19  C$$EXIT                       
00002ae9  CPUcpsie                      
200022cc  END_TIME                      
00002abb  IntMasterEnable               
000028bd  IntRegister                   
00002af5  ResetISR                      
200022c8  START_TIME                    
200022d0  STATE                         
0000111d  TIMER3B_Handler               
20001270  __STACK_END                   
00001000  __STACK_SIZE                  
20000470  __STACK_TOP                   
00001000  __SYSMEM_SIZE                 
00002c50  __TI_CINIT_Base               
00002c68  __TI_CINIT_Limit              
00002c34  __TI_Handler_Table_Base       
00002c40  __TI_Handler_Table_Limit      
00002781  __TI_auto_init_nobinit_nopinit
00002523  __TI_decompress_lzss          
00002adb  __TI_decompress_none          
00002647  __TI_ltoa                     
ffffffff  __TI_pprof_out_hndl           
0000026d  __TI_printfi                  
ffffffff  __TI_prof_data_size           
ffffffff  __TI_prof_data_start          
00000000  __TI_static_base__            
000029d1  __TI_zero_init_nomemset       
000022c1  __aeabi_cdcmpeq               
000022c1  __aeabi_cdcmple               
00002347  __aeabi_cdrcmple              
000024b5  __aeabi_d2f                   
00002739  __aeabi_d2iz                  
0000198b  __aeabi_dadd                  
00001c75  __aeabi_ddiv                  
00001fe1  __aeabi_dmul                  
00001981  __aeabi_dsub                  
00002b0d  __aeabi_errno_addr            
00002883  __aeabi_f2d                   
00002955  __aeabi_i2d                   
00000cbb  __aeabi_idiv0                 
00000cbb  __aeabi_ldiv0                 
000023cd  __aeabi_memclr                
000023cd  __aeabi_memclr4               
000023cd  __aeabi_memclr8               
0000218f  __aeabi_memcpy                
0000218f  __aeabi_memcpy4               
0000218f  __aeabi_memcpy8               
000023cf  __aeabi_memset                
000023cf  __aeabi_memset4               
000023cf  __aeabi_memset8               
000029b1  __aeabi_ui2d                  
0000222b  __aeabi_uldivmod              
ffffffff  __binit__                     
ffffffff  __c_args__                    
UNDEFED   __mpu_init                    
20000270  __stack                       
20000000  __start___llvm_prf_cnts       
20000000  __stop___llvm_prf_cnts        
000028f1  _c_int00_noargs               
00002b1c  _ctypes_                      
200022dc  _running                      
20001270  _sys_memory                   
UNDEFED   _system_post_cinit            
00002b15  _system_pre_init              
200022c4  _timeout_ticks                
00002b19  abort                         
000026ed  atoi                          
ffffffff  binit                         
00002a09  copysign                      
00002a09  copysignl                     
200022d8  errno                         
0000258d  frexp                         
0000258d  frexpl                        
20000000  g_pfnRAMVectors               
00000000  g_pfnVectors                  
00002acb  lcd_clear                     
00000e91  lcd_gotoLine                  
00000cf9  lcd_init                      
00000ef7  lcd_printf                    
00000db9  lcd_putc                      
00000df1  lcd_puts                      
00000cbd  lcd_reverseNibble             
00000e0f  lcd_sendCommand               
00000e4d  lcd_sendNibble                
00000eb9  lcd_setCursorPos              
00001ed1  ldexp                         
00001ed1  ldexpl                        
00002985  main                          
000029ed  memccpy                       
0000218f  memcpy                        
000023d5  memset                        
200022d4  overflow_cnt                  
0000115d  ping_getDistance              
00000fe5  ping_init                     
00001091  ping_trigger                  
00001ed1  scalbn                        
00001ed1  scalbnl                       
000027c5  sprintf                       
00002a6b  strchr                        
00002a53  strcmp                        
00002a81  strcpy                        
00002a95  strlen                        
00001687  timer_getMicros               
0000162f  timer_getMillis               
00001569  timer_init                    
0000160b  timer_pause                   
0000161d  timer_resume                  
000015e1  timer_stop                    
000016e1  timer_waitMicros              
00001713  timer_waitMillis              
00002805  vsnprintf                     
00002aa9  wcslen                        


GLOBAL SYMBOLS: SORTED BY Symbol Address 

address   name                          
-------   ----                          
00000000  __TI_static_base__            
00000000  g_pfnVectors                  
0000026d  __TI_printfi                  
00000cbb  __aeabi_idiv0                 
00000cbb  __aeabi_ldiv0                 
00000cbd  lcd_reverseNibble             
00000cf9  lcd_init                      
00000db9  lcd_putc                      
00000df1  lcd_puts                      
00000e0f  lcd_sendCommand               
00000e4d  lcd_sendNibble                
00000e91  lcd_gotoLine                  
00000eb9  lcd_setCursorPos              
00000ef7  lcd_printf                    
00000fe5  ping_init                     
00001000  __STACK_SIZE                  
00001000  __SYSMEM_SIZE                 
00001091  ping_trigger                  
0000111d  TIMER3B_Handler               
0000115d  ping_getDistance              
00001569  timer_init                    
000015e1  timer_stop                    
0000160b  timer_pause                   
0000161d  timer_resume                  
0000162f  timer_getMillis               
00001687  timer_getMicros               
000016e1  timer_waitMicros              
00001713  timer_waitMillis              
00001981  __aeabi_dsub                  
0000198b  __aeabi_dadd                  
00001c75  __aeabi_ddiv                  
00001ed1  ldexp                         
00001ed1  ldexpl                        
00001ed1  scalbn                        
00001ed1  scalbnl                       
00001fe1  __aeabi_dmul                  
0000218f  __aeabi_memcpy                
0000218f  __aeabi_memcpy4               
0000218f  __aeabi_memcpy8               
0000218f  memcpy                        
0000222b  __aeabi_uldivmod              
000022c1  __aeabi_cdcmpeq               
000022c1  __aeabi_cdcmple               
00002347  __aeabi_cdrcmple              
000023cd  __aeabi_memclr                
000023cd  __aeabi_memclr4               
000023cd  __aeabi_memclr8               
000023cf  __aeabi_memset                
000023cf  __aeabi_memset4               
000023cf  __aeabi_memset8               
000023d5  memset                        
000024b5  __aeabi_d2f                   
00002523  __TI_decompress_lzss          
0000258d  frexp                         
0000258d  frexpl                        
00002647  __TI_ltoa                     
000026ed  atoi                          
00002739  __aeabi_d2iz                  
00002781  __TI_auto_init_nobinit_nopinit
000027c5  sprintf                       
00002805  vsnprintf                     
00002883  __aeabi_f2d                   
000028bd  IntRegister                   
000028f1  _c_int00_noargs               
00002955  __aeabi_i2d                   
00002985  main                          
000029b1  __aeabi_ui2d                  
000029d1  __TI_zero_init_nomemset       
000029ed  memccpy                       
00002a09  copysign                      
00002a09  copysignl                     
00002a53  strcmp                        
00002a6b  strchr                        
00002a81  strcpy                        
00002a95  strlen                        
00002aa9  wcslen                        
00002abb  IntMasterEnable               
00002acb  lcd_clear                     
00002adb  __TI_decompress_none          
00002ae9  CPUcpsie                      
00002af5  ResetISR                      
00002b0d  __aeabi_errno_addr            
00002b15  _system_pre_init              
00002b19  C$$EXIT                       
00002b19  abort                         
00002b1c  _ctypes_                      
00002c34  __TI_Handler_Table_Base       
00002c40  __TI_Handler_Table_Limit      
00002c50  __TI_CINIT_Base               
00002c68  __TI_CINIT_Limit              
20000000  __start___llvm_prf_cnts       
20000000  __stop___llvm_prf_cnts        
20000000  g_pfnRAMVectors               
20000270  __stack                       
20000470  __STACK_TOP                   
20001270  __STACK_END                   
20001270  _sys_memory                   
200022c4  _timeout_ticks                
200022c8  START_TIME                    
200022cc  END_TIME                      
200022d0  STATE                         
200022d4  overflow_cnt                  
200022d8  errno                         
200022dc  _running                      
ffffffff  __TI_pprof_out_hndl           
ffffffff  __TI_prof_data_size           
ffffffff  __TI_prof_data_start          
ffffffff  __binit__                     
ffffffff  __c_args__                    
ffffffff  binit                         
UNDEFED   __mpu_init                    
UNDEFED   _system_post_cinit            

[112 symbols]
