<?xml version="1.0" encoding="ISO-8859-1" ?>
<link_info>
   <banner>TI ARM Linker PC v20.2.7.LTS</banner>
   <copyright>Copyright (c) 1996-2018 Texas Instruments Incorporated</copyright>
   <link_time>0x66304732</link_time>
   <link_errors>0x0</link_errors>
   <output_file>Project.out</output_file>
   <entry_point>
      <name>_c_int00_noargs</name>
      <address>0x4de5</address>
   </entry_point>
   <input_file_list>
      <input_file id="fl-2">
         <path>.\</path>
         <kind>object</kind>
         <file>Timer.obj</file>
         <name>Timer.obj</name>
      </input_file>
      <input_file id="fl-3">
         <path>.\</path>
         <kind>object</kind>
         <file>adc.obj</file>
         <name>adc.obj</name>
      </input_file>
      <input_file id="fl-4">
         <path>.\</path>
         <kind>object</kind>
         <file>button.obj</file>
         <name>button.obj</name>
      </input_file>
      <input_file id="fl-5">
         <path>.\</path>
         <kind>object</kind>
         <file>helloworld.obj</file>
         <name>helloworld.obj</name>
      </input_file>
      <input_file id="fl-6">
         <path>.\</path>
         <kind>object</kind>
         <file>lab5_template.obj</file>
         <name>lab5_template.obj</name>
      </input_file>
      <input_file id="fl-7">
         <path>.\</path>
         <kind>object</kind>
         <file>lcd.obj</file>
         <name>lcd.obj</name>
      </input_file>
      <input_file id="fl-8">
         <path>.\</path>
         <kind>object</kind>
         <file>lcd_rotatingBanner.obj</file>
         <name>lcd_rotatingBanner.obj</name>
      </input_file>
      <input_file id="fl-9">
         <path>.\</path>
         <kind>object</kind>
         <file>main.obj</file>
         <name>main.obj</name>
      </input_file>
      <input_file id="fl-a">
         <path>.\</path>
         <kind>object</kind>
         <file>movement.obj</file>
         <name>movement.obj</name>
      </input_file>
      <input_file id="fl-b">
         <path>.\</path>
         <kind>object</kind>
         <file>music.obj</file>
         <name>music.obj</name>
      </input_file>
      <input_file id="fl-c">
         <path>.\</path>
         <kind>object</kind>
         <file>open_interface.obj</file>
         <name>open_interface.obj</name>
      </input_file>
      <input_file id="fl-d">
         <path>.\</path>
         <kind>object</kind>
         <file>ping_template.obj</file>
         <name>ping_template.obj</name>
      </input_file>
      <input_file id="fl-e">
         <path>.\</path>
         <kind>object</kind>
         <file>servo.obj</file>
         <name>servo.obj</name>
      </input_file>
      <input_file id="fl-f">
         <path>.\</path>
         <kind>object</kind>
         <file>tm4c123gh6pm_startup_ccs.obj</file>
         <name>tm4c123gh6pm_startup_ccs.obj</name>
      </input_file>
      <input_file id="fl-10">
         <path>.\</path>
         <kind>object</kind>
         <file>uart-interrupt.obj</file>
         <name>uart-interrupt.obj</name>
      </input_file>
      <input_file id="fl-11">
         <path>.\</path>
         <kind>object</kind>
         <file>uart.obj</file>
         <name>uart.obj</name>
      </input_file>
      <input_file id="fl-18">
         <kind>object</kind>
         <file>&lt;internal&gt;</file>
         <name>&lt;internal&gt;</name>
      </input_file>
      <input_file id="fl-ce">
         <path>C:\ti\ccs1230\ccs\tools\compiler\ti-cgt-arm_20.2.7.LTS\lib\</path>
         <kind>archive</kind>
         <file>rtsv7M4_T_le_v4SPD16_eabi.lib</file>
         <name>e_powf.c.obj</name>
      </input_file>
      <input_file id="fl-cf">
         <path>C:\ti\ccs1230\ccs\tools\compiler\ti-cgt-arm_20.2.7.LTS\lib\</path>
         <kind>archive</kind>
         <file>rtsv7M4_T_le_v4SPD16_eabi.lib</file>
         <name>e_sqrtf.c.obj</name>
      </input_file>
      <input_file id="fl-d0">
         <path>C:\ti\ccs1230\ccs\tools\compiler\ti-cgt-arm_20.2.7.LTS\lib\</path>
         <kind>archive</kind>
         <file>rtsv7M4_T_le_v4SPD16_eabi.lib</file>
         <name>s_scalbnf.c.obj</name>
      </input_file>
      <input_file id="fl-d1">
         <path>C:\ti\ccs1230\ccs\tools\compiler\ti-cgt-arm_20.2.7.LTS\lib\</path>
         <kind>archive</kind>
         <file>rtsv7M4_T_le_v4SPD16_eabi.lib</file>
         <name>sprintf.c.obj</name>
      </input_file>
      <input_file id="fl-d2">
         <path>C:\ti\ccs1230\ccs\tools\compiler\ti-cgt-arm_20.2.7.LTS\lib\</path>
         <kind>archive</kind>
         <file>rtsv7M4_T_le_v4SPD16_eabi.lib</file>
         <name>vsnprintf.c.obj</name>
      </input_file>
      <input_file id="fl-d3">
         <path>C:\ti\ccs1230\ccs\tools\compiler\ti-cgt-arm_20.2.7.LTS\lib\</path>
         <kind>archive</kind>
         <file>rtsv7M4_T_le_v4SPD16_eabi.lib</file>
         <name>s_copysignf.c.obj</name>
      </input_file>
      <input_file id="fl-d4">
         <path>C:\ti\ccs1230\ccs\tools\compiler\ti-cgt-arm_20.2.7.LTS\lib\</path>
         <kind>archive</kind>
         <file>rtsv7M4_T_le_v4SPD16_eabi.lib</file>
         <name>fd_add_t2.asm.obj</name>
      </input_file>
      <input_file id="fl-d5">
         <path>C:\ti\ccs1230\ccs\tools\compiler\ti-cgt-arm_20.2.7.LTS\lib\</path>
         <kind>archive</kind>
         <file>rtsv7M4_T_le_v4SPD16_eabi.lib</file>
         <name>fd_cmp_t2.asm.obj</name>
      </input_file>
      <input_file id="fl-d6">
         <path>C:\ti\ccs1230\ccs\tools\compiler\ti-cgt-arm_20.2.7.LTS\lib\</path>
         <kind>archive</kind>
         <file>rtsv7M4_T_le_v4SPD16_eabi.lib</file>
         <name>fd_div_t2.asm.obj</name>
      </input_file>
      <input_file id="fl-d7">
         <path>C:\ti\ccs1230\ccs\tools\compiler\ti-cgt-arm_20.2.7.LTS\lib\</path>
         <kind>archive</kind>
         <file>rtsv7M4_T_le_v4SPD16_eabi.lib</file>
         <name>fd_mul_t2.asm.obj</name>
      </input_file>
      <input_file id="fl-d8">
         <path>C:\ti\ccs1230\ccs\tools\compiler\ti-cgt-arm_20.2.7.LTS\lib\</path>
         <kind>archive</kind>
         <file>rtsv7M4_T_le_v4SPD16_eabi.lib</file>
         <name>fd_toi_t2.asm.obj</name>
      </input_file>
      <input_file id="fl-d9">
         <path>C:\ti\ccs1230\ccs\tools\compiler\ti-cgt-arm_20.2.7.LTS\lib\</path>
         <kind>archive</kind>
         <file>rtsv7M4_T_le_v4SPD16_eabi.lib</file>
         <name>fd_tos_t2.asm.obj</name>
      </input_file>
      <input_file id="fl-da">
         <path>C:\ti\ccs1230\ccs\tools\compiler\ti-cgt-arm_20.2.7.LTS\lib\</path>
         <kind>archive</kind>
         <file>rtsv7M4_T_le_v4SPD16_eabi.lib</file>
         <name>fs_tod_t2.asm.obj</name>
      </input_file>
      <input_file id="fl-db">
         <path>C:\ti\ccs1230\ccs\tools\compiler\ti-cgt-arm_20.2.7.LTS\lib\</path>
         <kind>archive</kind>
         <file>rtsv7M4_T_le_v4SPD16_eabi.lib</file>
         <name>i_tofd_t2.asm.obj</name>
      </input_file>
      <input_file id="fl-dc">
         <path>C:\ti\ccs1230\ccs\tools\compiler\ti-cgt-arm_20.2.7.LTS\lib\</path>
         <kind>archive</kind>
         <file>rtsv7M4_T_le_v4SPD16_eabi.lib</file>
         <name>memcpy_t2.asm.obj</name>
      </input_file>
      <input_file id="fl-dd">
         <path>C:\ti\ccs1230\ccs\tools\compiler\ti-cgt-arm_20.2.7.LTS\lib\</path>
         <kind>archive</kind>
         <file>rtsv7M4_T_le_v4SPD16_eabi.lib</file>
         <name>u_tofd_t2.asm.obj</name>
      </input_file>
      <input_file id="fl-de">
         <path>C:\ti\ccs1230\ccs\tools\compiler\ti-cgt-arm_20.2.7.LTS\lib\</path>
         <kind>archive</kind>
         <file>rtsv7M4_T_le_v4SPD16_eabi.lib</file>
         <name>copy_zero_init.c.obj</name>
      </input_file>
      <input_file id="fl-df">
         <path>C:\ti\ccs1230\ccs\tools\compiler\ti-cgt-arm_20.2.7.LTS\lib\</path>
         <kind>archive</kind>
         <file>rtsv7M4_T_le_v4SPD16_eabi.lib</file>
         <name>copy_decompress_none.c.obj</name>
      </input_file>
      <input_file id="fl-e0">
         <path>C:\ti\ccs1230\ccs\tools\compiler\ti-cgt-arm_20.2.7.LTS\lib\</path>
         <kind>archive</kind>
         <file>rtsv7M4_T_le_v4SPD16_eabi.lib</file>
         <name>copy_decompress_lzss.c.obj</name>
      </input_file>
      <input_file id="fl-e1">
         <path>C:\ti\ccs1230\ccs\tools\compiler\ti-cgt-arm_20.2.7.LTS\lib\</path>
         <kind>archive</kind>
         <file>rtsv7M4_T_le_v4SPD16_eabi.lib</file>
         <name>atoi.c.obj</name>
      </input_file>
      <input_file id="fl-e2">
         <path>C:\ti\ccs1230\ccs\tools\compiler\ti-cgt-arm_20.2.7.LTS\lib\</path>
         <kind>archive</kind>
         <file>rtsv7M4_T_le_v4SPD16_eabi.lib</file>
         <name>ctype.c.obj</name>
      </input_file>
      <input_file id="fl-e3">
         <path>C:\ti\ccs1230\ccs\tools\compiler\ti-cgt-arm_20.2.7.LTS\lib\</path>
         <kind>archive</kind>
         <file>rtsv7M4_T_le_v4SPD16_eabi.lib</file>
         <name>memory.c.obj</name>
      </input_file>
      <input_file id="fl-e4">
         <path>C:\ti\ccs1230\ccs\tools\compiler\ti-cgt-arm_20.2.7.LTS\lib\</path>
         <kind>archive</kind>
         <file>rtsv7M4_T_le_v4SPD16_eabi.lib</file>
         <name>strcmp.c.obj</name>
      </input_file>
      <input_file id="fl-e5">
         <path>C:\ti\ccs1230\ccs\tools\compiler\ti-cgt-arm_20.2.7.LTS\lib\</path>
         <kind>archive</kind>
         <file>rtsv7M4_T_le_v4SPD16_eabi.lib</file>
         <name>strcpy.c.obj</name>
      </input_file>
      <input_file id="fl-e6">
         <path>C:\ti\ccs1230\ccs\tools\compiler\ti-cgt-arm_20.2.7.LTS\lib\</path>
         <kind>archive</kind>
         <file>rtsv7M4_T_le_v4SPD16_eabi.lib</file>
         <name>boot_cortex_m.c.obj</name>
      </input_file>
      <input_file id="fl-e7">
         <path>C:\ti\ccs1230\ccs\tools\compiler\ti-cgt-arm_20.2.7.LTS\lib\</path>
         <kind>archive</kind>
         <file>rtsv7M4_T_le_v4SPD16_eabi.lib</file>
         <name>errno.c.obj</name>
      </input_file>
      <input_file id="fl-e8">
         <path>C:\ti\ccs1230\ccs\tools\compiler\ti-cgt-arm_20.2.7.LTS\lib\</path>
         <kind>archive</kind>
         <file>rtsv7M4_T_le_v4SPD16_eabi.lib</file>
         <name>_printfi.c.obj</name>
      </input_file>
      <input_file id="fl-e9">
         <path>C:\ti\ccs1230\ccs\tools\compiler\ti-cgt-arm_20.2.7.LTS\lib\</path>
         <kind>archive</kind>
         <file>rtsv7M4_T_le_v4SPD16_eabi.lib</file>
         <name>memset_t2.asm.obj</name>
      </input_file>
      <input_file id="fl-ea">
         <path>C:\ti\ccs1230\ccs\tools\compiler\ti-cgt-arm_20.2.7.LTS\lib\</path>
         <kind>archive</kind>
         <file>rtsv7M4_T_le_v4SPD16_eabi.lib</file>
         <name>ull_div_t2.asm.obj</name>
      </input_file>
      <input_file id="fl-eb">
         <path>C:\ti\ccs1230\ccs\tools\compiler\ti-cgt-arm_20.2.7.LTS\lib\</path>
         <kind>archive</kind>
         <file>rtsv7M4_T_le_v4SPD16_eabi.lib</file>
         <name>autoinit.c.obj</name>
      </input_file>
      <input_file id="fl-ec">
         <path>C:\ti\ccs1230\ccs\tools\compiler\ti-cgt-arm_20.2.7.LTS\lib\</path>
         <kind>archive</kind>
         <file>rtsv7M4_T_le_v4SPD16_eabi.lib</file>
         <name>pre_init.c.obj</name>
      </input_file>
      <input_file id="fl-ed">
         <path>C:\ti\ccs1230\ccs\tools\compiler\ti-cgt-arm_20.2.7.LTS\lib\</path>
         <kind>archive</kind>
         <file>rtsv7M4_T_le_v4SPD16_eabi.lib</file>
         <name>cpy_tbl.c.obj</name>
      </input_file>
      <input_file id="fl-ee">
         <path>C:\ti\ccs1230\ccs\tools\compiler\ti-cgt-arm_20.2.7.LTS\lib\</path>
         <kind>archive</kind>
         <file>rtsv7M4_T_le_v4SPD16_eabi.lib</file>
         <name>exit.c.obj</name>
      </input_file>
      <input_file id="fl-ef">
         <path>C:\ti\ccs1230\ccs\tools\compiler\ti-cgt-arm_20.2.7.LTS\lib\</path>
         <kind>archive</kind>
         <file>rtsv7M4_T_le_v4SPD16_eabi.lib</file>
         <name>_lock.c.obj</name>
      </input_file>
      <input_file id="fl-f0">
         <path>C:\ti\ccs1230\ccs\tools\compiler\ti-cgt-arm_20.2.7.LTS\lib\</path>
         <kind>archive</kind>
         <file>rtsv7M4_T_le_v4SPD16_eabi.lib</file>
         <name>_ltoa.c.obj</name>
      </input_file>
      <input_file id="fl-f1">
         <path>C:\ti\ccs1230\ccs\tools\compiler\ti-cgt-arm_20.2.7.LTS\lib\</path>
         <kind>archive</kind>
         <file>rtsv7M4_T_le_v4SPD16_eabi.lib</file>
         <name>args_main.c.obj</name>
      </input_file>
      <input_file id="fl-f2">
         <path>C:\ti\ccs1230\ccs\tools\compiler\ti-cgt-arm_20.2.7.LTS\lib\</path>
         <kind>archive</kind>
         <file>rtsv7M4_T_le_v4SPD16_eabi.lib</file>
         <name>memccpy.c.obj</name>
      </input_file>
      <input_file id="fl-f3">
         <path>C:\ti\ccs1230\ccs\tools\compiler\ti-cgt-arm_20.2.7.LTS\lib\</path>
         <kind>archive</kind>
         <file>rtsv7M4_T_le_v4SPD16_eabi.lib</file>
         <name>strchr.c.obj</name>
      </input_file>
      <input_file id="fl-f4">
         <path>C:\ti\ccs1230\ccs\tools\compiler\ti-cgt-arm_20.2.7.LTS\lib\</path>
         <kind>archive</kind>
         <file>rtsv7M4_T_le_v4SPD16_eabi.lib</file>
         <name>strlen.c.obj</name>
      </input_file>
      <input_file id="fl-f5">
         <path>C:\ti\ccs1230\ccs\tools\compiler\ti-cgt-arm_20.2.7.LTS\lib\</path>
         <kind>archive</kind>
         <file>rtsv7M4_T_le_v4SPD16_eabi.lib</file>
         <name>wcslen.c.obj</name>
      </input_file>
      <input_file id="fl-f6">
         <path>C:\ti\ccs1230\ccs\tools\compiler\ti-cgt-arm_20.2.7.LTS\lib\</path>
         <kind>archive</kind>
         <file>rtsv7M4_T_le_v4SPD16_eabi.lib</file>
         <name>s_frexp.c.obj</name>
      </input_file>
      <input_file id="fl-f7">
         <path>C:\ti\ccs1230\ccs\tools\compiler\ti-cgt-arm_20.2.7.LTS\lib\</path>
         <kind>archive</kind>
         <file>rtsv7M4_T_le_v4SPD16_eabi.lib</file>
         <name>s_scalbn.c.obj</name>
      </input_file>
      <input_file id="fl-f8">
         <path>C:\ti\ccs1230\ccs\tools\compiler\ti-cgt-arm_20.2.7.LTS\lib\</path>
         <kind>archive</kind>
         <file>rtsv7M4_T_le_v4SPD16_eabi.lib</file>
         <name>div0.asm.obj</name>
      </input_file>
      <input_file id="fl-f9">
         <path>C:\ti\ccs1230\ccs\tools\compiler\ti-cgt-arm_20.2.7.LTS\lib\</path>
         <kind>archive</kind>
         <file>rtsv7M4_T_le_v4SPD16_eabi.lib</file>
         <name>s_copysign.c.obj</name>
      </input_file>
      <input_file id="fl-fa">
         <path>C:\ti\TivaWare_C_Series-2.2.0.295\driverlib\ccs\Debug\</path>
         <kind>archive</kind>
         <file>driverlib.lib</file>
         <name>interrupt.obj</name>
      </input_file>
      <input_file id="fl-fb">
         <path>C:\ti\TivaWare_C_Series-2.2.0.295\driverlib\ccs\Debug\</path>
         <kind>archive</kind>
         <file>driverlib.lib</file>
         <name>cpu.obj</name>
      </input_file>
   </input_file_list>
   <object_component_list>
      <object_component id="oc-12">
         <name>.intvecs</name>
         <load_address>0x0</load_address>
         <run_address>0x0</run_address>
         <size>0x26c</size>
         <input_file_ref idref="fl-f"/>
      </object_component>
      <object_component id="oc-fe">
         <name>.text</name>
         <load_address>0x26c</load_address>
         <run_address>0x26c</run_address>
         <size>0xc20</size>
         <input_file_ref idref="fl-c"/>
      </object_component>
      <object_component id="oc-1c1">
         <name>.text:__TI_printfi</name>
         <load_address>0xe8c</load_address>
         <run_address>0xe8c</run_address>
         <size>0xa4e</size>
         <input_file_ref idref="fl-e8"/>
      </object_component>
      <object_component id="oc-321">
         <name>.text:_nop</name>
         <load_address>0x18da</load_address>
         <run_address>0x18da</run_address>
         <size>0x2</size>
         <input_file_ref idref="fl-ef"/>
      </object_component>
      <object_component id="oc-1ad">
         <name>.text:powf</name>
         <load_address>0x18dc</load_address>
         <run_address>0x18dc</run_address>
         <size>0x58c</size>
         <input_file_ref idref="fl-ce"/>
      </object_component>
      <object_component id="oc-a2">
         <name>.text</name>
         <load_address>0x1e68</load_address>
         <run_address>0x1e68</run_address>
         <size>0x554</size>
         <input_file_ref idref="fl-9"/>
      </object_component>
      <object_component id="oc-121">
         <name>.text</name>
         <load_address>0x23bc</load_address>
         <run_address>0x23bc</run_address>
         <size>0x4a0</size>
         <input_file_ref idref="fl-a"/>
      </object_component>
      <object_component id="oc-110">
         <name>.text</name>
         <load_address>0x285c</load_address>
         <run_address>0x285c</run_address>
         <size>0x328</size>
         <input_file_ref idref="fl-7"/>
      </object_component>
      <object_component id="oc-dd">
         <name>.text</name>
         <load_address>0x2b84</load_address>
         <run_address>0x2b84</run_address>
         <size>0x2bc</size>
         <input_file_ref idref="fl-d"/>
      </object_component>
      <object_component id="oc-2b1">
         <name>.text:_pconv_a</name>
         <load_address>0x2e40</load_address>
         <run_address>0x2e40</run_address>
         <size>0x270</size>
         <input_file_ref idref="fl-e8"/>
      </object_component>
      <object_component id="oc-10a">
         <name>.text</name>
         <load_address>0x30b0</load_address>
         <run_address>0x30b0</run_address>
         <size>0x248</size>
         <input_file_ref idref="fl-2"/>
      </object_component>
      <object_component id="oc-e9">
         <name>.text</name>
         <load_address>0x32f8</load_address>
         <run_address>0x32f8</run_address>
         <size>0x23c</size>
         <input_file_ref idref="fl-10"/>
      </object_component>
      <object_component id="oc-29f">
         <name>.text:_pconv_g</name>
         <load_address>0x3534</load_address>
         <run_address>0x3534</run_address>
         <size>0x1d0</size>
         <input_file_ref idref="fl-e8"/>
      </object_component>
      <object_component id="oc-d7">
         <name>.text</name>
         <load_address>0x3704</load_address>
         <run_address>0x3704</run_address>
         <size>0x1c0</size>
         <input_file_ref idref="fl-e"/>
      </object_component>
      <object_component id="oc-191">
         <name>.text</name>
         <load_address>0x38c4</load_address>
         <run_address>0x38c4</run_address>
         <size>0x1b6</size>
         <input_file_ref idref="fl-d4"/>
      </object_component>
      <object_component id="oc-3fe">
         <name>.text</name>
         <load_address>0x3a7a</load_address>
         <run_address>0x3a7a</run_address>
         <size>0x2</size>
         <input_file_ref idref="fl-f8"/>
      </object_component>
      <object_component id="oc-e3">
         <name>.text</name>
         <load_address>0x3a7c</load_address>
         <run_address>0x3a7c</run_address>
         <size>0x184</size>
         <input_file_ref idref="fl-3"/>
      </object_component>
      <object_component id="oc-2ab">
         <name>.text:_pconv_e</name>
         <load_address>0x3c00</load_address>
         <run_address>0x3c00</run_address>
         <size>0x13c</size>
         <input_file_ref idref="fl-e8"/>
      </object_component>
      <object_component id="oc-187">
         <name>.text</name>
         <load_address>0x3d3c</load_address>
         <run_address>0x3d3c</run_address>
         <size>0x136</size>
         <input_file_ref idref="fl-d6"/>
      </object_component>
      <object_component id="oc-392">
         <name>.text:fcvt</name>
         <load_address>0x3e74</load_address>
         <run_address>0x3e74</run_address>
         <size>0x124</size>
         <input_file_ref idref="fl-e8"/>
      </object_component>
      <object_component id="oc-3a6">
         <name>.text:scalbn</name>
         <load_address>0x3f98</load_address>
         <run_address>0x3f98</run_address>
         <size>0x110</size>
         <input_file_ref idref="fl-f7"/>
      </object_component>
      <object_component id="oc-3c8">
         <name>.text:aligned_alloc</name>
         <load_address>0x40a8</load_address>
         <run_address>0x40a8</run_address>
         <size>0x100</size>
         <input_file_ref idref="fl-e3"/>
      </object_component>
      <object_component id="oc-17d">
         <name>.text</name>
         <load_address>0x41a8</load_address>
         <run_address>0x41a8</run_address>
         <size>0xfc</size>
         <input_file_ref idref="fl-d7"/>
      </object_component>
      <object_component id="oc-1ed">
         <name>.text:free</name>
         <load_address>0x42a4</load_address>
         <run_address>0x42a4</run_address>
         <size>0xe4</size>
         <input_file_ref idref="fl-e3"/>
      </object_component>
      <object_component id="oc-276">
         <name>.text:scalbnf</name>
         <load_address>0x4388</load_address>
         <run_address>0x4388</run_address>
         <size>0xd0</size>
         <input_file_ref idref="fl-d0"/>
      </object_component>
      <object_component id="oc-299">
         <name>.text:_ltostr</name>
         <load_address>0x4458</load_address>
         <run_address>0x4458</run_address>
         <size>0xb1</size>
         <input_file_ref idref="fl-e8"/>
      </object_component>
      <object_component id="oc-3e">
         <name>.text</name>
         <load_address>0x450a</load_address>
         <run_address>0x450a</run_address>
         <size>0x9c</size>
         <input_file_ref idref="fl-dc"/>
      </object_component>
      <object_component id="oc-374">
         <name>.text</name>
         <load_address>0x45a6</load_address>
         <run_address>0x45a6</run_address>
         <size>0x96</size>
         <input_file_ref idref="fl-ea"/>
      </object_component>
      <object_component id="oc-104">
         <name>.text</name>
         <load_address>0x463c</load_address>
         <run_address>0x463c</run_address>
         <size>0x88</size>
         <input_file_ref idref="fl-4"/>
      </object_component>
      <object_component id="oc-127">
         <name>.text:__aeabi_cdcmple</name>
         <load_address>0x46c4</load_address>
         <run_address>0x46c4</run_address>
         <size>0x86</size>
         <input_file_ref idref="fl-d5"/>
      </object_component>
      <object_component id="oc-37a">
         <name>.text:__aeabi_cdrcmple</name>
         <load_address>0x474a</load_address>
         <run_address>0x474a</run_address>
         <size>0x86</size>
         <input_file_ref idref="fl-d5"/>
      </object_component>
      <object_component id="oc-96">
         <name>.text</name>
         <load_address>0x47d0</load_address>
         <run_address>0x47d0</run_address>
         <size>0x7a</size>
         <input_file_ref idref="fl-e9"/>
      </object_component>
      <object_component id="oc-425">
         <name>.text:split</name>
         <load_address>0x484c</load_address>
         <run_address>0x484c</run_address>
         <size>0x70</size>
         <input_file_ref idref="fl-e3"/>
      </object_component>
      <object_component id="oc-38b">
         <name>.text:_mcpy</name>
         <load_address>0x48bc</load_address>
         <run_address>0x48bc</run_address>
         <size>0x6e</size>
         <input_file_ref idref="fl-e8"/>
      </object_component>
      <object_component id="oc-18c">
         <name>.text</name>
         <load_address>0x492a</load_address>
         <run_address>0x492a</run_address>
         <size>0x6e</size>
         <input_file_ref idref="fl-d9"/>
      </object_component>
      <object_component id="oc-15">
         <name>.text:decompress:lzss:__TI_decompress_lzss</name>
         <load_address>0x4998</load_address>
         <run_address>0x4998</run_address>
         <size>0x68</size>
         <input_file_ref idref="fl-e0"/>
      </object_component>
      <object_component id="oc-3a0">
         <name>.text:frexp</name>
         <load_address>0x4a00</load_address>
         <run_address>0x4a00</run_address>
         <size>0x64</size>
         <input_file_ref idref="fl-f6"/>
      </object_component>
      <object_component id="oc-2a5">
         <name>.text:_pconv_f</name>
         <load_address>0x4a64</load_address>
         <run_address>0x4a64</run_address>
         <size>0x56</size>
         <input_file_ref idref="fl-e8"/>
      </object_component>
      <object_component id="oc-37f">
         <name>.text:__TI_ltoa</name>
         <load_address>0x4aba</load_address>
         <run_address>0x4aba</run_address>
         <size>0x54</size>
         <input_file_ref idref="fl-f0"/>
      </object_component>
      <object_component id="oc-385">
         <name>.text:_ecpy</name>
         <load_address>0x4b0e</load_address>
         <run_address>0x4b0e</run_address>
         <size>0x52</size>
         <input_file_ref idref="fl-e8"/>
      </object_component>
      <object_component id="oc-116">
         <name>.text:atoi</name>
         <load_address>0x4b60</load_address>
         <run_address>0x4b60</run_address>
         <size>0x4c</size>
         <input_file_ref idref="fl-e1"/>
      </object_component>
      <object_component id="oc-12c">
         <name>.text</name>
         <load_address>0x4bac</load_address>
         <run_address>0x4bac</run_address>
         <size>0x48</size>
         <input_file_ref idref="fl-b"/>
      </object_component>
      <object_component id="oc-182">
         <name>.text</name>
         <load_address>0x4bf4</load_address>
         <run_address>0x4bf4</run_address>
         <size>0x48</size>
         <input_file_ref idref="fl-d8"/>
      </object_component>
      <object_component id="oc-144">
         <name>.text:__TI_auto_init_nobinit_nopinit:__TI_auto_init_nobinit_nopinit</name>
         <load_address>0x4c3c</load_address>
         <run_address>0x4c3c</run_address>
         <size>0x44</size>
         <input_file_ref idref="fl-eb"/>
      </object_component>
      <object_component id="oc-ef">
         <name>.text:sprintf</name>
         <load_address>0x4c80</load_address>
         <run_address>0x4c80</run_address>
         <size>0x40</size>
         <input_file_ref idref="fl-d1"/>
      </object_component>
      <object_component id="oc-210">
         <name>.text:vsnprintf</name>
         <load_address>0x4cc0</load_address>
         <run_address>0x4cc0</run_address>
         <size>0x40</size>
         <input_file_ref idref="fl-d2"/>
      </object_component>
      <object_component id="oc-398">
         <name>.text:_fcpy</name>
         <load_address>0x4d00</load_address>
         <run_address>0x4d00</run_address>
         <size>0x3e</size>
         <input_file_ref idref="fl-e8"/>
      </object_component>
      <object_component id="oc-1e7">
         <name>.text:calloc</name>
         <load_address>0x4d40</load_address>
         <run_address>0x4d40</run_address>
         <size>0x38</size>
         <input_file_ref idref="fl-e3"/>
      </object_component>
      <object_component id="oc-f5">
         <name>.text</name>
         <load_address>0x4d78</load_address>
         <run_address>0x4d78</run_address>
         <size>0x38</size>
         <input_file_ref idref="fl-da"/>
      </object_component>
      <object_component id="oc-19d">
         <name>.text:IntRegister</name>
         <load_address>0x4db0</load_address>
         <run_address>0x4db0</run_address>
         <size>0x34</size>
         <input_file_ref idref="fl-fa"/>
      </object_component>
      <object_component id="oc-5c">
         <name>.text:_c_int00_noargs:_c_int00_noargs</name>
         <load_address>0x4de4</load_address>
         <run_address>0x4de4</run_address>
         <size>0x34</size>
         <input_file_ref idref="fl-e6"/>
      </object_component>
      <object_component id="oc-2f6">
         <name>.text:_outs</name>
         <load_address>0x4e18</load_address>
         <run_address>0x4e18</run_address>
         <size>0x30</size>
         <input_file_ref idref="fl-d2"/>
      </object_component>
      <object_component id="oc-11c">
         <name>.text</name>
         <load_address>0x4e48</load_address>
         <run_address>0x4e48</run_address>
         <size>0x2e</size>
         <input_file_ref idref="fl-db"/>
      </object_component>
      <object_component id="oc-2e0">
         <name>.text:free_list_insert</name>
         <load_address>0x4e78</load_address>
         <run_address>0x4e78</run_address>
         <size>0x28</size>
         <input_file_ref idref="fl-e3"/>
      </object_component>
      <object_component id="oc-270">
         <name>.text:sqrtf</name>
         <load_address>0x4ea0</load_address>
         <run_address>0x4ea0</run_address>
         <size>0x28</size>
         <input_file_ref idref="fl-cf"/>
      </object_component>
      <object_component id="oc-178">
         <name>.text</name>
         <load_address>0x4ec8</load_address>
         <run_address>0x4ec8</run_address>
         <size>0x20</size>
         <input_file_ref idref="fl-dd"/>
      </object_component>
      <object_component id="oc-4a">
         <name>.text:decompress:ZI:__TI_zero_init_nomemset:__TI_zero_init_nomemset</name>
         <load_address>0x4ee8</load_address>
         <run_address>0x4ee8</run_address>
         <size>0x1c</size>
         <input_file_ref idref="fl-de"/>
      </object_component>
      <object_component id="oc-2da">
         <name>.text:free_list_remove</name>
         <load_address>0x4f04</load_address>
         <run_address>0x4f04</run_address>
         <size>0x1c</size>
         <input_file_ref idref="fl-e3"/>
      </object_component>
      <object_component id="oc-2b7">
         <name>.text:memccpy</name>
         <load_address>0x4f20</load_address>
         <run_address>0x4f20</run_address>
         <size>0x1c</size>
         <input_file_ref idref="fl-f2"/>
      </object_component>
      <object_component id="oc-40d">
         <name>.text:copysign</name>
         <load_address>0x4f3c</load_address>
         <run_address>0x4f3c</run_address>
         <size>0x1a</size>
         <input_file_ref idref="fl-f9"/>
      </object_component>
      <object_component id="oc-2fc">
         <name>.text:_outc</name>
         <load_address>0x4f56</load_address>
         <run_address>0x4f56</run_address>
         <size>0x18</size>
         <input_file_ref idref="fl-d2"/>
      </object_component>
      <object_component id="oc-1c7">
         <name>.text:_outs</name>
         <load_address>0x4f6e</load_address>
         <run_address>0x4f6e</run_address>
         <size>0x18</size>
         <input_file_ref idref="fl-d1"/>
      </object_component>
      <object_component id="oc-357">
         <name>.text:copysignf</name>
         <load_address>0x4f86</load_address>
         <run_address>0x4f86</run_address>
         <size>0x18</size>
         <input_file_ref idref="fl-d3"/>
      </object_component>
      <object_component id="oc-1f3">
         <name>.text:oi_parseInt</name>
         <load_address>0x4f9e</load_address>
         <run_address>0x4f9e</run_address>
         <size>0x18</size>
         <input_file_ref idref="fl-c"/>
      </object_component>
      <object_component id="oc-1fa">
         <name>.text:strcmp</name>
         <load_address>0x4fb6</load_address>
         <run_address>0x4fb6</run_address>
         <size>0x18</size>
         <input_file_ref idref="fl-e4"/>
      </object_component>
      <object_component id="oc-3ac">
         <name>.text:strchr</name>
         <load_address>0x4fce</load_address>
         <run_address>0x4fce</run_address>
         <size>0x16</size>
         <input_file_ref idref="fl-f3"/>
      </object_component>
      <object_component id="oc-216">
         <name>.text:strcpy</name>
         <load_address>0x4fe4</load_address>
         <run_address>0x4fe4</run_address>
         <size>0x14</size>
         <input_file_ref idref="fl-e5"/>
      </object_component>
      <object_component id="oc-293">
         <name>.text:strlen</name>
         <load_address>0x4ff8</load_address>
         <run_address>0x4ff8</run_address>
         <size>0x14</size>
         <input_file_ref idref="fl-f4"/>
      </object_component>
      <object_component id="oc-2bd">
         <name>.text:wcslen</name>
         <load_address>0x500c</load_address>
         <run_address>0x500c</run_address>
         <size>0x12</size>
         <input_file_ref idref="fl-f5"/>
      </object_component>
      <object_component id="oc-1a3">
         <name>.text:IntMasterEnable</name>
         <load_address>0x501e</load_address>
         <run_address>0x501e</run_address>
         <size>0x10</size>
         <input_file_ref idref="fl-fa"/>
      </object_component>
      <object_component id="oc-1b3">
         <name>.text:lcd_clear</name>
         <load_address>0x502e</load_address>
         <run_address>0x502e</run_address>
         <size>0x10</size>
         <input_file_ref idref="fl-7"/>
      </object_component>
      <object_component id="oc-1b">
         <name>.text:decompress:none:__TI_decompress_none</name>
         <load_address>0x503e</load_address>
         <run_address>0x503e</run_address>
         <size>0xe</size>
         <input_file_ref idref="fl-df"/>
      </object_component>
      <object_component id="oc-266">
         <name>.text:CPUcpsie</name>
         <load_address>0x504c</load_address>
         <run_address>0x504c</run_address>
         <size>0xc</size>
         <input_file_ref idref="fl-fb"/>
      </object_component>
      <object_component id="oc-2a">
         <name>.text</name>
         <load_address>0x5058</load_address>
         <run_address>0x5058</run_address>
         <size>0xc</size>
         <input_file_ref idref="fl-f"/>
      </object_component>
      <object_component id="oc-1cd">
         <name>.text:_outc</name>
         <load_address>0x5064</load_address>
         <run_address>0x5064</run_address>
         <size>0xa</size>
         <input_file_ref idref="fl-d1"/>
      </object_component>
      <object_component id="oc-27c">
         <name>.text:__aeabi_errno_addr</name>
         <load_address>0x5070</load_address>
         <run_address>0x5070</run_address>
         <size>0x8</size>
         <input_file_ref idref="fl-e7"/>
      </object_component>
      <object_component id="oc-2d3">
         <name>.text:malloc</name>
         <load_address>0x5078</load_address>
         <run_address>0x5078</run_address>
         <size>0x8</size>
         <input_file_ref idref="fl-e3"/>
      </object_component>
      <object_component id="oc-9c">
         <name>.text:_system_pre_init</name>
         <load_address>0x5080</load_address>
         <run_address>0x5080</run_address>
         <size>0x4</size>
         <input_file_ref idref="fl-ec"/>
      </object_component>
      <object_component id="oc-138">
         <name>.text:abort:abort</name>
         <load_address>0x5084</load_address>
         <run_address>0x5084</run_address>
         <size>0x4</size>
         <input_file_ref idref="fl-ee"/>
      </object_component>
      <object_component id="oc-221">
         <name>.const:.string:_ctypes_</name>
         <load_address>0x5088</load_address>
         <run_address>0x5088</run_address>
         <size>0x101</size>
         <input_file_ref idref="fl-e2"/>
      </object_component>
      <object_component id="oc-282">
         <name>.const:$O1$$</name>
         <load_address>0x518c</load_address>
         <run_address>0x518c</run_address>
         <size>0x18</size>
         <input_file_ref idref="fl-ce"/>
      </object_component>
      <object_component id="oc-22a">
         <name>.const:.string:$P$T0$1</name>
         <load_address>0x51a4</load_address>
         <run_address>0x51a4</run_address>
         <size>0x13</size>
         <input_file_ref idref="fl-b"/>
      </object_component>
      <object_component id="oc-22d">
         <name>.const:.string:$P$T1$2</name>
         <load_address>0x51b7</load_address>
         <run_address>0x51b7</run_address>
         <size>0x13</size>
         <input_file_ref idref="fl-b"/>
      </object_component>
      <object_component id="oc-203">
         <name>.const:.string:$P$T0$3</name>
         <load_address>0x51ca</load_address>
         <run_address>0x51ca</run_address>
         <size>0xf</size>
         <input_file_ref idref="fl-c"/>
      </object_component>
      <object_component id="oc-21c">
         <name>.const:.string:lineAddress$1</name>
         <load_address>0x51d9</load_address>
         <run_address>0x51d9</run_address>
         <size>0x4</size>
         <input_file_ref idref="fl-7"/>
      </object_component>
      <object_component id="oc-21d">
         <name>.const:.string:lineAddresses$2</name>
         <load_address>0x51dd</load_address>
         <run_address>0x51dd</run_address>
         <size>0x4</size>
         <input_file_ref idref="fl-7"/>
      </object_component>
      <object_component id="oc-467">
         <name>.cinit..data.load</name>
         <load_address>0x51e8</load_address>
         <run_address>0x51e8</run_address>
         <size>0x29</size>
      </object_component>
      <object_component id="oc-464">
         <name>__TI_handler_table</name>
         <load_address>0x5214</load_address>
         <run_address>0x5214</run_address>
         <size>0xc</size>
      </object_component>
      <object_component id="oc-468">
         <name>.cinit..bss.load</name>
         <load_address>0x5220</load_address>
         <run_address>0x5220</run_address>
         <size>0x8</size>
      </object_component>
      <object_component id="oc-466">
         <name>.cinit..vtable.load</name>
         <load_address>0x5228</load_address>
         <run_address>0x5228</run_address>
         <size>0x8</size>
      </object_component>
      <object_component id="oc-465">
         <name>__TI_cinit_table</name>
         <load_address>0x5230</load_address>
         <run_address>0x5230</run_address>
         <size>0x18</size>
      </object_component>
      <object_component id="oc-25c">
         <name>.vtable</name>
         <uninitialized>true</uninitialized>
         <run_address>0x20000000</run_address>
         <size>0x26c</size>
         <input_file_ref idref="fl-fa"/>
      </object_component>
      <object_component id="oc-20b">
         <name>.data</name>
         <load_address>0x2000233c</load_address>
         <run_address>0x2000233c</run_address>
         <size>0x1</size>
         <input_file_ref idref="fl-2"/>
      </object_component>
      <object_component id="oc-209">
         <name>.data</name>
         <load_address>0x2000233d</load_address>
         <run_address>0x2000233d</run_address>
         <size>0x1</size>
         <input_file_ref idref="fl-4"/>
      </object_component>
      <object_component id="oc-200">
         <name>.data</name>
         <load_address>0x200022ec</load_address>
         <run_address>0x200022ec</run_address>
         <size>0x20</size>
         <input_file_ref idref="fl-c"/>
      </object_component>
      <object_component id="oc-1a9">
         <name>.data</name>
         <load_address>0x2000230c</load_address>
         <run_address>0x2000230c</run_address>
         <size>0x10</size>
         <input_file_ref idref="fl-d"/>
      </object_component>
      <object_component id="oc-196">
         <name>.data</name>
         <load_address>0x20002338</load_address>
         <run_address>0x20002338</run_address>
         <size>0x4</size>
         <input_file_ref idref="fl-e"/>
      </object_component>
      <object_component id="oc-1bc">
         <name>.data</name>
         <load_address>0x2000232c</load_address>
         <run_address>0x2000232c</run_address>
         <size>0x8</size>
         <input_file_ref idref="fl-10"/>
      </object_component>
      <object_component id="oc-3cf">
         <name>.data:$O1$$</name>
         <load_address>0x20002324</load_address>
         <run_address>0x20002324</run_address>
         <size>0x8</size>
         <input_file_ref idref="fl-e3"/>
      </object_component>
      <object_component id="oc-364">
         <name>.data</name>
         <load_address>0x20002334</load_address>
         <run_address>0x20002334</run_address>
         <size>0x4</size>
         <input_file_ref idref="fl-e7"/>
      </object_component>
      <object_component id="oc-236">
         <name>.data:$O1$$</name>
         <load_address>0x2000231c</load_address>
         <run_address>0x2000231c</run_address>
         <size>0x8</size>
         <input_file_ref idref="fl-ef"/>
      </object_component>
      <object_component id="oc-21e">
         <name>.bss:lastbuffer$3</name>
         <uninitialized>true</uninitialized>
         <run_address>0x20002270</run_address>
         <size>0x54</size>
         <input_file_ref idref="fl-7"/>
      </object_component>
      <object_component id="oc-206">
         <name>.bss:firmware$2</name>
         <uninitialized>true</uninitialized>
         <run_address>0x200022c4</run_address>
         <size>0x18</size>
         <input_file_ref idref="fl-c"/>
      </object_component>
      <object_component id="oc-20e">
         <name>.common:_timeout_ticks</name>
         <uninitialized>true</uninitialized>
         <run_address>0x200022dc</run_address>
         <size>0x4</size>
      </object_component>
      <object_component id="oc-fa">
         <name>.common:pingDistance</name>
         <uninitialized>true</uninitialized>
         <run_address>0x200022e8</run_address>
         <size>0x4</size>
      </object_component>
      <object_component id="oc-fd">
         <name>.common:irDist</name>
         <uninitialized>true</uninitialized>
         <run_address>0x200022e0</run_address>
         <size>0x4</size>
      </object_component>
      <object_component id="oc-199">
         <name>.common:lastAngle</name>
         <uninitialized>true</uninitialized>
         <run_address>0x200022e4</run_address>
         <size>0x4</size>
      </object_component>
      <object_component id="oc-24">
         <name>.sysmem</name>
         <uninitialized>true</uninitialized>
         <run_address>0x20001270</run_address>
         <size>0x10</size>
         <input_file_ref idref="fl-e3"/>
      </object_component>
      <object_component id="oc-46b">
         <name>.sysmem</name>
         <uninitialized>true</uninitialized>
         <run_address>0x20001270</run_address>
         <size>0x0</size>
      </object_component>
      <object_component id="oc-27">
         <name>.stack</name>
         <uninitialized>true</uninitialized>
         <run_address>0x20000270</run_address>
         <size>0x4</size>
         <input_file_ref idref="fl-e6"/>
      </object_component>
      <object_component id="oc-46a">
         <name>.stack</name>
         <uninitialized>true</uninitialized>
         <run_address>0x20000270</run_address>
         <size>0x0</size>
      </object_component>
      <object_component id="oc-c5">
         <name>.debug_info</name>
         <load_address>0x0</load_address>
         <run_address>0x0</run_address>
         <size>0x2b3</size>
         <input_file_ref idref="fl-2"/>
      </object_component>
      <object_component id="oc-20c">
         <name>.debug_info</name>
         <load_address>0x2b3</load_address>
         <run_address>0x2b3</run_address>
         <size>0xc1</size>
         <input_file_ref idref="fl-2"/>
      </object_component>
      <object_component id="oc-10b">
         <name>.debug_info</name>
         <load_address>0x374</load_address>
         <run_address>0x374</run_address>
         <size>0x509</size>
         <input_file_ref idref="fl-2"/>
      </object_component>
      <object_component id="oc-77">
         <name>.debug_info</name>
         <load_address>0x87d</load_address>
         <run_address>0x87d</run_address>
         <size>0x26b</size>
         <input_file_ref idref="fl-2"/>
      </object_component>
      <object_component id="oc-39">
         <name>.debug_info</name>
         <load_address>0xae8</load_address>
         <run_address>0xae8</run_address>
         <size>0x84</size>
         <input_file_ref idref="fl-2"/>
      </object_component>
      <object_component id="oc-c0">
         <name>.debug_info</name>
         <load_address>0xb6c</load_address>
         <run_address>0xb6c</run_address>
         <size>0x2a4</size>
         <input_file_ref idref="fl-2"/>
      </object_component>
      <object_component id="oc-7c">
         <name>.debug_info</name>
         <load_address>0xe10</load_address>
         <run_address>0xe10</run_address>
         <size>0xbb</size>
         <input_file_ref idref="fl-2"/>
      </object_component>
      <object_component id="oc-1bb">
         <name>.debug_info</name>
         <load_address>0xecb</load_address>
         <run_address>0xecb</run_address>
         <size>0x31b</size>
         <input_file_ref idref="fl-3"/>
      </object_component>
      <object_component id="oc-e4">
         <name>.debug_info</name>
         <load_address>0x11e6</load_address>
         <run_address>0x11e6</run_address>
         <size>0x2c6</size>
         <input_file_ref idref="fl-3"/>
      </object_component>
      <object_component id="oc-2ef">
         <name>.debug_info</name>
         <load_address>0x14ac</load_address>
         <run_address>0x14ac</run_address>
         <size>0xcc</size>
         <input_file_ref idref="fl-3"/>
      </object_component>
      <object_component id="oc-1d5">
         <name>.debug_info</name>
         <load_address>0x1578</load_address>
         <run_address>0x1578</run_address>
         <size>0x2c</size>
         <input_file_ref idref="fl-3"/>
      </object_component>
      <object_component id="oc-1e2">
         <name>.debug_info</name>
         <load_address>0x15a4</load_address>
         <run_address>0x15a4</run_address>
         <size>0x35</size>
         <input_file_ref idref="fl-3"/>
      </object_component>
      <object_component id="oc-105">
         <name>.debug_info</name>
         <load_address>0x15d9</load_address>
         <run_address>0x15d9</run_address>
         <size>0x176</size>
         <input_file_ref idref="fl-4"/>
      </object_component>
      <object_component id="oc-220">
         <name>.debug_info</name>
         <load_address>0x174f</load_address>
         <run_address>0x174f</run_address>
         <size>0x381</size>
         <input_file_ref idref="fl-7"/>
      </object_component>
      <object_component id="oc-1b4">
         <name>.debug_info</name>
         <load_address>0x1ad0</load_address>
         <run_address>0x1ad0</run_address>
         <size>0x116</size>
         <input_file_ref idref="fl-7"/>
      </object_component>
      <object_component id="oc-111">
         <name>.debug_info</name>
         <load_address>0x1be6</load_address>
         <run_address>0x1be6</run_address>
         <size>0x8a2</size>
         <input_file_ref idref="fl-7"/>
      </object_component>
      <object_component id="oc-fb">
         <name>.debug_info</name>
         <load_address>0x2488</load_address>
         <run_address>0x2488</run_address>
         <size>0x6c2</size>
         <input_file_ref idref="fl-9"/>
      </object_component>
      <object_component id="oc-a3">
         <name>.debug_info</name>
         <load_address>0x2b4a</load_address>
         <run_address>0x2b4a</run_address>
         <size>0x9e7</size>
         <input_file_ref idref="fl-9"/>
      </object_component>
      <object_component id="oc-1dd">
         <name>.debug_info</name>
         <load_address>0x3531</load_address>
         <run_address>0x3531</run_address>
         <size>0x5aa</size>
         <input_file_ref idref="fl-9"/>
      </object_component>
      <object_component id="oc-133">
         <name>.debug_info</name>
         <load_address>0x3adb</load_address>
         <run_address>0x3adb</run_address>
         <size>0x8b</size>
         <input_file_ref idref="fl-9"/>
      </object_component>
      <object_component id="oc-228">
         <name>.debug_info</name>
         <load_address>0x3b66</load_address>
         <run_address>0x3b66</run_address>
         <size>0x363</size>
         <input_file_ref idref="fl-a"/>
      </object_component>
      <object_component id="oc-122">
         <name>.debug_info</name>
         <load_address>0x3ec9</load_address>
         <run_address>0x3ec9</run_address>
         <size>0x9b1</size>
         <input_file_ref idref="fl-a"/>
      </object_component>
      <object_component id="oc-231">
         <name>.debug_info</name>
         <load_address>0x487a</load_address>
         <run_address>0x487a</run_address>
         <size>0x30a</size>
         <input_file_ref idref="fl-b"/>
      </object_component>
      <object_component id="oc-22b">
         <name>.debug_info</name>
         <load_address>0x4b84</load_address>
         <run_address>0x4b84</run_address>
         <size>0xc0</size>
         <input_file_ref idref="fl-b"/>
      </object_component>
      <object_component id="oc-22e">
         <name>.debug_info</name>
         <load_address>0x4c44</load_address>
         <run_address>0x4c44</run_address>
         <size>0xc0</size>
         <input_file_ref idref="fl-b"/>
      </object_component>
      <object_component id="oc-12d">
         <name>.debug_info</name>
         <load_address>0x4d04</load_address>
         <run_address>0x4d04</run_address>
         <size>0x20c</size>
         <input_file_ref idref="fl-b"/>
      </object_component>
      <object_component id="oc-208">
         <name>.debug_info</name>
         <load_address>0x4f10</load_address>
         <run_address>0x4f10</run_address>
         <size>0x3fe</size>
         <input_file_ref idref="fl-c"/>
      </object_component>
      <object_component id="oc-201">
         <name>.debug_info</name>
         <load_address>0x530e</load_address>
         <run_address>0x530e</run_address>
         <size>0x113</size>
         <input_file_ref idref="fl-c"/>
      </object_component>
      <object_component id="oc-204">
         <name>.debug_info</name>
         <load_address>0x5421</load_address>
         <run_address>0x5421</run_address>
         <size>0xc8</size>
         <input_file_ref idref="fl-c"/>
      </object_component>
      <object_component id="oc-1f4">
         <name>.debug_info</name>
         <load_address>0x54e9</load_address>
         <run_address>0x54e9</run_address>
         <size>0x140</size>
         <input_file_ref idref="fl-c"/>
      </object_component>
      <object_component id="oc-ff">
         <name>.debug_info</name>
         <load_address>0x5629</load_address>
         <run_address>0x5629</run_address>
         <size>0x198a</size>
         <input_file_ref idref="fl-c"/>
      </object_component>
      <object_component id="oc-26f">
         <name>.debug_info</name>
         <load_address>0x6fb3</load_address>
         <run_address>0x6fb3</run_address>
         <size>0x32e</size>
         <input_file_ref idref="fl-d"/>
      </object_component>
      <object_component id="oc-1aa">
         <name>.debug_info</name>
         <load_address>0x72e1</load_address>
         <run_address>0x72e1</run_address>
         <size>0x134</size>
         <input_file_ref idref="fl-d"/>
      </object_component>
      <object_component id="oc-de">
         <name>.debug_info</name>
         <load_address>0x7415</load_address>
         <run_address>0x7415</run_address>
         <size>0x366</size>
         <input_file_ref idref="fl-d"/>
      </object_component>
      <object_component id="oc-351">
         <name>.debug_info</name>
         <load_address>0x777b</load_address>
         <run_address>0x777b</run_address>
         <size>0x44</size>
         <input_file_ref idref="fl-d"/>
      </object_component>
      <object_component id="oc-19a">
         <name>.debug_info</name>
         <load_address>0x77bf</load_address>
         <run_address>0x77bf</run_address>
         <size>0x2dd</size>
         <input_file_ref idref="fl-e"/>
      </object_component>
      <object_component id="oc-197">
         <name>.debug_info</name>
         <load_address>0x7a9c</load_address>
         <run_address>0x7a9c</run_address>
         <size>0xc7</size>
         <input_file_ref idref="fl-e"/>
      </object_component>
      <object_component id="oc-d8">
         <name>.debug_info</name>
         <load_address>0x7b63</load_address>
         <run_address>0x7b63</run_address>
         <size>0x28f</size>
         <input_file_ref idref="fl-e"/>
      </object_component>
      <object_component id="oc-32">
         <name>.debug_info</name>
         <load_address>0x7df2</load_address>
         <run_address>0x7df2</run_address>
         <size>0x29d</size>
         <input_file_ref idref="fl-f"/>
      </object_component>
      <object_component id="oc-13">
         <name>.debug_info</name>
         <load_address>0x808f</load_address>
         <run_address>0x808f</run_address>
         <size>0xdc</size>
         <input_file_ref idref="fl-f"/>
      </object_component>
      <object_component id="oc-2d">
         <name>.debug_info</name>
         <load_address>0x816b</load_address>
         <run_address>0x816b</run_address>
         <size>0x258</size>
         <input_file_ref idref="fl-f"/>
      </object_component>
      <object_component id="oc-1c0">
         <name>.debug_info</name>
         <load_address>0x83c3</load_address>
         <run_address>0x83c3</run_address>
         <size>0x2cb</size>
         <input_file_ref idref="fl-10"/>
      </object_component>
      <object_component id="oc-1bd">
         <name>.debug_info</name>
         <load_address>0x868e</load_address>
         <run_address>0x868e</run_address>
         <size>0xfd</size>
         <input_file_ref idref="fl-10"/>
      </object_component>
      <object_component id="oc-ea">
         <name>.debug_info</name>
         <load_address>0x878b</load_address>
         <run_address>0x878b</run_address>
         <size>0x4d7</size>
         <input_file_ref idref="fl-10"/>
      </object_component>
      <object_component id="oc-28b">
         <name>.debug_info</name>
         <load_address>0x8c62</load_address>
         <run_address>0x8c62</run_address>
         <size>0x35e</size>
         <input_file_ref idref="fl-ce"/>
      </object_component>
      <object_component id="oc-283">
         <name>.debug_info</name>
         <load_address>0x8fc0</load_address>
         <run_address>0x8fc0</run_address>
         <size>0x129</size>
         <input_file_ref idref="fl-ce"/>
      </object_component>
      <object_component id="oc-1b1">
         <name>.debug_info</name>
         <load_address>0x90e9</load_address>
         <run_address>0x90e9</run_address>
         <size>0x323</size>
         <input_file_ref idref="fl-ce"/>
      </object_component>
      <object_component id="oc-36b">
         <name>.debug_info</name>
         <load_address>0x940c</load_address>
         <run_address>0x940c</run_address>
         <size>0x46</size>
         <input_file_ref idref="fl-ce"/>
      </object_component>
      <object_component id="oc-286">
         <name>.debug_info</name>
         <load_address>0x9452</load_address>
         <run_address>0x9452</run_address>
         <size>0x39</size>
         <input_file_ref idref="fl-ce"/>
      </object_component>
      <object_component id="oc-356">
         <name>.debug_info</name>
         <load_address>0x948b</load_address>
         <run_address>0x948b</run_address>
         <size>0x2c1</size>
         <input_file_ref idref="fl-cf"/>
      </object_component>
      <object_component id="oc-273">
         <name>.debug_info</name>
         <load_address>0x974c</load_address>
         <run_address>0x974c</run_address>
         <size>0x171</size>
         <input_file_ref idref="fl-cf"/>
      </object_component>
      <object_component id="oc-35e">
         <name>.debug_info</name>
         <load_address>0x98bd</load_address>
         <run_address>0x98bd</run_address>
         <size>0x2f6</size>
         <input_file_ref idref="fl-d0"/>
      </object_component>
      <object_component id="oc-277">
         <name>.debug_info</name>
         <load_address>0x9bb3</load_address>
         <run_address>0x9bb3</run_address>
         <size>0x1cc</size>
         <input_file_ref idref="fl-d0"/>
      </object_component>
      <object_component id="oc-3f3">
         <name>.debug_info</name>
         <load_address>0x9d7f</load_address>
         <run_address>0x9d7f</run_address>
         <size>0x39</size>
         <input_file_ref idref="fl-d0"/>
      </object_component>
      <object_component id="oc-35f">
         <name>.debug_info</name>
         <load_address>0x9db8</load_address>
         <run_address>0x9db8</run_address>
         <size>0x2c</size>
         <input_file_ref idref="fl-d0"/>
      </object_component>
      <object_component id="oc-1d4">
         <name>.debug_info</name>
         <load_address>0x9de4</load_address>
         <run_address>0x9de4</run_address>
         <size>0x333</size>
         <input_file_ref idref="fl-d1"/>
      </object_component>
      <object_component id="oc-f2">
         <name>.debug_info</name>
         <load_address>0xa117</load_address>
         <run_address>0xa117</run_address>
         <size>0x1d1</size>
         <input_file_ref idref="fl-d1"/>
      </object_component>
      <object_component id="oc-1c9">
         <name>.debug_info</name>
         <load_address>0xa2e8</load_address>
         <run_address>0xa2e8</run_address>
         <size>0x18d</size>
         <input_file_ref idref="fl-d1"/>
      </object_component>
      <object_component id="oc-1cf">
         <name>.debug_info</name>
         <load_address>0xa475</load_address>
         <run_address>0xa475</run_address>
         <size>0x16d</size>
         <input_file_ref idref="fl-d1"/>
      </object_component>
      <object_component id="oc-304">
         <name>.debug_info</name>
         <load_address>0xa5e2</load_address>
         <run_address>0xa5e2</run_address>
         <size>0x2c</size>
         <input_file_ref idref="fl-d1"/>
      </object_component>
      <object_component id="oc-303">
         <name>.debug_info</name>
         <load_address>0xa60e</load_address>
         <run_address>0xa60e</run_address>
         <size>0x340</size>
         <input_file_ref idref="fl-d2"/>
      </object_component>
      <object_component id="oc-211">
         <name>.debug_info</name>
         <load_address>0xa94e</load_address>
         <run_address>0xa94e</run_address>
         <size>0x208</size>
         <input_file_ref idref="fl-d2"/>
      </object_component>
      <object_component id="oc-2f8">
         <name>.debug_info</name>
         <load_address>0xab56</load_address>
         <run_address>0xab56</run_address>
         <size>0x1c6</size>
         <input_file_ref idref="fl-d2"/>
      </object_component>
      <object_component id="oc-2ff">
         <name>.debug_info</name>
         <load_address>0xad1c</load_address>
         <run_address>0xad1c</run_address>
         <size>0x179</size>
         <input_file_ref idref="fl-d2"/>
      </object_component>
      <object_component id="oc-309">
         <name>.debug_info</name>
         <load_address>0xae95</load_address>
         <run_address>0xae95</run_address>
         <size>0x69</size>
         <input_file_ref idref="fl-d2"/>
      </object_component>
      <object_component id="oc-3f0">
         <name>.debug_info</name>
         <load_address>0xaefe</load_address>
         <run_address>0xaefe</run_address>
         <size>0x289</size>
         <input_file_ref idref="fl-d3"/>
      </object_component>
      <object_component id="oc-358">
         <name>.debug_info</name>
         <load_address>0xb187</load_address>
         <run_address>0xb187</run_address>
         <size>0x17e</size>
         <input_file_ref idref="fl-d3"/>
      </object_component>
      <object_component id="oc-194">
         <name>.debug_info</name>
         <load_address>0xb305</load_address>
         <run_address>0xb305</run_address>
         <size>0x14c</size>
         <input_file_ref idref="fl-d4"/>
      </object_component>
      <object_component id="oc-12a">
         <name>.debug_info</name>
         <load_address>0xb451</load_address>
         <run_address>0xb451</run_address>
         <size>0x128</size>
         <input_file_ref idref="fl-d5"/>
      </object_component>
      <object_component id="oc-37d">
         <name>.debug_info</name>
         <load_address>0xb579</load_address>
         <run_address>0xb579</run_address>
         <size>0x12a</size>
         <input_file_ref idref="fl-d5"/>
      </object_component>
      <object_component id="oc-188">
         <name>.debug_info</name>
         <load_address>0xb6a3</load_address>
         <run_address>0xb6a3</run_address>
         <size>0x13a</size>
         <input_file_ref idref="fl-d6"/>
      </object_component>
      <object_component id="oc-180">
         <name>.debug_info</name>
         <load_address>0xb7dd</load_address>
         <run_address>0xb7dd</run_address>
         <size>0x13a</size>
         <input_file_ref idref="fl-d7"/>
      </object_component>
      <object_component id="oc-185">
         <name>.debug_info</name>
         <load_address>0xb917</load_address>
         <run_address>0xb917</run_address>
         <size>0x12e</size>
         <input_file_ref idref="fl-d8"/>
      </object_component>
      <object_component id="oc-18f">
         <name>.debug_info</name>
         <load_address>0xba45</load_address>
         <run_address>0xba45</run_address>
         <size>0x13e</size>
         <input_file_ref idref="fl-d9"/>
      </object_component>
      <object_component id="oc-f7">
         <name>.debug_info</name>
         <load_address>0xbb83</load_address>
         <run_address>0xbb83</run_address>
         <size>0x12c</size>
         <input_file_ref idref="fl-da"/>
      </object_component>
      <object_component id="oc-11f">
         <name>.debug_info</name>
         <load_address>0xbcaf</load_address>
         <run_address>0xbcaf</run_address>
         <size>0x12c</size>
         <input_file_ref idref="fl-db"/>
      </object_component>
      <object_component id="oc-40">
         <name>.debug_info</name>
         <load_address>0xbddb</load_address>
         <run_address>0xbddb</run_address>
         <size>0x119</size>
         <input_file_ref idref="fl-dc"/>
      </object_component>
      <object_component id="oc-17b">
         <name>.debug_info</name>
         <load_address>0xbef4</load_address>
         <run_address>0xbef4</run_address>
         <size>0x12e</size>
         <input_file_ref idref="fl-dd"/>
      </object_component>
      <object_component id="oc-95">
         <name>.debug_info</name>
         <load_address>0xc022</load_address>
         <run_address>0xc022</run_address>
         <size>0x2d4</size>
         <input_file_ref idref="fl-de"/>
      </object_component>
      <object_component id="oc-4c">
         <name>.debug_info</name>
         <load_address>0xc2f6</load_address>
         <run_address>0xc2f6</run_address>
         <size>0x1d2</size>
         <input_file_ref idref="fl-de"/>
      </object_component>
      <object_component id="oc-90">
         <name>.debug_info</name>
         <load_address>0xc4c8</load_address>
         <run_address>0xc4c8</run_address>
         <size>0x46</size>
         <input_file_ref idref="fl-de"/>
      </object_component>
      <object_component id="oc-ce">
         <name>.debug_info</name>
         <load_address>0xc50e</load_address>
         <run_address>0xc50e</run_address>
         <size>0x2c</size>
         <input_file_ref idref="fl-de"/>
      </object_component>
      <object_component id="oc-49">
         <name>.debug_info</name>
         <load_address>0xc53a</load_address>
         <run_address>0xc53a</run_address>
         <size>0x2a8</size>
         <input_file_ref idref="fl-df"/>
      </object_component>
      <object_component id="oc-1d">
         <name>.debug_info</name>
         <load_address>0xc7e2</load_address>
         <run_address>0xc7e2</run_address>
         <size>0x1ea</size>
         <input_file_ref idref="fl-df"/>
      </object_component>
      <object_component id="oc-44">
         <name>.debug_info</name>
         <load_address>0xc9cc</load_address>
         <run_address>0xc9cc</run_address>
         <size>0x46</size>
         <input_file_ref idref="fl-df"/>
      </object_component>
      <object_component id="oc-88">
         <name>.debug_info</name>
         <load_address>0xca12</load_address>
         <run_address>0xca12</run_address>
         <size>0x2c</size>
         <input_file_ref idref="fl-df"/>
      </object_component>
      <object_component id="oc-86">
         <name>.debug_info</name>
         <load_address>0xca3e</load_address>
         <run_address>0xca3e</run_address>
         <size>0x29e</size>
         <input_file_ref idref="fl-e0"/>
      </object_component>
      <object_component id="oc-16">
         <name>.debug_info</name>
         <load_address>0xccdc</load_address>
         <run_address>0xccdc</run_address>
         <size>0x250</size>
         <input_file_ref idref="fl-e0"/>
      </object_component>
      <object_component id="oc-34">
         <name>.debug_info</name>
         <load_address>0xcf2c</load_address>
         <run_address>0xcf2c</run_address>
         <size>0x60</size>
         <input_file_ref idref="fl-e0"/>
      </object_component>
      <object_component id="oc-c7">
         <name>.debug_info</name>
         <load_address>0xcf8c</load_address>
         <run_address>0xcf8c</run_address>
         <size>0x46</size>
         <input_file_ref idref="fl-e0"/>
      </object_component>
      <object_component id="oc-81">
         <name>.debug_info</name>
         <load_address>0xcfd2</load_address>
         <run_address>0xcfd2</run_address>
         <size>0x39</size>
         <input_file_ref idref="fl-e0"/>
      </object_component>
      <object_component id="oc-225">
         <name>.debug_info</name>
         <load_address>0xd00b</load_address>
         <run_address>0xd00b</run_address>
         <size>0x2b9</size>
         <input_file_ref idref="fl-e1"/>
      </object_component>
      <object_component id="oc-11a">
         <name>.debug_info</name>
         <load_address>0xd2c4</load_address>
         <run_address>0xd2c4</run_address>
         <size>0x17c</size>
         <input_file_ref idref="fl-e1"/>
      </object_component>
      <object_component id="oc-314">
         <name>.debug_info</name>
         <load_address>0xd440</load_address>
         <run_address>0xd440</run_address>
         <size>0xf9</size>
         <input_file_ref idref="fl-e2"/>
      </object_component>
      <object_component id="oc-222">
         <name>.debug_info</name>
         <load_address>0xd539</load_address>
         <run_address>0xd539</run_address>
         <size>0x105</size>
         <input_file_ref idref="fl-e2"/>
      </object_component>
      <object_component id="oc-70">
         <name>.debug_info</name>
         <load_address>0xd63e</load_address>
         <run_address>0xd63e</run_address>
         <size>0x3b2</size>
         <input_file_ref idref="fl-e3"/>
      </object_component>
      <object_component id="oc-25">
         <name>.debug_info</name>
         <load_address>0xd9f0</load_address>
         <run_address>0xd9f0</run_address>
         <size>0x10c</size>
         <input_file_ref idref="fl-e3"/>
      </object_component>
      <object_component id="oc-3d0">
         <name>.debug_info</name>
         <load_address>0xdafc</load_address>
         <run_address>0xdafc</run_address>
         <size>0x13f</size>
         <input_file_ref idref="fl-e3"/>
      </object_component>
      <object_component id="oc-2d5">
         <name>.debug_info</name>
         <load_address>0xdc3b</load_address>
         <run_address>0xdc3b</run_address>
         <size>0x168</size>
         <input_file_ref idref="fl-e3"/>
      </object_component>
      <object_component id="oc-2dc">
         <name>.debug_info</name>
         <load_address>0xdda3</load_address>
         <run_address>0xdda3</run_address>
         <size>0x18e</size>
         <input_file_ref idref="fl-e3"/>
      </object_component>
      <object_component id="oc-2e1">
         <name>.debug_info</name>
         <load_address>0xdf31</load_address>
         <run_address>0xdf31</run_address>
         <size>0x19f</size>
         <input_file_ref idref="fl-e3"/>
      </object_component>
      <object_component id="oc-1ee">
         <name>.debug_info</name>
         <load_address>0xe0d0</load_address>
         <run_address>0xe0d0</run_address>
         <size>0x203</size>
         <input_file_ref idref="fl-e3"/>
      </object_component>
      <object_component id="oc-426">
         <name>.debug_info</name>
         <load_address>0xe2d3</load_address>
         <run_address>0xe2d3</run_address>
         <size>0x1db</size>
         <input_file_ref idref="fl-e3"/>
      </object_component>
      <object_component id="oc-1e8">
         <name>.debug_info</name>
         <load_address>0xe4ae</load_address>
         <run_address>0xe4ae</run_address>
         <size>0x1a5</size>
         <input_file_ref idref="fl-e3"/>
      </object_component>
      <object_component id="oc-3c9">
         <name>.debug_info</name>
         <load_address>0xe653</load_address>
         <run_address>0xe653</run_address>
         <size>0x299</size>
         <input_file_ref idref="fl-e3"/>
      </object_component>
      <object_component id="oc-bb">
         <name>.debug_info</name>
         <load_address>0xe8ec</load_address>
         <run_address>0xe8ec</run_address>
         <size>0xb2</size>
         <input_file_ref idref="fl-e3"/>
      </object_component>
      <object_component id="oc-b6">
         <name>.debug_info</name>
         <load_address>0xe99e</load_address>
         <run_address>0xe99e</run_address>
         <size>0x2c</size>
         <input_file_ref idref="fl-e3"/>
      </object_component>
      <object_component id="oc-2e8">
         <name>.debug_info</name>
         <load_address>0xe9ca</load_address>
         <run_address>0xe9ca</run_address>
         <size>0x28a</size>
         <input_file_ref idref="fl-e4"/>
      </object_component>
      <object_component id="oc-1fe">
         <name>.debug_info</name>
         <load_address>0xec54</load_address>
         <run_address>0xec54</run_address>
         <size>0x273</size>
         <input_file_ref idref="fl-e4"/>
      </object_component>
      <object_component id="oc-30f">
         <name>.debug_info</name>
         <load_address>0xeec7</load_address>
         <run_address>0xeec7</run_address>
         <size>0x2a4</size>
         <input_file_ref idref="fl-e5"/>
      </object_component>
      <object_component id="oc-217">
         <name>.debug_info</name>
         <load_address>0xf16b</load_address>
         <run_address>0xf16b</run_address>
         <size>0x24d</size>
         <input_file_ref idref="fl-e5"/>
      </object_component>
      <object_component id="oc-28">
         <name>.debug_info</name>
         <load_address>0xf3b8</load_address>
         <run_address>0xf3b8</run_address>
         <size>0x10b</size>
         <input_file_ref idref="fl-e6"/>
      </object_component>
      <object_component id="oc-5d">
         <name>.debug_info</name>
         <load_address>0xf4c3</load_address>
         <run_address>0xf4c3</run_address>
         <size>0x1a9</size>
         <input_file_ref idref="fl-e6"/>
      </object_component>
      <object_component id="oc-368">
         <name>.debug_info</name>
         <load_address>0xf66c</load_address>
         <run_address>0xf66c</run_address>
         <size>0x289</size>
         <input_file_ref idref="fl-e7"/>
      </object_component>
      <object_component id="oc-365">
         <name>.debug_info</name>
         <load_address>0xf8f5</load_address>
         <run_address>0xf8f5</run_address>
         <size>0x10e</size>
         <input_file_ref idref="fl-e7"/>
      </object_component>
      <object_component id="oc-280">
         <name>.debug_info</name>
         <load_address>0xfa03</load_address>
         <run_address>0xfa03</run_address>
         <size>0x14e</size>
         <input_file_ref idref="fl-e7"/>
      </object_component>
      <object_component id="oc-2c4">
         <name>.debug_info</name>
         <load_address>0xfb51</load_address>
         <run_address>0xfb51</run_address>
         <size>0x590</size>
         <input_file_ref idref="fl-e8"/>
      </object_component>
      <object_component id="oc-29a">
         <name>.debug_info</name>
         <load_address>0x100e1</load_address>
         <run_address>0x100e1</run_address>
         <size>0x21e</size>
         <input_file_ref idref="fl-e8"/>
      </object_component>
      <object_component id="oc-386">
         <name>.debug_info</name>
         <load_address>0x102ff</load_address>
         <run_address>0x102ff</run_address>
         <size>0x1b3</size>
         <input_file_ref idref="fl-e8"/>
      </object_component>
      <object_component id="oc-38c">
         <name>.debug_info</name>
         <load_address>0x104b2</load_address>
         <run_address>0x104b2</run_address>
         <size>0x21b</size>
         <input_file_ref idref="fl-e8"/>
      </object_component>
      <object_component id="oc-2a0">
         <name>.debug_info</name>
         <load_address>0x106cd</load_address>
         <run_address>0x106cd</run_address>
         <size>0x3c0</size>
         <input_file_ref idref="fl-e8"/>
      </object_component>
      <object_component id="oc-393">
         <name>.debug_info</name>
         <load_address>0x10a8d</load_address>
         <run_address>0x10a8d</run_address>
         <size>0x30a</size>
         <input_file_ref idref="fl-e8"/>
      </object_component>
      <object_component id="oc-399">
         <name>.debug_info</name>
         <load_address>0x10d97</load_address>
         <run_address>0x10d97</run_address>
         <size>0x215</size>
         <input_file_ref idref="fl-e8"/>
      </object_component>
      <object_component id="oc-2a6">
         <name>.debug_info</name>
         <load_address>0x10fac</load_address>
         <run_address>0x10fac</run_address>
         <size>0x215</size>
         <input_file_ref idref="fl-e8"/>
      </object_component>
      <object_component id="oc-2ac">
         <name>.debug_info</name>
         <load_address>0x111c1</load_address>
         <run_address>0x111c1</run_address>
         <size>0x304</size>
         <input_file_ref idref="fl-e8"/>
      </object_component>
      <object_component id="oc-2b2">
         <name>.debug_info</name>
         <load_address>0x114c5</load_address>
         <run_address>0x114c5</run_address>
         <size>0x4b5</size>
         <input_file_ref idref="fl-e8"/>
      </object_component>
      <object_component id="oc-1c3">
         <name>.debug_info</name>
         <load_address>0x1197a</load_address>
         <run_address>0x1197a</run_address>
         <size>0x5f4</size>
         <input_file_ref idref="fl-e8"/>
      </object_component>
      <object_component id="oc-2c5">
         <name>.debug_info</name>
         <load_address>0x11f6e</load_address>
         <run_address>0x11f6e</run_address>
         <size>0x86</size>
         <input_file_ref idref="fl-e8"/>
      </object_component>
      <object_component id="oc-3be">
         <name>.debug_info</name>
         <load_address>0x11ff4</load_address>
         <run_address>0x11ff4</run_address>
         <size>0x39</size>
         <input_file_ref idref="fl-e8"/>
      </object_component>
      <object_component id="oc-420">
         <name>.debug_info</name>
         <load_address>0x1202d</load_address>
         <run_address>0x1202d</run_address>
         <size>0xb6</size>
         <input_file_ref idref="fl-e8"/>
      </object_component>
      <object_component id="oc-3c3">
         <name>.debug_info</name>
         <load_address>0x120e3</load_address>
         <run_address>0x120e3</run_address>
         <size>0x46</size>
         <input_file_ref idref="fl-e8"/>
      </object_component>
      <object_component id="oc-2ca">
         <name>.debug_info</name>
         <load_address>0x12129</load_address>
         <run_address>0x12129</run_address>
         <size>0x46</size>
         <input_file_ref idref="fl-e8"/>
      </object_component>
      <object_component id="oc-99">
         <name>.debug_info</name>
         <load_address>0x1216f</load_address>
         <run_address>0x1216f</run_address>
         <size>0x147</size>
         <input_file_ref idref="fl-e9"/>
      </object_component>
      <object_component id="oc-375">
         <name>.debug_info</name>
         <load_address>0x122b6</load_address>
         <run_address>0x122b6</run_address>
         <size>0x134</size>
         <input_file_ref idref="fl-ea"/>
      </object_component>
      <object_component id="oc-23d">
         <name>.debug_info</name>
         <load_address>0x123ea</load_address>
         <run_address>0x123ea</run_address>
         <size>0x4b3</size>
         <input_file_ref idref="fl-eb"/>
      </object_component>
      <object_component id="oc-146">
         <name>.debug_info</name>
         <load_address>0x1289d</load_address>
         <run_address>0x1289d</run_address>
         <size>0x1a6</size>
         <input_file_ref idref="fl-eb"/>
      </object_component>
      <object_component id="oc-32f">
         <name>.debug_info</name>
         <load_address>0x12a43</load_address>
         <run_address>0x12a43</run_address>
         <size>0x39</size>
         <input_file_ref idref="fl-eb"/>
      </object_component>
      <object_component id="oc-3e1">
         <name>.debug_info</name>
         <load_address>0x12a7c</load_address>
         <run_address>0x12a7c</run_address>
         <size>0x39</size>
         <input_file_ref idref="fl-eb"/>
      </object_component>
      <object_component id="oc-334">
         <name>.debug_info</name>
         <load_address>0x12ab5</load_address>
         <run_address>0x12ab5</run_address>
         <size>0x39</size>
         <input_file_ref idref="fl-eb"/>
      </object_component>
      <object_component id="oc-339">
         <name>.debug_info</name>
         <load_address>0x12aee</load_address>
         <run_address>0x12aee</run_address>
         <size>0xcd</size>
         <input_file_ref idref="fl-eb"/>
      </object_component>
      <object_component id="oc-9d">
         <name>.debug_info</name>
         <load_address>0x12bbb</load_address>
         <run_address>0x12bbb</run_address>
         <size>0x153</size>
         <input_file_ref idref="fl-ec"/>
      </object_component>
      <object_component id="oc-13a">
         <name>.debug_info</name>
         <load_address>0x12d0e</load_address>
         <run_address>0x12d0e</run_address>
         <size>0x122</size>
         <input_file_ref idref="fl-ee"/>
      </object_component>
      <object_component id="oc-329">
         <name>.debug_info</name>
         <load_address>0x12e30</load_address>
         <run_address>0x12e30</run_address>
         <size>0x2c9</size>
         <input_file_ref idref="fl-ef"/>
      </object_component>
      <object_component id="oc-237">
         <name>.debug_info</name>
         <load_address>0x130f9</load_address>
         <run_address>0x130f9</run_address>
         <size>0x11e</size>
         <input_file_ref idref="fl-ef"/>
      </object_component>
      <object_component id="oc-325">
         <name>.debug_info</name>
         <load_address>0x13217</load_address>
         <run_address>0x13217</run_address>
         <size>0x12e</size>
         <input_file_ref idref="fl-ef"/>
      </object_component>
      <object_component id="oc-406">
         <name>.debug_info</name>
         <load_address>0x13345</load_address>
         <run_address>0x13345</run_address>
         <size>0x29c</size>
         <input_file_ref idref="fl-f0"/>
      </object_component>
      <object_component id="oc-380">
[...]
         <value>0x4bad</value>
         <object_component_ref idref="oc-12c"/>
      </symbol>
      <symbol id="sm-1d6">
         <name>load_song_SW</name>
         <value>0x4bb9</value>
         <object_component_ref idref="oc-12c"/>
      </symbol>
      <symbol id="sm-29f">
         <name>go_charge</name>
         <value>0x97f</value>
         <object_component_ref idref="oc-fe"/>
      </symbol>
      <symbol id="sm-2a0">
         <name>GPIOF_Handler</name>
         <value>0xbc3</value>
         <object_component_ref idref="oc-fe"/>
      </symbol>
      <symbol id="sm-2a1">
         <name>oi_free</name>
         <value>0x279</value>
         <object_component_ref idref="oc-fe"/>
      </symbol>
      <symbol id="sm-2a2">
         <name>oi_getMotorCalibrationRight</name>
         <value>0xe01</value>
         <object_component_ref idref="oc-fe"/>
      </symbol>
      <symbol id="sm-2a3">
         <name>oi_uartReceive</name>
         <value>0xa31</value>
         <object_component_ref idref="oc-fe"/>
      </symbol>
      <symbol id="sm-2a4">
         <name>oi_setWheels</name>
         <value>0x88f</value>
         <object_component_ref idref="oc-fe"/>
      </symbol>
      <symbol id="sm-2a5">
         <name>oi_shutoff_init</name>
         <value>0xb51</value>
         <object_component_ref idref="oc-fe"/>
      </symbol>
      <symbol id="sm-2a6">
         <name>motor_cal_factor_L</name>
         <value>0x200022ec</value>
         <object_component_ref idref="oc-200"/>
      </symbol>
      <symbol id="sm-2a7">
         <name>motor_cal_factor_R</name>
         <value>0x200022f0</value>
         <object_component_ref idref="oc-200"/>
      </symbol>
      <symbol id="sm-2a8">
         <name>oi_parseInt</name>
         <value>0x4f9f</value>
         <object_component_ref idref="oc-1f3"/>
      </symbol>
      <symbol id="sm-2a9">
         <name>oi_setMotorCalibration</name>
         <value>0xdb1</value>
         <object_component_ref idref="oc-fe"/>
      </symbol>
      <symbol id="sm-2aa">
         <name>oi_uartSendStr</name>
         <value>0xa59</value>
         <object_component_ref idref="oc-fe"/>
      </symbol>
      <symbol id="sm-2ab">
         <name>oi_close</name>
         <value>0x2c7</value>
         <object_component_ref idref="oc-fe"/>
      </symbol>
      <symbol id="sm-2ac">
         <name>oi_uartSendBuff</name>
         <value>0xa77</value>
         <object_component_ref idref="oc-fe"/>
      </symbol>
      <symbol id="sm-2ad">
         <name>oi_checkFirmware</name>
         <value>0xaa9</value>
         <object_component_ref idref="oc-fe"/>
      </symbol>
      <symbol id="sm-2ae">
         <name>oi_init_noupdate</name>
         <value>0x289</value>
         <object_component_ref idref="oc-fe"/>
      </symbol>
      <symbol id="sm-2af">
         <name>oi_uartSendChar</name>
         <value>0xa15</value>
         <object_component_ref idref="oc-fe"/>
      </symbol>
      <symbol id="sm-2b0">
         <name>oi_alloc</name>
         <value>0x26d</value>
         <object_component_ref idref="oc-fe"/>
      </symbol>
      <symbol id="sm-2b1">
         <name>oi_getMotorCalibrationLeft</name>
         <value>0xded</value>
         <object_component_ref idref="oc-fe"/>
      </symbol>
      <symbol id="sm-2b2">
         <name>oi_loadSong</name>
         <value>0x915</value>
         <object_component_ref idref="oc-fe"/>
      </symbol>
      <symbol id="sm-2b3">
         <name>oi_play_song</name>
         <value>0x96b</value>
         <object_component_ref idref="oc-fe"/>
      </symbol>
      <symbol id="sm-2b4">
         <name>oi_parsePacket</name>
         <value>0x32b</value>
         <object_component_ref idref="oc-fe"/>
      </symbol>
      <symbol id="sm-2b5">
         <name>oi_setLeds</name>
         <value>0x84b</value>
         <object_component_ref idref="oc-fe"/>
      </symbol>
      <symbol id="sm-2b6">
         <name>oi_init</name>
         <value>0x2b1</value>
         <object_component_ref idref="oc-fe"/>
      </symbol>
      <symbol id="sm-2b7">
         <name>oi_update</name>
         <value>0x2d9</value>
         <object_component_ref idref="oc-fe"/>
      </symbol>
      <symbol id="sm-2b8">
         <name>oi_uartInit</name>
         <value>0x98d</value>
         <object_component_ref idref="oc-fe"/>
      </symbol>
      <symbol id="sm-2fc">
         <name>overflow_cnt</name>
         <value>0x20002318</value>
         <object_component_ref idref="oc-1a9"/>
      </symbol>
      <symbol id="sm-2fd">
         <name>END_TIME</name>
         <value>0x20002310</value>
         <object_component_ref idref="oc-1a9"/>
      </symbol>
      <symbol id="sm-2fe">
         <name>START_TIME</name>
         <value>0x2000230c</value>
         <object_component_ref idref="oc-1a9"/>
      </symbol>
      <symbol id="sm-2ff">
         <name>STATE</name>
         <value>0x20002314</value>
         <object_component_ref idref="oc-1a9"/>
      </symbol>
      <symbol id="sm-300">
         <name>TIMER3B_Handler</name>
         <value>0x2cbd</value>
         <object_component_ref idref="oc-dd"/>
      </symbol>
      <symbol id="sm-301">
         <name>ping_init</name>
         <value>0x2b85</value>
         <object_component_ref idref="oc-dd"/>
      </symbol>
      <symbol id="sm-302">
         <name>ping_getDistance</name>
         <value>0x2cfd</value>
         <object_component_ref idref="oc-dd"/>
      </symbol>
      <symbol id="sm-303">
         <name>ping_trigger</name>
         <value>0x2c31</value>
         <object_component_ref idref="oc-dd"/>
      </symbol>
      <symbol id="sm-333">
         <name>lastAngle</name>
         <value>0x200022e4</value>
      </symbol>
      <symbol id="sm-334">
         <name>servo_move</name>
         <value>0x378b</value>
         <object_component_ref idref="oc-d7"/>
      </symbol>
      <symbol id="sm-335">
         <name>servo_init</name>
         <value>0x3705</value>
         <object_component_ref idref="oc-d7"/>
      </symbol>
      <symbol id="sm-336">
         <name>pwm_period</name>
         <value>0x20002338</value>
         <object_component_ref idref="oc-196"/>
      </symbol>
      <symbol id="sm-352">
         <name>ResetISR</name>
         <value>0x5059</value>
         <object_component_ref idref="oc-2a"/>
      </symbol>
      <symbol id="sm-353">
         <name>g_pfnVectors</name>
         <value>0x0</value>
         <object_component_ref idref="oc-12"/>
      </symbol>
      <symbol id="sm-393">
         <name>UART1_Handler</name>
         <value>0x348f</value>
         <object_component_ref idref="oc-e9"/>
      </symbol>
      <symbol id="sm-394">
         <name>command_byte</name>
         <value>0x2000232c</value>
         <object_component_ref idref="oc-1bc"/>
      </symbol>
      <symbol id="sm-395">
         <name>uart_sendChar</name>
         <value>0x33bd</value>
         <object_component_ref idref="oc-e9"/>
      </symbol>
      <symbol id="sm-396">
         <name>uart_interrupt_init</name>
         <value>0x32f9</value>
         <object_component_ref idref="oc-e9"/>
      </symbol>
      <symbol id="sm-397">
         <name>command_flag</name>
         <value>0x20002330</value>
         <object_component_ref idref="oc-1bc"/>
      </symbol>
      <symbol id="sm-398">
         <name>uart_receive_nonblocking</name>
         <value>0x3451</value>
         <object_component_ref idref="oc-e9"/>
      </symbol>
      <symbol id="sm-399">
         <name>uart_receive</name>
         <value>0x33d9</value>
         <object_component_ref idref="oc-e9"/>
      </symbol>
      <symbol id="sm-39a">
         <name>uart_echo</name>
         <value>0x340d</value>
         <object_component_ref idref="oc-e9"/>
      </symbol>
      <symbol id="sm-39b">
         <name>uart_sendStr</name>
         <value>0x3471</value>
         <object_component_ref idref="oc-e9"/>
      </symbol>
      <symbol id="sm-40a">
         <name>powf</name>
         <value>0x18dd</value>
         <object_component_ref idref="oc-1ad"/>
      </symbol>
      <symbol id="sm-41a">
         <name>sqrtf</name>
         <value>0x4ea1</value>
         <object_component_ref idref="oc-270"/>
      </symbol>
      <symbol id="sm-441">
         <name>scalbnf</name>
         <value>0x4389</value>
         <object_component_ref idref="oc-276"/>
      </symbol>
      <symbol id="sm-442">
         <name>ldexpf</name>
         <value>0x4389</value>
         <object_component_ref idref="oc-276"/>
      </symbol>
      <symbol id="sm-469">
         <name>sprintf</name>
         <value>0x4c81</value>
         <object_component_ref idref="oc-ef"/>
      </symbol>
      <symbol id="sm-493">
         <name>vsnprintf</name>
         <value>0x4cc1</value>
         <object_component_ref idref="oc-210"/>
      </symbol>
      <symbol id="sm-4a0">
         <name>copysignf</name>
         <value>0x4f87</value>
         <object_component_ref idref="oc-357"/>
      </symbol>
      <symbol id="sm-4b7">
         <name>__aeabi_dsub</name>
         <value>0x38c5</value>
         <object_component_ref idref="oc-191"/>
      </symbol>
      <symbol id="sm-4b8">
         <name>__aeabi_dadd</name>
         <value>0x38cf</value>
         <object_component_ref idref="oc-191"/>
      </symbol>
      <symbol id="sm-4da">
         <name>__aeabi_cdcmpeq</name>
         <value>0x46c5</value>
         <object_component_ref idref="oc-127"/>
      </symbol>
      <symbol id="sm-4db">
         <name>__aeabi_cdcmple</name>
         <value>0x46c5</value>
         <object_component_ref idref="oc-127"/>
      </symbol>
      <symbol id="sm-4dc">
         <name>__aeabi_cdrcmple</name>
         <value>0x474b</value>
         <object_component_ref idref="oc-37a"/>
      </symbol>
      <symbol id="sm-4f0">
         <name>__aeabi_ddiv</name>
         <value>0x3d3d</value>
         <object_component_ref idref="oc-187"/>
      </symbol>
      <symbol id="sm-4fb">
         <name>__aeabi_dmul</name>
         <value>0x41a9</value>
         <object_component_ref idref="oc-17d"/>
      </symbol>
      <symbol id="sm-505">
         <name>__aeabi_d2iz</name>
         <value>0x4bf5</value>
         <object_component_ref idref="oc-182"/>
      </symbol>
      <symbol id="sm-511">
         <name>__aeabi_d2f</name>
         <value>0x492b</value>
         <object_component_ref idref="oc-18c"/>
      </symbol>
      <symbol id="sm-51c">
         <name>__aeabi_f2d</name>
         <value>0x4d79</value>
         <object_component_ref idref="oc-f5"/>
      </symbol>
      <symbol id="sm-526">
         <name>__aeabi_i2d</name>
         <value>0x4e49</value>
         <object_component_ref idref="oc-11c"/>
      </symbol>
      <symbol id="sm-541">
         <name>memcpy</name>
         <value>0x450b</value>
         <object_component_ref idref="oc-3e"/>
      </symbol>
      <symbol id="sm-542">
         <name>__aeabi_memcpy</name>
         <value>0x450b</value>
         <object_component_ref idref="oc-3e"/>
      </symbol>
      <symbol id="sm-543">
         <name>__aeabi_memcpy8</name>
         <value>0x450b</value>
         <object_component_ref idref="oc-3e"/>
      </symbol>
      <symbol id="sm-544">
         <name>__aeabi_memcpy4</name>
         <value>0x450b</value>
         <object_component_ref idref="oc-3e"/>
      </symbol>
      <symbol id="sm-54e">
         <name>__aeabi_ui2d</name>
         <value>0x4ec9</value>
         <object_component_ref idref="oc-178"/>
      </symbol>
      <symbol id="sm-567">
         <name>__TI_zero_init_nomemset</name>
         <value>0x4ee9</value>
         <object_component_ref idref="oc-4a"/>
      </symbol>
      <symbol id="sm-57e">
         <name>__TI_decompress_none</name>
         <value>0x503f</value>
         <object_component_ref idref="oc-1b"/>
      </symbol>
      <symbol id="sm-5a1">
         <name>__TI_decompress_lzss</name>
         <value>0x4999</value>
         <object_component_ref idref="oc-15"/>
      </symbol>
      <symbol id="sm-5b7">
         <name>atoi</name>
         <value>0x4b61</value>
         <object_component_ref idref="oc-116"/>
      </symbol>
      <symbol id="sm-5c2">
         <name>_ctypes_</name>
         <value>0x5088</value>
         <object_component_ref idref="oc-221"/>
      </symbol>
      <symbol id="sm-657">
         <name>_sys_memory</name>
         <value>0x20001270</value>
         <object_component_ref idref="oc-24"/>
      </symbol>
      <symbol id="sm-658">
         <name>free</name>
         <value>0x42a5</value>
         <object_component_ref idref="oc-1ed"/>
      </symbol>
      <symbol id="sm-659">
         <name>memalign</name>
         <value>0x40a9</value>
         <object_component_ref idref="oc-3c8"/>
      </symbol>
      <symbol id="sm-65a">
         <name>calloc</name>
         <value>0x4d41</value>
         <object_component_ref idref="oc-1e7"/>
      </symbol>
      <symbol id="sm-65b">
         <name>malloc</name>
         <value>0x5079</value>
         <object_component_ref idref="oc-2d3"/>
      </symbol>
      <symbol id="sm-65c">
         <name>aligned_alloc</name>
         <value>0x40a9</value>
         <object_component_ref idref="oc-3c8"/>
      </symbol>
      <symbol id="sm-66b">
         <name>strcmp</name>
         <value>0x4fb7</value>
         <object_component_ref idref="oc-1fa"/>
      </symbol>
      <symbol id="sm-679">
         <name>strcpy</name>
         <value>0x4fe5</value>
         <object_component_ref idref="oc-216"/>
      </symbol>
      <symbol id="sm-68c">
         <name>__stack</name>
         <value>0x20000270</value>
         <object_component_ref idref="oc-27"/>
      </symbol>
      <symbol id="sm-68d">
         <name>_c_int00_noargs</name>
         <value>0x4de5</value>
         <object_component_ref idref="oc-5c"/>
      </symbol>
      <symbol id="sm-6a3">
         <name>__aeabi_errno_addr</name>
         <value>0x5071</value>
         <object_component_ref idref="oc-27c"/>
      </symbol>
      <symbol id="sm-6a4">
         <name>errno</name>
         <value>0x20002334</value>
         <object_component_ref idref="oc-364"/>
      </symbol>
      <symbol id="sm-809">
         <name>__TI_printfi</name>
         <value>0xe8d</value>
         <object_component_ref idref="oc-1c1"/>
      </symbol>
      <symbol id="sm-818">
         <name>__aeabi_memset</name>
         <value>0x47d3</value>
         <object_component_ref idref="oc-96"/>
      </symbol>
      <symbol id="sm-819">
         <name>memset</name>
         <value>0x47d9</value>
         <object_component_ref idref="oc-96"/>
      </symbol>
      <symbol id="sm-81a">
         <name>__aeabi_memset8</name>
         <value>0x47d3</value>
         <object_component_ref idref="oc-96"/>
      </symbol>
      <symbol id="sm-81b">
         <name>__aeabi_memset4</name>
         <value>0x47d3</value>
         <object_component_ref idref="oc-96"/>
      </symbol>
      <symbol id="sm-81c">
         <name>__aeabi_memclr8</name>
         <value>0x47d1</value>
         <object_component_ref idref="oc-96"/>
      </symbol>
      <symbol id="sm-81d">
         <name>__aeabi_memclr4</name>
         <value>0x47d1</value>
         <object_component_ref idref="oc-96"/>
      </symbol>
      <symbol id="sm-81e">
         <name>__aeabi_memclr</name>
         <value>0x47d1</value>
         <object_component_ref idref="oc-96"/>
      </symbol>
      <symbol id="sm-82b">
         <name>__aeabi_uldivmod</name>
         <value>0x45a7</value>
         <object_component_ref idref="oc-374"/>
      </symbol>
      <symbol id="sm-853">
         <name>__TI_auto_init_nobinit_nopinit</name>
         <value>0x4c3d</value>
         <object_component_ref idref="oc-144"/>
      </symbol>
      <symbol id="sm-85d">
         <name>_system_pre_init</name>
         <value>0x5081</value>
         <object_component_ref idref="oc-9c"/>
      </symbol>
      <symbol id="sm-869">
         <name>C$$EXIT</name>
         <value>0x5085</value>
         <object_component_ref idref="oc-138"/>
      </symbol>
      <symbol id="sm-86a">
         <name>abort</name>
         <value>0x5085</value>
         <object_component_ref idref="oc-138"/>
      </symbol>
      <symbol id="sm-87f">
         <name>_nop</name>
         <value>0x18db</value>
         <object_component_ref idref="oc-321"/>
      </symbol>
      <symbol id="sm-880">
         <name>_lock</name>
         <value>0x2000231c</value>
         <object_component_ref idref="oc-236"/>
      </symbol>
      <symbol id="sm-881">
         <name>_unlock</name>
         <value>0x20002320</value>
         <object_component_ref idref="oc-236"/>
      </symbol>
      <symbol id="sm-890">
         <name>__TI_ltoa</name>
         <value>0x4abb</value>
         <object_component_ref idref="oc-37f"/>
      </symbol>
      <symbol id="sm-8a1">
         <name>memccpy</name>
         <value>0x4f21</value>
         <object_component_ref idref="oc-2b7"/>
      </symbol>
      <symbol id="sm-8b1">
         <name>strchr</name>
         <value>0x4fcf</value>
         <object_component_ref idref="oc-3ac"/>
      </symbol>
      <symbol id="sm-8bf">
         <name>strlen</name>
         <value>0x4ff9</value>
         <object_component_ref idref="oc-293"/>
      </symbol>
      <symbol id="sm-8d8">
         <name>wcslen</name>
         <value>0x500d</value>
         <object_component_ref idref="oc-2bd"/>
      </symbol>
      <symbol id="sm-8ee">
         <name>frexpl</name>
         <value>0x4a01</value>
         <object_component_ref idref="oc-3a0"/>
      </symbol>
      <symbol id="sm-8ef">
         <name>frexp</name>
         <value>0x4a01</value>
         <object_component_ref idref="oc-3a0"/>
      </symbol>
      <symbol id="sm-90c">
         <name>scalbn</name>
         <value>0x3f99</value>
         <object_component_ref idref="oc-3a6"/>
      </symbol>
      <symbol id="sm-90d">
         <name>scalbnl</name>
         <value>0x3f99</value>
         <object_component_ref idref="oc-3a6"/>
      </symbol>
      <symbol id="sm-90e">
         <name>ldexpl</name>
         <value>0x3f99</value>
         <object_component_ref idref="oc-3a6"/>
      </symbol>
      <symbol id="sm-90f">
         <name>ldexp</name>
         <value>0x3f99</value>
         <object_component_ref idref="oc-3a6"/>
      </symbol>
      <symbol id="sm-919">
         <name>__aeabi_idiv0</name>
         <value>0x3a7b</value>
         <object_component_ref idref="oc-3fe"/>
      </symbol>
      <symbol id="sm-91a">
         <name>__aeabi_ldiv0</name>
         <value>0x3a7b</value>
         <object_component_ref idref="oc-3fe"/>
      </symbol>
      <symbol id="sm-924">
         <name>copysign</name>
         <value>0x4f3d</value>
         <object_component_ref idref="oc-40d"/>
      </symbol>
      <symbol id="sm-925">
         <name>copysignl</name>
         <value>0x4f3d</value>
         <object_component_ref idref="oc-40d"/>
      </symbol>
      <symbol id="sm-954">
         <name>IntRegister</name>
         <value>0x4db1</value>
         <object_component_ref idref="oc-19d"/>
      </symbol>
      <symbol id="sm-955">
         <name>g_pfnRAMVectors</name>
         <value>0x20000000</value>
         <object_component_ref idref="oc-25c"/>
      </symbol>
      <symbol id="sm-956">
         <name>IntMasterEnable</name>
         <value>0x501f</value>
         <object_component_ref idref="oc-1a3"/>
      </symbol>
      <symbol id="sm-960">
         <name>CPUcpsie</name>
         <value>0x504d</value>
         <object_component_ref idref="oc-266"/>
      </symbol>
      <symbol id="sm-961">
         <name>__TI_static_base__</name>
         <value>0x0</value>
      </symbol>
      <symbol id="sm-964">
         <name>__mpu_init</name>
         <value>0x0</value>
      </symbol>
      <symbol id="sm-965">
         <name>_system_post_cinit</name>
         <value>0x0</value>
      </symbol>
   </symbol_table>
   <title>Link successful</title>
</link_info>
