******************************************************************************
                  TI ARM Linker PC v20.2.7                     
******************************************************************************
>> Linked Mon Apr 29 20:19:46 2024

OUTPUT FILE NAME:   <Project.out>
ENTRY POINT SYMBOL: "_c_int00_noargs"  address: 00004de5


MEMORY CONFIGURATION

         name            origin    length      used     unused   attr    fill
----------------------  --------  ---------  --------  --------  ----  --------
  FLASH                 00000000   00040000  00005241  0003adbf  R  X
  SRAM                  20000000   00008000  0000233a  00005cc6  RW X


SEGMENT ALLOCATION MAP

run origin  load origin   length   init length attrs members
----------  ----------- ---------- ----------- ----- -------
00000000    00000000    00005248   00005248    r-x
  00000000    00000000    0000026c   0000026c    r-- .intvecs
  0000026c    0000026c    00004e1c   00004e1c    r-x .text
  00005088    00005088    00000159   00000159    r-- .const
  000051e8    000051e8    00000060   00000060    r-- .cinit
20000000    20000000    0000233e   00000000    rw-
  20000000    20000000    0000026c   00000000    rw- .vtable
  20000270    20000270    00001000   00000000    rw- .stack
  20001270    20001270    00001000   00000000    rw- .sysmem
  20002270    20002270    0000007c   00000000    rw- .bss
  200022ec    200022ec    00000052   00000000    rw- .data


SECTION ALLOCATION MAP

 output                                  attributes/
section   page    origin      length       input sections
--------  ----  ----------  ----------   ----------------
.intvecs   0    00000000    0000026c     
                  00000000    0000026c     tm4c123gh6pm_startup_ccs.obj (.intvecs)

.text      0    0000026c    00004e1c     
                  0000026c    00000c20     open_interface.obj (.text)
                  00000e8c    00000a4e     rtsv7M4_T_le_v4SPD16_eabi.lib : _printfi.c.obj (.text:__TI_printfi)
                  000018da    00000002                                   : _lock.c.obj (.text:_nop)
                  000018dc    0000058c                                   : e_powf.c.obj (.text:powf)
                  00001e68    00000554     main.obj (.text)
                  000023bc    000004a0     movement.obj (.text)
                  0000285c    00000328     lcd.obj (.text)
                  00002b84    000002bc     ping_template.obj (.text)
                  00002e40    00000270     rtsv7M4_T_le_v4SPD16_eabi.lib : _printfi.c.obj (.text:_pconv_a)
                  000030b0    00000248     Timer.obj (.text)
                  000032f8    0000023c     uart-interrupt.obj (.text)
                  00003534    000001d0     rtsv7M4_T_le_v4SPD16_eabi.lib : _printfi.c.obj (.text:_pconv_g)
                  00003704    000001c0     servo.obj (.text)
                  000038c4    000001b6     rtsv7M4_T_le_v4SPD16_eabi.lib : fd_add_t2.asm.obj (.text)
                  00003a7a    00000002                                   : div0.asm.obj (.text)
                  00003a7c    00000184     adc.obj (.text)
                  00003c00    0000013c     rtsv7M4_T_le_v4SPD16_eabi.lib : _printfi.c.obj (.text:_pconv_e)
                  00003d3c    00000136                                   : fd_div_t2.asm.obj (.text)
                  00003e72    00000002     --HOLE-- [fill = 0]
                  00003e74    00000124                                   : _printfi.c.obj (.text:fcvt)
                  00003f98    00000110                                   : s_scalbn.c.obj (.text:scalbn)
                  000040a8    00000100                                   : memory.c.obj (.text:aligned_alloc)
                  000041a8    000000fc                                   : fd_mul_t2.asm.obj (.text)
                  000042a4    000000e4                                   : memory.c.obj (.text:free)
                  00004388    000000d0                                   : s_scalbnf.c.obj (.text:scalbnf)
                  00004458    000000b1                                   : _printfi.c.obj (.text:_ltostr)
                  00004509    00000001     --HOLE-- [fill = 0]
                  0000450a    0000009c                                   : memcpy_t2.asm.obj (.text)
                  000045a6    00000096                                   : ull_div_t2.asm.obj (.text)
                  0000463c    00000088     button.obj (.text)
                  000046c4    00000086     rtsv7M4_T_le_v4SPD16_eabi.lib : fd_cmp_t2.asm.obj (.text:__aeabi_cdcmple)
                  0000474a    00000086                                   : fd_cmp_t2.asm.obj (.text:__aeabi_cdrcmple)
                  000047d0    0000007a                                   : memset_t2.asm.obj (.text)
                  0000484a    00000002     --HOLE-- [fill = 0]
                  0000484c    00000070                                   : memory.c.obj (.text:split)
                  000048bc    0000006e                                   : _printfi.c.obj (.text:_mcpy)
                  0000492a    0000006e                                   : fd_tos_t2.asm.obj (.text)
                  00004998    00000068                                   : copy_decompress_lzss.c.obj (.text:decompress:lzss:__TI_decompress_lzss)
                  00004a00    00000064                                   : s_frexp.c.obj (.text:frexp)
                  00004a64    00000056                                   : _printfi.c.obj (.text:_pconv_f)
                  00004aba    00000054                                   : _ltoa.c.obj (.text:__TI_ltoa)
                  00004b0e    00000052                                   : _printfi.c.obj (.text:_ecpy)
                  00004b60    0000004c                                   : atoi.c.obj (.text:atoi)
                  00004bac    00000048     music.obj (.text)
                  00004bf4    00000048     rtsv7M4_T_le_v4SPD16_eabi.lib : fd_toi_t2.asm.obj (.text)
                  00004c3c    00000044                                   : autoinit.c.obj (.text:__TI_auto_init_nobinit_nopinit:__TI_auto_init_nobinit_nopinit)
                  00004c80    00000040                                   : sprintf.c.obj (.text:sprintf)
                  00004cc0    00000040                                   : vsnprintf.c.obj (.text:vsnprintf)
                  00004d00    0000003e                                   : _printfi.c.obj (.text:_fcpy)
                  00004d3e    00000002     --HOLE-- [fill = 0]
                  00004d40    00000038                                   : memory.c.obj (.text:calloc)
                  00004d78    00000038                                   : fs_tod_t2.asm.obj (.text)
                  00004db0    00000034     driverlib.lib : interrupt.obj (.text:IntRegister)
                  00004de4    00000034     rtsv7M4_T_le_v4SPD16_eabi.lib : boot_cortex_m.c.obj (.text:_c_int00_noargs:_c_int00_noargs)
                  00004e18    00000030                                   : vsnprintf.c.obj (.text:_outs)
                  00004e48    0000002e                                   : i_tofd_t2.asm.obj (.text)
                  00004e76    00000002     --HOLE-- [fill = 0]
                  00004e78    00000028                                   : memory.c.obj (.text:free_list_insert)
                  00004ea0    00000028                                   : e_sqrtf.c.obj (.text:sqrtf)
                  00004ec8    00000020                                   : u_tofd_t2.asm.obj (.text)
                  00004ee8    0000001c                                   : copy_zero_init.c.obj (.text:decompress:ZI:__TI_zero_init_nomemset:__TI_zero_init_nomemset)
                  00004f04    0000001c                                   : memory.c.obj (.text:free_list_remove)
                  00004f20    0000001c                                   : memccpy.c.obj (.text:memccpy)
                  00004f3c    0000001a                                   : s_copysign.c.obj (.text:copysign)
                  00004f56    00000018                                   : vsnprintf.c.obj (.text:_outc)
                  00004f6e    00000018                                   : sprintf.c.obj (.text:_outs)
                  00004f86    00000018                                   : s_copysignf.c.obj (.text:copysignf)
                  00004f9e    00000018     open_interface.obj (.text:oi_parseInt)
                  00004fb6    00000018     rtsv7M4_T_le_v4SPD16_eabi.lib : strcmp.c.obj (.text:strcmp)
                  00004fce    00000016                                   : strchr.c.obj (.text:strchr)
                  00004fe4    00000014                                   : strcpy.c.obj (.text:strcpy)
                  00004ff8    00000014                                   : strlen.c.obj (.text:strlen)
                  0000500c    00000012                                   : wcslen.c.obj (.text:wcslen)
                  0000501e    00000010     driverlib.lib : interrupt.obj (.text:IntMasterEnable)
                  0000502e    00000010     lcd.obj (.text:lcd_clear)
                  0000503e    0000000e     rtsv7M4_T_le_v4SPD16_eabi.lib : copy_decompress_none.c.obj (.text:decompress:none:__TI_decompress_none)
                  0000504c    0000000c     driverlib.lib : cpu.obj (.text:CPUcpsie)
                  00005058    0000000c     tm4c123gh6pm_startup_ccs.obj (.text)
                  00005064    0000000a     rtsv7M4_T_le_v4SPD16_eabi.lib : sprintf.c.obj (.text:_outc)
                  0000506e    00000002     --HOLE-- [fill = 0]
                  00005070    00000008                                   : errno.c.obj (.text:__aeabi_errno_addr)
                  00005078    00000008                                   : memory.c.obj (.text:malloc)
                  00005080    00000004                                   : pre_init.c.obj (.text:_system_pre_init)
                  00005084    00000004                                   : exit.c.obj (.text:abort:abort)

.const     0    00005088    00000159     
                  00005088    00000101     rtsv7M4_T_le_v4SPD16_eabi.lib : ctype.c.obj (.const:.string:_ctypes_)
                  00005189    00000003     --HOLE-- [fill = 0]
                  0000518c    00000018                                   : e_powf.c.obj (.const:$O1$$)
                  000051a4    00000013     music.obj (.const:.string:$P$T0$1)
                  000051b7    00000013     music.obj (.const:.string:$P$T1$2)
                  000051ca    0000000f     open_interface.obj (.const:.string:$P$T0$3)
                  000051d9    00000004     lcd.obj (.const:.string:lineAddress$1)
                  000051dd    00000004     lcd.obj (.const:.string:lineAddresses$2)

.cinit     0    000051e8    00000060     
                  000051e8    00000029     (.cinit..data.load) [load image, compression = lzss]
                  00005211    00000003     --HOLE-- [fill = 0]
                  00005214    0000000c     (__TI_handler_table)
                  00005220    00000008     (.cinit..bss.load) [load image, compression = zero_init]
                  00005228    00000008     (.cinit..vtable.load) [load image, compression = zero_init]
                  00005230    00000018     (__TI_cinit_table)

.init_array 
*          0    00000000    00000000     UNINITIALIZED

.vtable    0    20000000    0000026c     UNINITIALIZED
                  20000000    0000026c     driverlib.lib : interrupt.obj (.vtable)

.stack     0    20000270    00001000     UNINITIALIZED
                  20000270    00000004     rtsv7M4_T_le_v4SPD16_eabi.lib : boot_cortex_m.c.obj (.stack)
                  20000274    00000ffc     --HOLE--

.sysmem    0    20001270    00001000     UNINITIALIZED
                  20001270    00000010     rtsv7M4_T_le_v4SPD16_eabi.lib : memory.c.obj (.sysmem)
                  20001280    00000ff0     --HOLE--

.bss       0    20002270    0000007c     UNINITIALIZED
                  20002270    00000054     lcd.obj (.bss:lastbuffer$3)
                  200022c4    00000018     open_interface.obj (.bss:firmware$2)
                  200022dc    00000004     (.common:_timeout_ticks)
                  200022e0    00000004     (.common:irDist)
                  200022e4    00000004     (.common:lastAngle)
                  200022e8    00000004     (.common:pingDistance)

.data      0    200022ec    00000052     UNINITIALIZED
                  200022ec    00000020     open_interface.obj (.data)
                  2000230c    00000010     ping_template.obj (.data)
                  2000231c    00000008     rtsv7M4_T_le_v4SPD16_eabi.lib : _lock.c.obj (.data:$O1$$)
                  20002324    00000008                                   : memory.c.obj (.data:$O1$$)
                  2000232c    00000008     uart-interrupt.obj (.data)
                  20002334    00000004     rtsv7M4_T_le_v4SPD16_eabi.lib : errno.c.obj (.data)
                  20002338    00000004     servo.obj (.data)
                  2000233c    00000001     Timer.obj (.data)
                  2000233d    00000001     button.obj (.data)

__llvm_prf_cnts 
*          0    20000000    00000000     UNINITIALIZED

MODULE SUMMARY

       Module                         code    ro data   rw data
       ------                         ----    -------   -------
    .\
       open_interface.obj             3128    15        56     
       main.obj                       1364    0         8      
       movement.obj                   1184    0         0      
       lcd.obj                        824     8         84     
       ping_template.obj              700     0         16     
       tm4c123gh6pm_startup_ccs.obj   12      620       0      
       Timer.obj                      584     0         5      
       uart-interrupt.obj             572     0         8      
       servo.obj                      448     0         8      
       adc.obj                        388     0         0      
       button.obj                     136     0         1      
       music.obj                      72      38        0      
    +--+------------------------------+-------+---------+---------+
       Total:                         9412    681       186    
                                                               
    C:/ti/TivaWare_C_Series-2.2.0.295/driverlib/ccs/Debug/driverlib.lib
       interrupt.obj                  68      0         620    
       cpu.obj                        12      0         0      
    +--+------------------------------+-------+---------+---------+
       Total:                         80      0         620    
                                                               
    C:\ti\ccs1230\ccs\tools\compiler\ti-cgt-arm_20.2.7.LTS\lib\rtsv7M4_T_le_v4SPD16_eabi.lib
       _printfi.c.obj                 4851    0         0      
       e_powf.c.obj                   1420    24        0      
       memory.c.obj                   728     0         8      
       fd_add_t2.asm.obj              438     0         0      
       fd_div_t2.asm.obj              310     0         0      
       s_scalbn.c.obj                 272     0         0      
       fd_cmp_t2.asm.obj              268     0         0      
       ctype.c.obj                    0       257       0      
       fd_mul_t2.asm.obj              252     0         0      
       s_scalbnf.c.obj                208     0         0      
       memcpy_t2.asm.obj              156     0         0      
       ull_div_t2.asm.obj             150     0         0      
       vsnprintf.c.obj                136     0         0      
       memset_t2.asm.obj              122     0         0      
       fd_tos_t2.asm.obj              110     0         0      
       copy_decompress_lzss.c.obj     104     0         0      
       s_frexp.c.obj                  100     0         0      
       sprintf.c.obj                  98      0         0      
       _ltoa.c.obj                    84      0         0      
       atoi.c.obj                     76      0         0      
       fd_toi_t2.asm.obj              72      0         0      
       autoinit.c.obj                 68      0         0      
       fs_tod_t2.asm.obj              56      0         0      
       boot_cortex_m.c.obj            52      0         0      
       i_tofd_t2.asm.obj              46      0         0      
       e_sqrtf.c.obj                  40      0         0      
       u_tofd_t2.asm.obj              32      0         0      
       copy_zero_init.c.obj           28      0         0      
       memccpy.c.obj                  28      0         0      
       s_copysign.c.obj               26      0         0      
       s_copysignf.c.obj              24      0         0      
       strcmp.c.obj                   24      0         0      
       strchr.c.obj                   22      0         0      
       strcpy.c.obj                   20      0         0      
       strlen.c.obj                   20      0         0      
       wcslen.c.obj                   18      0         0      
       copy_decompress_none.c.obj     14      0         0      
       errno.c.obj                    8       0         4      
       _lock.c.obj                    2       0         8      
       exit.c.obj                     4       0         0      
       pre_init.c.obj                 4       0         0      
       div0.asm.obj                   2       0         0      
    +--+------------------------------+-------+---------+---------+
       Total:                         10493   281       20     
                                                               
       Heap:                          0       0         4096   
       Stack:                         0       0         4096   
       Linker Generated:              0       93        0      
    +--+------------------------------+-------+---------+---------+
       Grand Total:                   19985   1055      9018   


LINKER GENERATED COPY TABLES

__TI_cinit_table @ 00005230 records: 3, size/record: 8, table size: 24
	.data: load addr=000051e8, load size=00000029 bytes, run addr=200022ec, run size=00000052 bytes, compression=lzss
	.bss: load addr=00005220, load size=00000008 bytes, run addr=20002270, run size=0000007c bytes, compression=zero_init
	.vtable: load addr=00005228, load size=00000008 bytes, run addr=20000000, run size=0000026c bytes, compression=zero_init


LINKER GENERATED HANDLER TABLE

__TI_handler_table @ 00005214 records: 3, size/record: 4, table size: 12
	index: 0, handler: __TI_zero_init
	index: 1, handler: __TI_decompress_lzss
	index: 2, handler: __TI_decompress_none


GLOBAL SYMBOLS: SORTED ALPHABETICALLY BY Name 

address   name                          
-------   ----                          
00005085  C$$EXIT                       
0000504d  CPUcpsie                      
20002310  END_TIME                      
00000bc3  GPIOF_Handler                 
0000501f  IntMasterEnable               
00004db1  IntRegister                   
00005059  ResetISR                      
2000230c  START_TIME                    
20002314  STATE                         
00002cbd  TIMER3B_Handler               
0000348f  UART1_Handler                 
20001270  __STACK_END                   
00001000  __STACK_SIZE                  
20000470  __STACK_TOP                   
00001000  __SYSMEM_SIZE                 
00005230  __TI_CINIT_Base               
00005248  __TI_CINIT_Limit              
00005214  __TI_Handler_Table_Base       
00005220  __TI_Handler_Table_Limit      
00004c3d  __TI_auto_init_nobinit_nopinit
00004999  __TI_decompress_lzss          
0000503f  __TI_decompress_none          
00004abb  __TI_ltoa                     
ffffffff  __TI_pprof_out_hndl           
00000e8d  __TI_printfi                  
ffffffff  __TI_prof_data_size           
ffffffff  __TI_prof_data_start          
00000000  __TI_static_base__            
00004ee9  __TI_zero_init_nomemset       
000046c5  __aeabi_cdcmpeq               
000046c5  __aeabi_cdcmple               
0000474b  __aeabi_cdrcmple              
0000492b  __aeabi_d2f                   
00004bf5  __aeabi_d2iz                  
000038cf  __aeabi_dadd                  
00003d3d  __aeabi_ddiv                  
000041a9  __aeabi_dmul                  
000038c5  __aeabi_dsub                  
00005071  __aeabi_errno_addr            
00004d79  __aeabi_f2d                   
00004e49  __aeabi_i2d                   
00003a7b  __aeabi_idiv0                 
00003a7b  __aeabi_ldiv0                 
000047d1  __aeabi_memclr                
000047d1  __aeabi_memclr4               
000047d1  __aeabi_memclr8               
0000450b  __aeabi_memcpy                
0000450b  __aeabi_memcpy4               
0000450b  __aeabi_memcpy8               
000047d3  __aeabi_memset                
000047d3  __aeabi_memset4               
000047d3  __aeabi_memset8               
00004ec9  __aeabi_ui2d                  
000045a7  __aeabi_uldivmod              
ffffffff  __binit__                     
ffffffff  __c_args__                    
UNDEFED   __mpu_init                    
20000270  __stack                       
20000000  __start___llvm_prf_cnts       
20000000  __stop___llvm_prf_cnts        
00004de5  _c_int00_noargs               
00005088  _ctypes_                      
2000231c  _lock                         
000018db  _nop                          
2000233c  _running                      
20001270  _sys_memory                   
UNDEFED   _system_post_cinit            
00005081  _system_pre_init              
200022dc  _timeout_ticks                
20002320  _unlock                       
00005085  abort                         
00003b5d  adc_distance                  
00003a7d  adc_init                      
00003af3  adc_read                      
00003b21  adc_read_avg                  
000040a9  aligned_alloc                 
00004b61  atoi                          
ffffffff  binit                         
00004677  button_getButton              
0000463d  button_init                   
00004d41  calloc                        
2000232c  command_byte                  
20002330  command_flag                  
00004f3d  copysign                      
00004f87  copysignf                     
00004f3d  copysignl                     
20002334  errno                         
000042a5  free                          
00004a01  frexp                         
00004a01  frexpl                        
20000000  g_pfnRAMVectors               
00000000  g_pfnVectors                  
0000097f  go_charge                     
200022e0  irDist                        
200022e4  lastAngle                     
0000502f  lcd_clear                     
00002a31  lcd_gotoLine                  
00002899  lcd_init                      
00002a97  lcd_printf                    
00002959  lcd_putc                      
00002991  lcd_puts                      
0000285d  lcd_reverseNibble             
000029af  lcd_sendCommand               
000029ed  lcd_sendNibble                
00002a59  lcd_setCursorPos              
00003f99  ldexp                         
00004389  ldexpf                        
00003f99  ldexpl                        
00004bb9  load_song_SW                  
00002015  main                          
00005079  malloc                        
000040a9  memalign                      
00004f21  memccpy                       
0000450b  memcpy                        
000047d9  memset                        
200022ec  motor_cal_factor_L            
200022f0  motor_cal_factor_R            
000026f1  move_backward                 
000023bd  move_forward                  
0000026d  oi_alloc                      
00000aa9  oi_checkFirmware              
000002c7  oi_close                      
00000279  oi_free                       
00000ded  oi_getMotorCalibrationLeft    
00000e01  oi_getMotorCalibrationRight   
000002b1  oi_init                       
00000289  oi_init_noupdate              
00000915  oi_loadSong                   
00004f9f  oi_parseInt                   
0000032b  oi_parsePacket                
0000096b  oi_play_song                  
0000084b  oi_setLeds                    
00000db1  oi_setMotorCalibration        
0000088f  oi_setWheels                  
00000b51  oi_shutoff_init               
0000098d  oi_uartInit                   
00000a31  oi_uartReceive                
00000a77  oi_uartSendBuff               
00000a15  oi_uartSendChar               
00000a59  oi_uartSendStr                
000002d9  oi_update                     
20002318  overflow_cnt                  
200022e8  pingDistance                  
00001e69  pingScan                      
00002cfd  ping_getDistance              
00002b85  ping_init                     
00002c31  ping_trigger                  
00004bad  playSong                      
000018dd  powf                          
20002338  pwm_period                    
00003f99  scalbn                        
00004389  scalbnf                       
00003f99  scalbnl                       
00001e8b  scan                          
00003705  servo_init                    
0000378b  servo_move                    
00004c81  sprintf                       
00004ea1  sqrtf                         
00004fcf  strchr                        
00004fb7  strcmp                        
00004fe5  strcpy                        
00004ff9  strlen                        
000031cf  timer_getMicros               
00003177  timer_getMillis               
000030b1  timer_init                    
00003153  timer_pause                   
00003165  timer_resume                  
00003129  timer_stop                    
00003229  timer_waitMicros              
0000325b  timer_waitMillis              
00002771  turn_left                     
000027df  turn_right                    
0000340d  uart_echo                     
000032f9  uart_interrupt_init           
000033d9  uart_receive                  
00003451  uart_receive_nonblocking      
000033bd  uart_sendChar                 
00003471  uart_sendStr                  
00004cc1  vsnprintf                     
0000500d  wcslen                        


GLOBAL SYMBOLS: SORTED BY Symbol Address 

address   name                          
-------   ----                          
00000000  __TI_static_base__            
00000000  g_pfnVectors                  
0000026d  oi_alloc                      
00000279  oi_free                       
00000289  oi_init_noupdate              
000002b1  oi_init                       
000002c7  oi_close                      
000002d9  oi_update                     
0000032b  oi_parsePacket                
0000084b  oi_setLeds                    
0000088f  oi_setWheels                  
00000915  oi_loadSong                   
0000096b  oi_play_song                  
0000097f  go_charge                     
0000098d  oi_uartInit                   
00000a15  oi_uartSendChar               
00000a31  oi_uartReceive                
00000a59  oi_uartSendStr                
00000a77  oi_uartSendBuff               
00000aa9  oi_checkFirmware              
00000b51  oi_shutoff_init               
00000bc3  GPIOF_Handler                 
00000db1  oi_setMotorCalibration        
00000ded  oi_getMotorCalibrationLeft    
00000e01  oi_getMotorCalibrationRight   
00000e8d  __TI_printfi                  
00001000  __STACK_SIZE                  
00001000  __SYSMEM_SIZE                 
000018db  _nop                          
000018dd  powf                          
00001e69  pingScan                      
00001e8b  scan                          
00002015  main                          
000023bd  move_forward                  
000026f1  move_backward                 
00002771  turn_left                     
000027df  turn_right                    
0000285d  lcd_reverseNibble             
00002899  lcd_init                      
00002959  lcd_putc                      
00002991  lcd_puts                      
000029af  lcd_sendCommand               
000029ed  lcd_sendNibble                
00002a31  lcd_gotoLine                  
00002a59  lcd_setCursorPos              
00002a97  lcd_printf                    
00002b85  ping_init                     
00002c31  ping_trigger                  
00002cbd  TIMER3B_Handler               
00002cfd  ping_getDistance              
000030b1  timer_init                    
00003129  timer_stop                    
00003153  timer_pause                   
00003165  timer_resume                  
00003177  timer_getMillis               
000031cf  timer_getMicros               
00003229  timer_waitMicros              
0000325b  timer_waitMillis              
000032f9  uart_interrupt_init           
000033bd  uart_sendChar                 
000033d9  uart_receive                  
0000340d  uart_echo                     
00003451  uart_receive_nonblocking      
00003471  uart_sendStr                  
0000348f  UART1_Handler                 
00003705  servo_init                    
0000378b  servo_move                    
000038c5  __aeabi_dsub                  
000038cf  __aeabi_dadd                  
00003a7b  __aeabi_idiv0                 
00003a7b  __aeabi_ldiv0                 
00003a7d  adc_init                      
00003af3  adc_read                      
00003b21  adc_read_avg                  
00003b5d  adc_distance                  
00003d3d  __aeabi_ddiv                  
00003f99  ldexp                         
00003f99  ldexpl                        
00003f99  scalbn                        
00003f99  scalbnl                       
000040a9  aligned_alloc                 
000040a9  memalign                      
000041a9  __aeabi_dmul                  
000042a5  free                          
00004389  ldexpf                        
00004389  scalbnf                       
0000450b  __aeabi_memcpy                
0000450b  __aeabi_memcpy4               
0000450b  __aeabi_memcpy8               
0000450b  memcpy                        
000045a7  __aeabi_uldivmod              
0000463d  button_init                   
00004677  button_getButton              
000046c5  __aeabi_cdcmpeq               
000046c5  __aeabi_cdcmple               
0000474b  __aeabi_cdrcmple              
000047d1  __aeabi_memclr                
000047d1  __aeabi_memclr4               
000047d1  __aeabi_memclr8               
000047d3  __aeabi_memset                
000047d3  __aeabi_memset4               
000047d3  __aeabi_memset8               
000047d9  memset                        
0000492b  __aeabi_d2f                   
00004999  __TI_decompress_lzss          
00004a01  frexp                         
00004a01  frexpl                        
00004abb  __TI_ltoa                     
00004b61  atoi                          
00004bad  playSong                      
00004bb9  load_song_SW                  
00004bf5  __aeabi_d2iz                  
00004c3d  __TI_auto_init_nobinit_nopinit
00004c81  sprintf                       
00004cc1  vsnprintf                     
00004d41  calloc                        
00004d79  __aeabi_f2d                   
00004db1  IntRegister                   
00004de5  _c_int00_noargs               
00004e49  __aeabi_i2d                   
00004ea1  sqrtf                         
00004ec9  __aeabi_ui2d                  
00004ee9  __TI_zero_init_nomemset       
00004f21  memccpy                       
00004f3d  copysign                      
00004f3d  copysignl                     
00004f87  copysignf                     
00004f9f  oi_parseInt                   
00004fb7  strcmp                        
00004fcf  strchr                        
00004fe5  strcpy                        
00004ff9  strlen                        
0000500d  wcslen                        
0000501f  IntMasterEnable               
0000502f  lcd_clear                     
0000503f  __TI_decompress_none          
0000504d  CPUcpsie                      
00005059  ResetISR                      
00005071  __aeabi_errno_addr            
00005079  malloc                        
00005081  _system_pre_init              
00005085  C$$EXIT                       
00005085  abort                         
00005088  _ctypes_                      
00005214  __TI_Handler_Table_Base       
00005220  __TI_Handler_Table_Limit      
00005230  __TI_CINIT_Base               
00005248  __TI_CINIT_Limit              
20000000  __start___llvm_prf_cnts       
20000000  __stop___llvm_prf_cnts        
20000000  g_pfnRAMVectors               
20000270  __stack                       
20000470  __STACK_TOP                   
20001270  __STACK_END                   
20001270  _sys_memory                   
200022dc  _timeout_ticks                
200022e0  irDist                        
200022e4  lastAngle                     
200022e8  pingDistance                  
200022ec  motor_cal_factor_L            
200022f0  motor_cal_factor_R            
2000230c  START_TIME                    
20002310  END_TIME                      
20002314  STATE                         
20002318  overflow_cnt                  
2000231c  _lock                         
20002320  _unlock                       
2000232c  command_byte                  
20002330  command_flag                  
20002334  errno                         
20002338  pwm_period                    
2000233c  _running                      
ffffffff  __TI_pprof_out_hndl           
ffffffff  __TI_prof_data_size           
ffffffff  __TI_prof_data_start          
ffffffff  __binit__                     
ffffffff  __c_args__                    
ffffffff  binit                         
UNDEFED   __mpu_init                    
UNDEFED   _system_post_cinit            

[180 symbols]
