******************************************************************************
                  TI ARM Linker PC v20.2.7                     
******************************************************************************
>> Linked Thu Apr 25 12:17:50 2024

OUTPUT FILE NAME:   <Project.out>
ENTRY POINT SYMBOL: "_c_int00_noargs"  address: 00005029


MEMORY CONFIGURATION

         name            origin    length      used     unused   attr    fill
----------------------  --------  ---------  --------  --------  ----  --------
  FLASH                 00000000   00040000  0000545f  0003aba1  R  X
  SRAM                  20000000   00008000  00002336  00005cca  RW X


SEGMENT ALLOCATION MAP

run origin  load origin   length   init length attrs members
----------  ----------- ---------- ----------- ----- -------
00000000    00000000    00005460   00005460    r-x
  00000000    00000000    0000026c   0000026c    r-- .intvecs
  0000026c    0000026c    00005060   00005060    r-x .text
  000052cc    000052cc    00000133   00000133    r-- .const
  00005400    00005400    00000060   00000060    r-- .cinit
20000000    20000000    0000233a   00000000    rw-
  20000000    20000000    0000026c   00000000    rw- .vtable
  20000270    20000270    00001000   00000000    rw- .stack
  20001270    20001270    00001000   00000000    rw- .sysmem
  20002270    20002270    00000078   00000000    rw- .bss
  200022e8    200022e8    00000052   00000000    rw- .data


SECTION ALLOCATION MAP

 output                                  attributes/
section   page    origin      length       input sections
--------  ----  ----------  ----------   ----------------
.intvecs   0    00000000    0000026c     
                  00000000    0000026c     tm4c123gh6pm_startup_ccs.obj (.intvecs)

.text      0    0000026c    00005060     
                  0000026c    00000c20     open_interface.obj (.text)
                  00000e8c    00000a4e     rtsv7M4_T_le_v4SPD16_eabi.lib : _printfi.c.obj (.text:__TI_printfi)
                  000018da    00000002                                   : _lock.c.obj (.text:_nop)
                  000018dc    000007b4     main.obj (.text)
                  00002090    0000058c     rtsv7M4_T_le_v4SPD16_eabi.lib : e_powf.c.obj (.text:powf)
                  0000261c    0000051c     movement.obj (.text)
                  00002b38    00000328     lcd.obj (.text)
                  00002e60    00000314     ping_template.obj (.text)
                  00003174    00000270     rtsv7M4_T_le_v4SPD16_eabi.lib : _printfi.c.obj (.text:_pconv_a)
                  000033e4    00000248     Timer.obj (.text)
                  0000362c    000001f8     uart-interrupt.obj (.text)
                  00003824    000001d0     rtsv7M4_T_le_v4SPD16_eabi.lib : _printfi.c.obj (.text:_pconv_g)
                  000039f4    000001b6                                   : fd_add_t2.asm.obj (.text)
                  00003baa    00000002                                   : div0.asm.obj (.text)
                  00003bac    0000018c     adc.obj (.text)
                  00003d38    00000154     servo.obj (.text)
                  00003e8c    0000013c     rtsv7M4_T_le_v4SPD16_eabi.lib : _printfi.c.obj (.text:_pconv_e)
                  00003fc8    00000136                                   : fd_div_t2.asm.obj (.text)
                  000040fe    00000002     --HOLE-- [fill = 0]
                  00004100    00000124                                   : _printfi.c.obj (.text:fcvt)
                  00004224    00000110                                   : s_scalbn.c.obj (.text:scalbn)
                  00004334    00000100                                   : memory.c.obj (.text:aligned_alloc)
                  00004434    000000fc                                   : fd_mul_t2.asm.obj (.text)
                  00004530    000000e4                                   : memory.c.obj (.text:free)
                  00004614    000000d0                                   : s_scalbnf.c.obj (.text:scalbnf)
                  000046e4    000000b1                                   : _printfi.c.obj (.text:_ltostr)
                  00004795    00000001     --HOLE-- [fill = 0]
                  00004796    0000009c                                   : memcpy_t2.asm.obj (.text)
                  00004832    00000096                                   : ull_div_t2.asm.obj (.text)
                  000048c8    00000088     button.obj (.text)
                  00004950    00000086     rtsv7M4_T_le_v4SPD16_eabi.lib : fd_cmp_t2.asm.obj (.text:__aeabi_cdcmple)
                  000049d6    00000086                                   : fd_cmp_t2.asm.obj (.text:__aeabi_cdrcmple)
                  00004a5c    0000007a                                   : memset_t2.asm.obj (.text)
                  00004ad6    00000002     --HOLE-- [fill = 0]
                  00004ad8    00000070                                   : memory.c.obj (.text:split)
                  00004b48    0000006e                                   : _printfi.c.obj (.text:_mcpy)
                  00004bb6    0000006e                                   : fd_tos_t2.asm.obj (.text)
                  00004c24    00000068                                   : copy_decompress_lzss.c.obj (.text:decompress:lzss:__TI_decompress_lzss)
                  00004c8c    00000064                                   : s_frexp.c.obj (.text:frexp)
                  00004cf0    00000056                                   : _printfi.c.obj (.text:_pconv_f)
                  00004d46    00000054                                   : _ltoa.c.obj (.text:__TI_ltoa)
                  00004d9a    00000052                                   : _printfi.c.obj (.text:_ecpy)
                  00004dec    0000004c                                   : atoi.c.obj (.text:atoi)
                  00004e38    00000048                                   : fd_toi_t2.asm.obj (.text)
                  00004e80    00000044                                   : autoinit.c.obj (.text:__TI_auto_init_nobinit_nopinit:__TI_auto_init_nobinit_nopinit)
                  00004ec4    00000040                                   : sprintf.c.obj (.text:sprintf)
                  00004f04    00000040                                   : vsnprintf.c.obj (.text:vsnprintf)
                  00004f44    0000003e                                   : _printfi.c.obj (.text:_fcpy)
                  00004f82    00000002     --HOLE-- [fill = 0]
                  00004f84    00000038                                   : memory.c.obj (.text:calloc)
                  00004fbc    00000038                                   : fs_tod_t2.asm.obj (.text)
                  00004ff4    00000034     driverlib.lib : interrupt.obj (.text:IntRegister)
                  00005028    00000034     rtsv7M4_T_le_v4SPD16_eabi.lib : boot_cortex_m.c.obj (.text:_c_int00_noargs:_c_int00_noargs)
                  0000505c    00000030                                   : vsnprintf.c.obj (.text:_outs)
                  0000508c    0000002e                                   : i_tofd_t2.asm.obj (.text)
                  000050ba    00000002     --HOLE-- [fill = 0]
                  000050bc    00000028                                   : memory.c.obj (.text:free_list_insert)
                  000050e4    00000028                                   : e_sqrtf.c.obj (.text:sqrtf)
                  0000510c    00000020                                   : u_tofd_t2.asm.obj (.text)
                  0000512c    0000001c                                   : copy_zero_init.c.obj (.text:decompress:ZI:__TI_zero_init_nomemset:__TI_zero_init_nomemset)
                  00005148    0000001c                                   : memory.c.obj (.text:free_list_remove)
                  00005164    0000001c                                   : memccpy.c.obj (.text:memccpy)
                  00005180    0000001a                                   : s_copysign.c.obj (.text:copysign)
                  0000519a    00000018                                   : vsnprintf.c.obj (.text:_outc)
                  000051b2    00000018                                   : sprintf.c.obj (.text:_outs)
                  000051ca    00000018                                   : s_copysignf.c.obj (.text:copysignf)
                  000051e2    00000018     open_interface.obj (.text:oi_parseInt)
                  000051fa    00000018     rtsv7M4_T_le_v4SPD16_eabi.lib : strcmp.c.obj (.text:strcmp)
                  00005212    00000016                                   : strchr.c.obj (.text:strchr)
                  00005228    00000014                                   : strcpy.c.obj (.text:strcpy)
                  0000523c    00000014                                   : strlen.c.obj (.text:strlen)
                  00005250    00000012                                   : wcslen.c.obj (.text:wcslen)
                  00005262    00000010     driverlib.lib : interrupt.obj (.text:IntMasterEnable)
                  00005272    00000010     lcd.obj (.text:lcd_clear)
                  00005282    0000000e     rtsv7M4_T_le_v4SPD16_eabi.lib : copy_decompress_none.c.obj (.text:decompress:none:__TI_decompress_none)
                  00005290    0000000c     driverlib.lib : cpu.obj (.text:CPUcpsie)
                  0000529c    0000000c     tm4c123gh6pm_startup_ccs.obj (.text)
                  000052a8    0000000a     rtsv7M4_T_le_v4SPD16_eabi.lib : sprintf.c.obj (.text:_outc)
                  000052b2    00000002     --HOLE-- [fill = 0]
                  000052b4    00000008                                   : errno.c.obj (.text:__aeabi_errno_addr)
                  000052bc    00000008                                   : memory.c.obj (.text:malloc)
                  000052c4    00000004                                   : pre_init.c.obj (.text:_system_pre_init)
                  000052c8    00000004                                   : exit.c.obj (.text:abort:abort)

.const     0    000052cc    00000133     
                  000052cc    00000101     rtsv7M4_T_le_v4SPD16_eabi.lib : ctype.c.obj (.const:.string:_ctypes_)
                  000053cd    00000003     --HOLE-- [fill = 0]
                  000053d0    00000018                                   : e_powf.c.obj (.const:$O1$$)
                  000053e8    0000000f     open_interface.obj (.const:.string:$P$T0$3)
                  000053f7    00000004     lcd.obj (.const:.string:lineAddress$1)
                  000053fb    00000004     lcd.obj (.const:.string:lineAddresses$2)

.cinit     0    00005400    00000060     
                  00005400    00000029     (.cinit..data.load) [load image, compression = lzss]
                  00005429    00000003     --HOLE-- [fill = 0]
                  0000542c    0000000c     (__TI_handler_table)
                  00005438    00000008     (.cinit..bss.load) [load image, compression = zero_init]
                  00005440    00000008     (.cinit..vtable.load) [load image, compression = zero_init]
                  00005448    00000018     (__TI_cinit_table)

.init_array 
*          0    00000000    00000000     UNINITIALIZED

.vtable    0    20000000    0000026c     UNINITIALIZED
                  20000000    0000026c     driverlib.lib : interrupt.obj (.vtable)

.stack     0    20000270    00001000     UNINITIALIZED
                  20000270    00000004     rtsv7M4_T_le_v4SPD16_eabi.lib : boot_cortex_m.c.obj (.stack)
                  20000274    00000ffc     --HOLE--

.sysmem    0    20001270    00001000     UNINITIALIZED
                  20001270    00000010     rtsv7M4_T_le_v4SPD16_eabi.lib : memory.c.obj (.sysmem)
                  20001280    00000ff0     --HOLE--

.bss       0    20002270    00000078     UNINITIALIZED
                  20002270    00000054     lcd.obj (.bss:lastbuffer$3)
                  200022c4    00000018     open_interface.obj (.bss:firmware$2)
                  200022dc    00000004     (.common:_timeout_ticks)
                  200022e0    00000004     (.common:irDist)
                  200022e4    00000004     (.common:pingDistance)

.data      0    200022e8    00000052     UNINITIALIZED
                  200022e8    00000020     open_interface.obj (.data)
                  20002308    00000010     ping_template.obj (.data)
                  20002318    00000008     rtsv7M4_T_le_v4SPD16_eabi.lib : _lock.c.obj (.data:$O1$$)
                  20002320    00000008                                   : memory.c.obj (.data:$O1$$)
                  20002328    00000008     uart-interrupt.obj (.data)
                  20002330    00000004     rtsv7M4_T_le_v4SPD16_eabi.lib : errno.c.obj (.data)
                  20002334    00000004     servo.obj (.data)
                  20002338    00000001     Timer.obj (.data)
                  20002339    00000001     button.obj (.data)

__llvm_prf_cnts 
*          0    20000000    00000000     UNINITIALIZED

MODULE SUMMARY

       Module                         code    ro data   rw data
       ------                         ----    -------   -------
    .\
       open_interface.obj             3128    15        56     
       main.obj                       1972    0         8      
       movement.obj                   1308    0         0      
       lcd.obj                        824     8         84     
       ping_template.obj              788     0         16     
       tm4c123gh6pm_startup_ccs.obj   12      620       0      
       Timer.obj                      584     0         5      
       uart-interrupt.obj             504     0         8      
       adc.obj                        396     0         0      
       servo.obj                      340     0         4      
       button.obj                     136     0         1      
    +--+------------------------------+-------+---------+---------+
       Total:                         9992    643       182    
                                                               
    C:/ti/TivaWare_C_Series-2.2.0.295/driverlib/ccs/Debug/driverlib.lib
       interrupt.obj                  68      0         620    
       cpu.obj                        12      0         0      
    +--+------------------------------+-------+---------+---------+
       Total:                         80      0         620    
                                                               
    C:\ti\ccs1230\ccs\tools\compiler\ti-cgt-arm_20.2.7.LTS\lib\rtsv7M4_T_le_v4SPD16_eabi.lib
       _printfi.c.obj                 4851    0         0      
       e_powf.c.obj                   1420    24        0      
       memory.c.obj                   728     0         8      
       fd_add_t2.asm.obj              438     0         0      
       fd_div_t2.asm.obj              310     0         0      
       s_scalbn.c.obj                 272     0         0      
       fd_cmp_t2.asm.obj              268     0         0      
       ctype.c.obj                    0       257       0      
       fd_mul_t2.asm.obj              252     0         0      
       s_scalbnf.c.obj                208     0         0      
       memcpy_t2.asm.obj              156     0         0      
       ull_div_t2.asm.obj             150     0         0      
       vsnprintf.c.obj                136     0         0      
       memset_t2.asm.obj              122     0         0      
       fd_tos_t2.asm.obj              110     0         0      
       copy_decompress_lzss.c.obj     104     0         0      
       s_frexp.c.obj                  100     0         0      
       sprintf.c.obj                  98      0         0      
       _ltoa.c.obj                    84      0         0      
       atoi.c.obj                     76      0         0      
       fd_toi_t2.asm.obj              72      0         0      
       autoinit.c.obj                 68      0         0      
       fs_tod_t2.asm.obj              56      0         0      
       boot_cortex_m.c.obj            52      0         0      
       i_tofd_t2.asm.obj              46      0         0      
       e_sqrtf.c.obj                  40      0         0      
       u_tofd_t2.asm.obj              32      0         0      
       copy_zero_init.c.obj           28      0         0      
       memccpy.c.obj                  28      0         0      
       s_copysign.c.obj               26      0         0      
       s_copysignf.c.obj              24      0         0      
       strcmp.c.obj                   24      0         0      
       strchr.c.obj                   22      0         0      
       strcpy.c.obj                   20      0         0      
       strlen.c.obj                   20      0         0      
       wcslen.c.obj                   18      0         0      
       copy_decompress_none.c.obj     14      0         0      
       errno.c.obj                    8       0         4      
       _lock.c.obj                    2       0         8      
       exit.c.obj                     4       0         0      
       pre_init.c.obj                 4       0         0      
       div0.asm.obj                   2       0         0      
    +--+------------------------------+-------+---------+---------+
       Total:                         10493   281       20     
                                                               
       Heap:                          0       0         4096   
       Stack:                         0       0         4096   
       Linker Generated:              0       93        0      
    +--+------------------------------+-------+---------+---------+
       Grand Total:                   20565   1017      9014   


LINKER GENERATED COPY TABLES

__TI_cinit_table @ 00005448 records: 3, size/record: 8, table size: 24
	.data: load addr=00005400, load size=00000029 bytes, run addr=200022e8, run size=00000052 bytes, compression=lzss
	.bss: load addr=00005438, load size=00000008 bytes, run addr=20002270, run size=00000078 bytes, compression=zero_init
	.vtable: load addr=00005440, load size=00000008 bytes, run addr=20000000, run size=0000026c bytes, compression=zero_init


LINKER GENERATED HANDLER TABLE

__TI_handler_table @ 0000542c records: 3, size/record: 4, table size: 12
	index: 0, handler: __TI_zero_init
	index: 1, handler: __TI_decompress_lzss
	index: 2, handler: __TI_decompress_none


GLOBAL SYMBOLS: SORTED ALPHABETICALLY BY Name 

address   name                          
-------   ----                          
000052c9  C$$EXIT                       
00005291  CPUcpsie                      
2000230c  END_TIME                      
00000bc3  GPIOF_Handler                 
00005263  IntMasterEnable               
00004ff5  IntRegister                   
0000529d  ResetISR                      
20002308  START_TIME                    
20002310  STATE                         
00002f99  TIMER3B_Handler               
0000377f  UART1_Handler                 
20001270  __STACK_END                   
00001000  __STACK_SIZE                  
20000470  __STACK_TOP                   
00001000  __SYSMEM_SIZE                 
00005448  __TI_CINIT_Base               
00005460  __TI_CINIT_Limit              
0000542c  __TI_Handler_Table_Base       
00005438  __TI_Handler_Table_Limit      
00004e81  __TI_auto_init_nobinit_nopinit
00004c25  __TI_decompress_lzss          
00005283  __TI_decompress_none          
00004d47  __TI_ltoa                     
ffffffff  __TI_pprof_out_hndl           
00000e8d  __TI_printfi                  
ffffffff  __TI_prof_data_size           
ffffffff  __TI_prof_data_start          
00000000  __TI_static_base__            
0000512d  __TI_zero_init_nomemset       
00004951  __aeabi_cdcmpeq               
00004951  __aeabi_cdcmple               
000049d7  __aeabi_cdrcmple              
00004bb7  __aeabi_d2f                   
00004e39  __aeabi_d2iz                  
000039ff  __aeabi_dadd                  
00003fc9  __aeabi_ddiv                  
00004435  __aeabi_dmul                  
000039f5  __aeabi_dsub                  
000052b5  __aeabi_errno_addr            
00004fbd  __aeabi_f2d                   
0000508d  __aeabi_i2d                   
00003bab  __aeabi_idiv0                 
00003bab  __aeabi_ldiv0                 
00004a5d  __aeabi_memclr                
00004a5d  __aeabi_memclr4               
00004a5d  __aeabi_memclr8               
00004797  __aeabi_memcpy                
00004797  __aeabi_memcpy4               
00004797  __aeabi_memcpy8               
00004a5f  __aeabi_memset                
00004a5f  __aeabi_memset4               
00004a5f  __aeabi_memset8               
0000510d  __aeabi_ui2d                  
00004833  __aeabi_uldivmod              
ffffffff  __binit__                     
ffffffff  __c_args__                    
UNDEFED   __mpu_init                    
20000270  __stack                       
20000000  __start___llvm_prf_cnts       
20000000  __stop___llvm_prf_cnts        
00005029  _c_int00_noargs               
000052cc  _ctypes_                      
20002318  _lock                         
000018db  _nop                          
20002338  _running                      
20001270  _sys_memory                   
UNDEFED   _system_post_cinit            
000052c5  _system_pre_init              
200022dc  _timeout_ticks                
2000231c  _unlock                       
000052c9  abort                         
00003c8d  adc_distance                  
00003bad  adc_init                      
00003c23  adc_read                      
00003c51  adc_read_avg                  
00004335  aligned_alloc                 
00004ded  atoi                          
ffffffff  binit                         
00004903  button_getButton              
000048c9  button_init                   
00004f85  calloc                        
20002328  command_byte                  
2000232c  command_flag                  
00005181  copysign                      
000051cb  copysignf                     
00005181  copysignl                     
20002330  errno                         
00004531  free                          
00004c8d  frexp                         
00004c8d  frexpl                        
20000000  g_pfnRAMVectors               
00000000  g_pfnVectors                  
0000097f  go_charge                     
200022e0  irDist                        
00005273  lcd_clear                     
00002d0d  lcd_gotoLine                  
00002b75  lcd_init                      
00002d73  lcd_printf                    
00002c35  lcd_putc                      
00002c6d  lcd_puts                      
00002b39  lcd_reverseNibble             
00002c8b  lcd_sendCommand               
00002cc9  lcd_sendNibble                
00002d35  lcd_setCursorPos              
00004225  ldexp                         
00004615  ldexpf                        
00004225  ldexpl                        
00001e49  main                          
000052bd  malloc                        
00004335  memalign                      
00005165  memccpy                       
00004797  memcpy                        
00004a65  memset                        
200022e8  motor_cal_factor_L            
200022ec  motor_cal_factor_R            
00001c6d  move                          
000029cb  move_backward                 
00002751  move_forward                  
0000261d  move_forwardF                 
0000026d  oi_alloc                      
00000aa9  oi_checkFirmware              
000002c7  oi_close                      
00000279  oi_free                       
00000ded  oi_getMotorCalibrationLeft    
00000e01  oi_getMotorCalibrationRight   
000002b1  oi_init                       
00000289  oi_init_noupdate              
00000915  oi_loadSong                   
000051e3  oi_parseInt                   
0000032b  oi_parsePacket                
0000096b  oi_play_song                  
0000084b  oi_setLeds                    
00000db1  oi_setMotorCalibration        
0000088f  oi_setWheels                  
00000b51  oi_shutoff_init               
0000098d  oi_uartInit                   
00000a31  oi_uartReceive                
00000a77  oi_uartSendBuff               
00000a15  oi_uartSendChar               
00000a59  oi_uartSendStr                
000002d9  oi_update                     
20002314  overflow_cnt                  
200022e4  pingDistance                  
000018dd  pingScan                      
00002fd9  ping_getDistance              
00002e61  ping_init                     
00002f0d  ping_trigger                  
00002091  powf                          
20002334  pwm_period                    
00004225  scalbn                        
00004615  scalbnf                       
00004225  scalbnl                       
00001903  scan                          
00003d39  servo_init                    
00003dbf  servo_move                    
00004ec5  sprintf                       
000050e5  sqrtf                         
00005213  strchr                        
000051fb  strcmp                        
00005229  strcpy                        
0000523d  strlen                        
00003503  timer_getMicros               
000034ab  timer_getMillis               
000033e5  timer_init                    
00003487  timer_pause                   
00003499  timer_resume                  
0000345d  timer_stop                    
0000355d  timer_waitMicros              
0000358f  timer_waitMillis              
00002a3b  turn_left                     
00002aa1  turn_right                    
0000362d  uart_interrupt_init           
0000370d  uart_receive                  
00003741  uart_receive_nonblocking      
000036f1  uart_sendChar                 
00003761  uart_sendStr                  
00004f05  vsnprintf                     
00005251  wcslen                        


GLOBAL SYMBOLS: SORTED BY Symbol Address 

address   name                          
-------   ----                          
00000000  __TI_static_base__            
00000000  g_pfnVectors                  
0000026d  oi_alloc                      
00000279  oi_free                       
00000289  oi_init_noupdate              
000002b1  oi_init                       
000002c7  oi_close                      
000002d9  oi_update                     
0000032b  oi_parsePacket                
0000084b  oi_setLeds                    
0000088f  oi_setWheels                  
00000915  oi_loadSong                   
0000096b  oi_play_song                  
0000097f  go_charge                     
0000098d  oi_uartInit                   
00000a15  oi_uartSendChar               
00000a31  oi_uartReceive                
00000a59  oi_uartSendStr                
00000a77  oi_uartSendBuff               
00000aa9  oi_checkFirmware              
00000b51  oi_shutoff_init               
00000bc3  GPIOF_Handler                 
00000db1  oi_setMotorCalibration        
00000ded  oi_getMotorCalibrationLeft    
00000e01  oi_getMotorCalibrationRight   
00000e8d  __TI_printfi                  
00001000  __STACK_SIZE                  
00001000  __SYSMEM_SIZE                 
000018db  _nop                          
000018dd  pingScan                      
00001903  scan                          
00001c6d  move                          
00001e49  main                          
00002091  powf                          
0000261d  move_forwardF                 
00002751  move_forward                  
000029cb  move_backward                 
00002a3b  turn_left                     
00002aa1  turn_right                    
00002b39  lcd_reverseNibble             
00002b75  lcd_init                      
00002c35  lcd_putc                      
00002c6d  lcd_puts                      
00002c8b  lcd_sendCommand               
00002cc9  lcd_sendNibble                
00002d0d  lcd_gotoLine                  
00002d35  lcd_setCursorPos              
00002d73  lcd_printf                    
00002e61  ping_init                     
00002f0d  ping_trigger                  
00002f99  TIMER3B_Handler               
00002fd9  ping_getDistance              
000033e5  timer_init                    
0000345d  timer_stop                    
00003487  timer_pause                   
00003499  timer_resume                  
000034ab  timer_getMillis               
00003503  timer_getMicros               
0000355d  timer_waitMicros              
0000358f  timer_waitMillis              
0000362d  uart_interrupt_init           
000036f1  uart_sendChar                 
0000370d  uart_receive                  
00003741  uart_receive_nonblocking      
00003761  uart_sendStr                  
0000377f  UART1_Handler                 
000039f5  __aeabi_dsub                  
000039ff  __aeabi_dadd                  
00003bab  __aeabi_idiv0                 
00003bab  __aeabi_ldiv0                 
00003bad  adc_init                      
00003c23  adc_read                      
00003c51  adc_read_avg                  
00003c8d  adc_distance                  
00003d39  servo_init                    
00003dbf  servo_move                    
00003fc9  __aeabi_ddiv                  
00004225  ldexp                         
00004225  ldexpl                        
00004225  scalbn                        
00004225  scalbnl                       
00004335  aligned_alloc                 
00004335  memalign                      
00004435  __aeabi_dmul                  
00004531  free                          
00004615  ldexpf                        
00004615  scalbnf                       
00004797  __aeabi_memcpy                
00004797  __aeabi_memcpy4               
00004797  __aeabi_memcpy8               
00004797  memcpy                        
00004833  __aeabi_uldivmod              
000048c9  button_init                   
00004903  button_getButton              
00004951  __aeabi_cdcmpeq               
00004951  __aeabi_cdcmple               
000049d7  __aeabi_cdrcmple              
00004a5d  __aeabi_memclr                
00004a5d  __aeabi_memclr4               
00004a5d  __aeabi_memclr8               
00004a5f  __aeabi_memset                
00004a5f  __aeabi_memset4               
00004a5f  __aeabi_memset8               
00004a65  memset                        
00004bb7  __aeabi_d2f                   
00004c25  __TI_decompress_lzss          
00004c8d  frexp                         
00004c8d  frexpl                        
00004d47  __TI_ltoa                     
00004ded  atoi                          
00004e39  __aeabi_d2iz                  
00004e81  __TI_auto_init_nobinit_nopinit
00004ec5  sprintf                       
00004f05  vsnprintf                     
00004f85  calloc                        
00004fbd  __aeabi_f2d                   
00004ff5  IntRegister                   
00005029  _c_int00_noargs               
0000508d  __aeabi_i2d                   
000050e5  sqrtf                         
0000510d  __aeabi_ui2d                  
0000512d  __TI_zero_init_nomemset       
00005165  memccpy                       
00005181  copysign                      
00005181  copysignl                     
000051cb  copysignf                     
000051e3  oi_parseInt                   
000051fb  strcmp                        
00005213  strchr                        
00005229  strcpy                        
0000523d  strlen                        
00005251  wcslen                        
00005263  IntMasterEnable               
00005273  lcd_clear                     
00005283  __TI_decompress_none          
00005291  CPUcpsie                      
0000529d  ResetISR                      
000052b5  __aeabi_errno_addr            
000052bd  malloc                        
000052c5  _system_pre_init              
000052c9  C$$EXIT                       
000052c9  abort                         
000052cc  _ctypes_                      
0000542c  __TI_Handler_Table_Base       
00005438  __TI_Handler_Table_Limit      
00005448  __TI_CINIT_Base               
00005460  __TI_CINIT_Limit              
20000000  __start___llvm_prf_cnts       
20000000  __stop___llvm_prf_cnts        
20000000  g_pfnRAMVectors               
20000270  __stack                       
20000470  __STACK_TOP                   
20001270  __STACK_END                   
20001270  _sys_memory                   
200022dc  _timeout_ticks                
200022e0  irDist                        
200022e4  pingDistance                  
200022e8  motor_cal_factor_L            
200022ec  motor_cal_factor_R            
20002308  START_TIME                    
2000230c  END_TIME                      
20002310  STATE                         
20002314  overflow_cnt                  
20002318  _lock                         
2000231c  _unlock                       
20002328  command_byte                  
2000232c  command_flag                  
20002330  errno                         
20002334  pwm_period                    
20002338  _running                      
ffffffff  __TI_pprof_out_hndl           
ffffffff  __TI_prof_data_size           
ffffffff  __TI_prof_data_start          
ffffffff  __binit__                     
ffffffff  __c_args__                    
ffffffff  binit                         
UNDEFED   __mpu_init                    
UNDEFED   _system_post_cinit            

[178 symbols]
