******************************************************************************
                  TI ARM Linker PC v20.2.7                     
******************************************************************************
>> Linked Sun Apr 28 18:31:55 2024

OUTPUT FILE NAME:   <Project.out>
ENTRY POINT SYMBOL: "_c_int00_noargs"  address: 00005215


MEMORY CONFIGURATION

         name            origin    length      used     unused   attr    fill
----------------------  --------  ---------  --------  --------  ----  --------
  FLASH                 00000000   00040000  00005671  0003a98f  R  X
  SRAM                  20000000   00008000  0000233a  00005cc6  RW X


SEGMENT ALLOCATION MAP

run origin  load origin   length   init length attrs members
----------  ----------- ---------- ----------- ----- -------
00000000    00000000    00005678   00005678    r-x
  00000000    00000000    0000026c   0000026c    r-- .intvecs
  0000026c    0000026c    0000524c   0000524c    r-x .text
  000054b8    000054b8    00000159   00000159    r-- .const
  00005618    00005618    00000060   00000060    r-- .cinit
20000000    20000000    0000233e   00000000    rw-
  20000000    20000000    0000026c   00000000    rw- .vtable
  20000270    20000270    00001000   00000000    rw- .stack
  20001270    20001270    00001000   00000000    rw- .sysmem
  20002270    20002270    0000007c   00000000    rw- .bss
  200022ec    200022ec    00000052   00000000    rw- .data


SECTION ALLOCATION MAP

 output                                  attributes/
section   page    origin      length       input sections
--------  ----  ----------  ----------   ----------------
.intvecs   0    00000000    0000026c     
                  00000000    0000026c     tm4c123gh6pm_startup_ccs.obj (.intvecs)

.text      0    0000026c    0000524c     
                  0000026c    00000c20     open_interface.obj (.text)
                  00000e8c    00000a4e     rtsv7M4_T_le_v4SPD16_eabi.lib : _printfi.c.obj (.text:__TI_printfi)
                  000018da    00000002                                   : _lock.c.obj (.text:_nop)
                  000018dc    0000089e     main.obj (.text)
                  0000217a    00000002     rtsv7M4_T_le_v4SPD16_eabi.lib : div0.asm.obj (.text)
                  0000217c    0000058c                                   : e_powf.c.obj (.text:powf)
                  00002708    0000052c     movement.obj (.text)
                  00002c34    00000328     lcd.obj (.text)
                  00002f5c    0000030c     ping_template.obj (.text)
                  00003268    00000270     rtsv7M4_T_le_v4SPD16_eabi.lib : _printfi.c.obj (.text:_pconv_a)
                  000034d8    00000248     Timer.obj (.text)
                  00003720    0000023c     uart-interrupt.obj (.text)
                  0000395c    000001d0     rtsv7M4_T_le_v4SPD16_eabi.lib : _printfi.c.obj (.text:_pconv_g)
                  00003b2c    000001c0     servo.obj (.text)
                  00003cec    000001b6     rtsv7M4_T_le_v4SPD16_eabi.lib : fd_add_t2.asm.obj (.text)
                  00003ea2    00000002     --HOLE-- [fill = 0]
                  00003ea4    0000018c     adc.obj (.text)
                  00004030    0000013c     rtsv7M4_T_le_v4SPD16_eabi.lib : _printfi.c.obj (.text:_pconv_e)
                  0000416c    00000136                                   : fd_div_t2.asm.obj (.text)
                  000042a2    00000002     --HOLE-- [fill = 0]
                  000042a4    00000124                                   : _printfi.c.obj (.text:fcvt)
                  000043c8    00000110                                   : s_scalbn.c.obj (.text:scalbn)
                  000044d8    00000100                                   : memory.c.obj (.text:aligned_alloc)
                  000045d8    000000fc                                   : fd_mul_t2.asm.obj (.text)
                  000046d4    000000e4                                   : memory.c.obj (.text:free)
                  000047b8    000000d0                                   : s_scalbnf.c.obj (.text:scalbnf)
                  00004888    000000b1                                   : _printfi.c.obj (.text:_ltostr)
                  00004939    00000001     --HOLE-- [fill = 0]
                  0000493a    0000009c                                   : memcpy_t2.asm.obj (.text)
                  000049d6    00000096                                   : ull_div_t2.asm.obj (.text)
                  00004a6c    00000088     button.obj (.text)
                  00004af4    00000086     rtsv7M4_T_le_v4SPD16_eabi.lib : fd_cmp_t2.asm.obj (.text:__aeabi_cdcmple)
                  00004b7a    00000086                                   : fd_cmp_t2.asm.obj (.text:__aeabi_cdrcmple)
                  00004c00    0000007a                                   : memset_t2.asm.obj (.text)
                  00004c7a    00000002     --HOLE-- [fill = 0]
                  00004c7c    00000070                                   : memory.c.obj (.text:split)
                  00004cec    0000006e                                   : _printfi.c.obj (.text:_mcpy)
                  00004d5a    0000006e                                   : fd_tos_t2.asm.obj (.text)
                  00004dc8    00000068                                   : copy_decompress_lzss.c.obj (.text:decompress:lzss:__TI_decompress_lzss)
                  00004e30    00000064                                   : s_frexp.c.obj (.text:frexp)
                  00004e94    00000056                                   : _printfi.c.obj (.text:_pconv_f)
                  00004eea    00000054                                   : _ltoa.c.obj (.text:__TI_ltoa)
                  00004f3e    00000052                                   : _printfi.c.obj (.text:_ecpy)
                  00004f90    0000004c                                   : atoi.c.obj (.text:atoi)
                  00004fdc    00000048     music.obj (.text)
                  00005024    00000048     rtsv7M4_T_le_v4SPD16_eabi.lib : fd_toi_t2.asm.obj (.text)
                  0000506c    00000044                                   : autoinit.c.obj (.text:__TI_auto_init_nobinit_nopinit:__TI_auto_init_nobinit_nopinit)
                  000050b0    00000040                                   : sprintf.c.obj (.text:sprintf)
                  000050f0    00000040                                   : vsnprintf.c.obj (.text:vsnprintf)
                  00005130    0000003e                                   : _printfi.c.obj (.text:_fcpy)
                  0000516e    00000002     --HOLE-- [fill = 0]
                  00005170    00000038                                   : memory.c.obj (.text:calloc)
                  000051a8    00000038                                   : fs_tod_t2.asm.obj (.text)
                  000051e0    00000034     driverlib.lib : interrupt.obj (.text:IntRegister)
                  00005214    00000034     rtsv7M4_T_le_v4SPD16_eabi.lib : boot_cortex_m.c.obj (.text:_c_int00_noargs:_c_int00_noargs)
                  00005248    00000030                                   : vsnprintf.c.obj (.text:_outs)
                  00005278    0000002e                                   : i_tofd_t2.asm.obj (.text)
                  000052a6    00000002     --HOLE-- [fill = 0]
                  000052a8    00000028                                   : memory.c.obj (.text:free_list_insert)
                  000052d0    00000028                                   : e_sqrtf.c.obj (.text:sqrtf)
                  000052f8    00000020                                   : u_tofd_t2.asm.obj (.text)
                  00005318    0000001c                                   : copy_zero_init.c.obj (.text:decompress:ZI:__TI_zero_init_nomemset:__TI_zero_init_nomemset)
                  00005334    0000001c                                   : memory.c.obj (.text:free_list_remove)
                  00005350    0000001c                                   : memccpy.c.obj (.text:memccpy)
                  0000536c    0000001a                                   : s_copysign.c.obj (.text:copysign)
                  00005386    00000018                                   : vsnprintf.c.obj (.text:_outc)
                  0000539e    00000018                                   : sprintf.c.obj (.text:_outs)
                  000053b6    00000018                                   : s_copysignf.c.obj (.text:copysignf)
                  000053ce    00000018     open_interface.obj (.text:oi_parseInt)
                  000053e6    00000018     rtsv7M4_T_le_v4SPD16_eabi.lib : strcmp.c.obj (.text:strcmp)
                  000053fe    00000016                                   : strchr.c.obj (.text:strchr)
                  00005414    00000014                                   : strcpy.c.obj (.text:strcpy)
                  00005428    00000014                                   : strlen.c.obj (.text:strlen)
                  0000543c    00000012                                   : wcslen.c.obj (.text:wcslen)
                  0000544e    00000010     driverlib.lib : interrupt.obj (.text:IntMasterEnable)
                  0000545e    00000010     lcd.obj (.text:lcd_clear)
                  0000546e    0000000e     rtsv7M4_T_le_v4SPD16_eabi.lib : copy_decompress_none.c.obj (.text:decompress:none:__TI_decompress_none)
                  0000547c    0000000c     driverlib.lib : cpu.obj (.text:CPUcpsie)
                  00005488    0000000c     tm4c123gh6pm_startup_ccs.obj (.text)
                  00005494    0000000a     rtsv7M4_T_le_v4SPD16_eabi.lib : sprintf.c.obj (.text:_outc)
                  0000549e    00000002     --HOLE-- [fill = 0]
                  000054a0    00000008                                   : errno.c.obj (.text:__aeabi_errno_addr)
                  000054a8    00000008                                   : memory.c.obj (.text:malloc)
                  000054b0    00000004                                   : pre_init.c.obj (.text:_system_pre_init)
                  000054b4    00000004                                   : exit.c.obj (.text:abort:abort)

.const     0    000054b8    00000159     
                  000054b8    00000101     rtsv7M4_T_le_v4SPD16_eabi.lib : ctype.c.obj (.const:.string:_ctypes_)
                  000055b9    00000003     --HOLE-- [fill = 0]
                  000055bc    00000018                                   : e_powf.c.obj (.const:$O1$$)
                  000055d4    00000013     music.obj (.const:.string:$P$T0$1)
                  000055e7    00000013     music.obj (.const:.string:$P$T1$2)
                  000055fa    0000000f     open_interface.obj (.const:.string:$P$T0$3)
                  00005609    00000004     lcd.obj (.const:.string:lineAddress$1)
                  0000560d    00000004     lcd.obj (.const:.string:lineAddresses$2)

.cinit     0    00005618    00000060     
                  00005618    00000029     (.cinit..data.load) [load image, compression = lzss]
                  00005641    00000003     --HOLE-- [fill = 0]
                  00005644    0000000c     (__TI_handler_table)
                  00005650    00000008     (.cinit..bss.load) [load image, compression = zero_init]
                  00005658    00000008     (.cinit..vtable.load) [load image, compression = zero_init]
                  00005660    00000018     (__TI_cinit_table)

.init_array 
*          0    00000000    00000000     UNINITIALIZED

.vtable    0    20000000    0000026c     UNINITIALIZED
                  20000000    0000026c     driverlib.lib : interrupt.obj (.vtable)

.stack     0    20000270    00001000     UNINITIALIZED
                  20000270    00000004     rtsv7M4_T_le_v4SPD16_eabi.lib : boot_cortex_m.c.obj (.stack)
                  20000274    00000ffc     --HOLE--

.sysmem    0    20001270    00001000     UNINITIALIZED
                  20001270    00000010     rtsv7M4_T_le_v4SPD16_eabi.lib : memory.c.obj (.sysmem)
                  20001280    00000ff0     --HOLE--

.bss       0    20002270    0000007c     UNINITIALIZED
                  20002270    00000054     lcd.obj (.bss:lastbuffer$3)
                  200022c4    00000018     open_interface.obj (.bss:firmware$2)
                  200022dc    00000004     (.common:_timeout_ticks)
                  200022e0    00000004     (.common:irDist)
                  200022e4    00000004     (.common:lastAngle)
                  200022e8    00000004     (.common:pingDistance)

.data      0    200022ec    00000052     UNINITIALIZED
                  200022ec    00000020     open_interface.obj (.data)
                  2000230c    00000010     ping_template.obj (.data)
                  2000231c    00000008     rtsv7M4_T_le_v4SPD16_eabi.lib : _lock.c.obj (.data:$O1$$)
                  20002324    00000008                                   : memory.c.obj (.data:$O1$$)
                  2000232c    00000008     uart-interrupt.obj (.data)
                  20002334    00000004     rtsv7M4_T_le_v4SPD16_eabi.lib : errno.c.obj (.data)
                  20002338    00000004     servo.obj (.data)
                  2000233c    00000001     Timer.obj (.data)
                  2000233d    00000001     button.obj (.data)

__llvm_prf_cnts 
*          0    20000000    00000000     UNINITIALIZED

MODULE SUMMARY

       Module                         code    ro data   rw data
       ------                         ----    -------   -------
    .\
       open_interface.obj             3128    15        56     
       main.obj                       2206    0         8      
       movement.obj                   1324    0         0      
       lcd.obj                        824     8         84     
       ping_template.obj              780     0         16     
       tm4c123gh6pm_startup_ccs.obj   12      620       0      
       Timer.obj                      584     0         5      
       uart-interrupt.obj             572     0         8      
       servo.obj                      448     0         8      
       adc.obj                        396     0         0      
       button.obj                     136     0         1      
       music.obj                      72      38        0      
    +--+------------------------------+-------+---------+---------+
       Total:                         10482   681       186    
                                                               
    C:/ti/TivaWare_C_Series-2.2.0.295/driverlib/ccs/Debug/driverlib.lib
       interrupt.obj                  68      0         620    
       cpu.obj                        12      0         0      
    +--+------------------------------+-------+---------+---------+
       Total:                         80      0         620    
                                                               
    C:\ti\ccs1230\ccs\tools\compiler\ti-cgt-arm_20.2.7.LTS\lib\rtsv7M4_T_le_v4SPD16_eabi.lib
       _printfi.c.obj                 4851    0         0      
       e_powf.c.obj                   1420    24        0      
       memory.c.obj                   728     0         8      
       fd_add_t2.asm.obj              438     0         0      
       fd_div_t2.asm.obj              310     0         0      
       s_scalbn.c.obj                 272     0         0      
       fd_cmp_t2.asm.obj              268     0         0      
       ctype.c.obj                    0       257       0      
       fd_mul_t2.asm.obj              252     0         0      
       s_scalbnf.c.obj                208     0         0      
       memcpy_t2.asm.obj              156     0         0      
       ull_div_t2.asm.obj             150     0         0      
       vsnprintf.c.obj                136     0         0      
       memset_t2.asm.obj              122     0         0      
       fd_tos_t2.asm.obj              110     0         0      
       copy_decompress_lzss.c.obj     104     0         0      
       s_frexp.c.obj                  100     0         0      
       sprintf.c.obj                  98      0         0      
       _ltoa.c.obj                    84      0         0      
       atoi.c.obj                     76      0         0      
       fd_toi_t2.asm.obj              72      0         0      
       autoinit.c.obj                 68      0         0      
       fs_tod_t2.asm.obj              56      0         0      
       boot_cortex_m.c.obj            52      0         0      
       i_tofd_t2.asm.obj              46      0         0      
       e_sqrtf.c.obj                  40      0         0      
       u_tofd_t2.asm.obj              32      0         0      
       copy_zero_init.c.obj           28      0         0      
       memccpy.c.obj                  28      0         0      
       s_copysign.c.obj               26      0         0      
       s_copysignf.c.obj              24      0         0      
       strcmp.c.obj                   24      0         0      
       strchr.c.obj                   22      0         0      
       strcpy.c.obj                   20      0         0      
       strlen.c.obj                   20      0         0      
       wcslen.c.obj                   18      0         0      
       copy_decompress_none.c.obj     14      0         0      
       errno.c.obj                    8       0         4      
       _lock.c.obj                    2       0         8      
       exit.c.obj                     4       0         0      
       pre_init.c.obj                 4       0         0      
       div0.asm.obj                   2       0         0      
    +--+------------------------------+-------+---------+---------+
       Total:                         10493   281       20     
                                                               
       Heap:                          0       0         4096   
       Stack:                         0       0         4096   
       Linker Generated:              0       93        0      
    +--+------------------------------+-------+---------+---------+
       Grand Total:                   21055   1055      9018   


LINKER GENERATED COPY TABLES

__TI_cinit_table @ 00005660 records: 3, size/record: 8, table size: 24
	.data: load addr=00005618, load size=00000029 bytes, run addr=200022ec, run size=00000052 bytes, compression=lzss
	.bss: load addr=00005650, load size=00000008 bytes, run addr=20002270, run size=0000007c bytes, compression=zero_init
	.vtable: load addr=00005658, load size=00000008 bytes, run addr=20000000, run size=0000026c bytes, compression=zero_init


LINKER GENERATED HANDLER TABLE

__TI_handler_table @ 00005644 records: 3, size/record: 4, table size: 12
	index: 0, handler: __TI_zero_init
	index: 1, handler: __TI_decompress_lzss
	index: 2, handler: __TI_decompress_none


GLOBAL SYMBOLS: SORTED ALPHABETICALLY BY Name 

address   name                          
-------   ----                          
000054b5  C$$EXIT                       
0000547d  CPUcpsie                      
20002310  END_TIME                      
00000bc3  GPIOF_Handler                 
0000544f  IntMasterEnable               
000051e1  IntRegister                   
00005489  ResetISR                      
2000230c  START_TIME                    
20002314  STATE                         
00003095  TIMER3B_Handler               
000038b7  UART1_Handler                 
20001270  __STACK_END                   
00001000  __STACK_SIZE                  
20000470  __STACK_TOP                   
00001000  __SYSMEM_SIZE                 
00005660  __TI_CINIT_Base               
00005678  __TI_CINIT_Limit              
00005644  __TI_Handler_Table_Base       
00005650  __TI_Handler_Table_Limit      
0000506d  __TI_auto_init_nobinit_nopinit
00004dc9  __TI_decompress_lzss          
0000546f  __TI_decompress_none          
00004eeb  __TI_ltoa                     
ffffffff  __TI_pprof_out_hndl           
00000e8d  __TI_printfi                  
ffffffff  __TI_prof_data_size           
ffffffff  __TI_prof_data_start          
00000000  __TI_static_base__            
00005319  __TI_zero_init_nomemset       
00004af5  __aeabi_cdcmpeq               
00004af5  __aeabi_cdcmple               
00004b7b  __aeabi_cdrcmple              
00004d5b  __aeabi_d2f                   
00005025  __aeabi_d2iz                  
00003cf7  __aeabi_dadd                  
0000416d  __aeabi_ddiv                  
000045d9  __aeabi_dmul                  
00003ced  __aeabi_dsub                  
000054a1  __aeabi_errno_addr            
000051a9  __aeabi_f2d                   
00005279  __aeabi_i2d                   
0000217b  __aeabi_idiv0                 
0000217b  __aeabi_ldiv0                 
00004c01  __aeabi_memclr                
00004c01  __aeabi_memclr4               
00004c01  __aeabi_memclr8               
0000493b  __aeabi_memcpy                
0000493b  __aeabi_memcpy4               
0000493b  __aeabi_memcpy8               
00004c03  __aeabi_memset                
00004c03  __aeabi_memset4               
00004c03  __aeabi_memset8               
000052f9  __aeabi_ui2d                  
000049d7  __aeabi_uldivmod              
ffffffff  __binit__                     
ffffffff  __c_args__                    
UNDEFED   __mpu_init                    
20000270  __stack                       
20000000  __start___llvm_prf_cnts       
20000000  __stop___llvm_prf_cnts        
00005215  _c_int00_noargs               
000054b8  _ctypes_                      
2000231c  _lock                         
000018db  _nop                          
2000233c  _running                      
20001270  _sys_memory                   
UNDEFED   _system_post_cinit            
000054b1  _system_pre_init              
200022dc  _timeout_ticks                
20002320  _unlock                       
000054b5  abort                         
00003f85  adc_distance                  
00003ea5  adc_init                      
00003f1b  adc_read                      
00003f49  adc_read_avg                  
000044d9  aligned_alloc                 
00004f91  atoi                          
ffffffff  binit                         
00004aa7  button_getButton              
00004a6d  button_init                   
00005171  calloc                        
2000232c  command_byte                  
20002330  command_flag                  
0000536d  copysign                      
000053b7  copysignf                     
0000536d  copysignl                     
20002334  errno                         
000046d5  free                          
00004e31  frexp                         
00004e31  frexpl                        
20000000  g_pfnRAMVectors               
00000000  g_pfnVectors                  
0000097f  go_charge                     
200022e0  irDist                        
200022e4  lastAngle                     
0000545f  lcd_clear                     
00002e09  lcd_gotoLine                  
00002c71  lcd_init                      
00002e6f  lcd_printf                    
00002d31  lcd_putc                      
00002d69  lcd_puts                      
00002c35  lcd_reverseNibble             
00002d87  lcd_sendCommand               
00002dc5  lcd_sendNibble                
00002e31  lcd_setCursorPos              
000043c9  ldexp                         
000047b9  ldexpf                        
000043c9  ldexpl                        
00004fe9  load_song_SW                  
00001e65  main                          
000054a9  malloc                        
000044d9  memalign                      
00005351  memccpy                       
0000493b  memcpy                        
00004c09  memset                        
200022ec  motor_cal_factor_L            
200022f0  motor_cal_factor_R            
00001c71  move                          
00002ac7  move_backward                 
00002849  move_forward                  
00002709  move_forwardF                 
0000026d  oi_alloc                      
00000aa9  oi_checkFirmware              
000002c7  oi_close                      
00000279  oi_free                       
00000ded  oi_getMotorCalibrationLeft    
00000e01  oi_getMotorCalibrationRight   
000002b1  oi_init                       
00000289  oi_init_noupdate              
00000915  oi_loadSong                   
000053cf  oi_parseInt                   
0000032b  oi_parsePacket                
0000096b  oi_play_song                  
0000084b  oi_setLeds                    
00000db1  oi_setMotorCalibration        
0000088f  oi_setWheels                  
00000b51  oi_shutoff_init               
0000098d  oi_uartInit                   
00000a31  oi_uartReceive                
00000a77  oi_uartSendBuff               
00000a15  oi_uartSendChar               
00000a59  oi_uartSendStr                
000002d9  oi_update                     
20002318  overflow_cnt                  
200022e8  pingDistance                  
000018dd  pingScan                      
000030d5  ping_getDistance              
00002f5d  ping_init                     
00003009  ping_trigger                  
00004fdd  playSong                      
0000217d  powf                          
20002338  pwm_period                    
000043c9  scalbn                        
000047b9  scalbnf                       
000043c9  scalbnl                       
000018ff  scan                          
00003b2d  servo_init                    
00003bb3  servo_move                    
000050b1  sprintf                       
000052d1  sqrtf                         
000053ff  strchr                        
000053e7  strcmp                        
00005415  strcpy                        
00005429  strlen                        
000035f7  timer_getMicros               
0000359f  timer_getMillis               
000034d9  timer_init                    
0000357b  timer_pause                   
0000358d  timer_resume                  
00003551  timer_stop                    
00003651  timer_waitMicros              
00003683  timer_waitMillis              
00002b37  turn_left                     
00002b9d  turn_right                    
00003835  uart_echo                     
00003721  uart_interrupt_init           
00003801  uart_receive                  
00003879  uart_receive_nonblocking      
000037e5  uart_sendChar                 
00003899  uart_sendStr                  
000050f1  vsnprintf                     
0000543d  wcslen                        


GLOBAL SYMBOLS: SORTED BY Symbol Address 

address   name                          
-------   ----                          
00000000  __TI_static_base__            
00000000  g_pfnVectors                  
0000026d  oi_alloc                      
00000279  oi_free                       
00000289  oi_init_noupdate              
000002b1  oi_init                       
000002c7  oi_close                      
000002d9  oi_update                     
0000032b  oi_parsePacket                
0000084b  oi_setLeds                    
0000088f  oi_setWheels                  
00000915  oi_loadSong                   
0000096b  oi_play_song                  
0000097f  go_charge                     
0000098d  oi_uartInit                   
00000a15  oi_uartSendChar               
00000a31  oi_uartReceive                
00000a59  oi_uartSendStr                
00000a77  oi_uartSendBuff               
00000aa9  oi_checkFirmware              
00000b51  oi_shutoff_init               
00000bc3  GPIOF_Handler                 
00000db1  oi_setMotorCalibration        
00000ded  oi_getMotorCalibrationLeft    
00000e01  oi_getMotorCalibrationRight   
00000e8d  __TI_printfi                  
00001000  __STACK_SIZE                  
00001000  __SYSMEM_SIZE                 
000018db  _nop                          
000018dd  pingScan                      
000018ff  scan                          
00001c71  move                          
00001e65  main                          
0000217b  __aeabi_idiv0                 
0000217b  __aeabi_ldiv0                 
0000217d  powf                          
00002709  move_forwardF                 
00002849  move_forward                  
00002ac7  move_backward                 
00002b37  turn_left                     
00002b9d  turn_right                    
00002c35  lcd_reverseNibble             
00002c71  lcd_init                      
00002d31  lcd_putc                      
00002d69  lcd_puts                      
00002d87  lcd_sendCommand               
00002dc5  lcd_sendNibble                
00002e09  lcd_gotoLine                  
00002e31  lcd_setCursorPos              
00002e6f  lcd_printf                    
00002f5d  ping_init                     
00003009  ping_trigger                  
00003095  TIMER3B_Handler               
000030d5  ping_getDistance              
000034d9  timer_init                    
00003551  timer_stop                    
0000357b  timer_pause                   
0000358d  timer_resume                  
0000359f  timer_getMillis               
000035f7  timer_getMicros               
00003651  timer_waitMicros              
00003683  timer_waitMillis              
00003721  uart_interrupt_init           
000037e5  uart_sendChar                 
00003801  uart_receive                  
00003835  uart_echo                     
00003879  uart_receive_nonblocking      
00003899  uart_sendStr                  
000038b7  UART1_Handler                 
00003b2d  servo_init                    
00003bb3  servo_move                    
00003ced  __aeabi_dsub                  
00003cf7  __aeabi_dadd                  
00003ea5  adc_init                      
00003f1b  adc_read                      
00003f49  adc_read_avg                  
00003f85  adc_distance                  
0000416d  __aeabi_ddiv                  
000043c9  ldexp                         
000043c9  ldexpl                        
000043c9  scalbn                        
000043c9  scalbnl                       
000044d9  aligned_alloc                 
000044d9  memalign                      
000045d9  __aeabi_dmul                  
000046d5  free                          
000047b9  ldexpf                        
000047b9  scalbnf                       
0000493b  __aeabi_memcpy                
0000493b  __aeabi_memcpy4               
0000493b  __aeabi_memcpy8               
0000493b  memcpy                        
000049d7  __aeabi_uldivmod              
00004a6d  button_init                   
00004aa7  button_getButton              
00004af5  __aeabi_cdcmpeq               
00004af5  __aeabi_cdcmple               
00004b7b  __aeabi_cdrcmple              
00004c01  __aeabi_memclr                
00004c01  __aeabi_memclr4               
00004c01  __aeabi_memclr8               
00004c03  __aeabi_memset                
00004c03  __aeabi_memset4               
00004c03  __aeabi_memset8               
00004c09  memset                        
00004d5b  __aeabi_d2f                   
00004dc9  __TI_decompress_lzss          
00004e31  frexp                         
00004e31  frexpl                        
00004eeb  __TI_ltoa                     
00004f91  atoi                          
00004fdd  playSong                      
00004fe9  load_song_SW                  
00005025  __aeabi_d2iz                  
0000506d  __TI_auto_init_nobinit_nopinit
000050b1  sprintf                       
000050f1  vsnprintf                     
00005171  calloc                        
000051a9  __aeabi_f2d                   
000051e1  IntRegister                   
00005215  _c_int00_noargs               
00005279  __aeabi_i2d                   
000052d1  sqrtf                         
000052f9  __aeabi_ui2d                  
00005319  __TI_zero_init_nomemset       
00005351  memccpy                       
0000536d  copysign                      
0000536d  copysignl                     
000053b7  copysignf                     
000053cf  oi_parseInt                   
000053e7  strcmp                        
000053ff  strchr                        
00005415  strcpy                        
00005429  strlen                        
0000543d  wcslen                        
0000544f  IntMasterEnable               
0000545f  lcd_clear                     
0000546f  __TI_decompress_none          
0000547d  CPUcpsie                      
00005489  ResetISR                      
000054a1  __aeabi_errno_addr            
000054a9  malloc                        
000054b1  _system_pre_init              
000054b5  C$$EXIT                       
000054b5  abort                         
000054b8  _ctypes_                      
00005644  __TI_Handler_Table_Base       
00005650  __TI_Handler_Table_Limit      
00005660  __TI_CINIT_Base               
00005678  __TI_CINIT_Limit              
20000000  __start___llvm_prf_cnts       
20000000  __stop___llvm_prf_cnts        
20000000  g_pfnRAMVectors               
20000270  __stack                       
20000470  __STACK_TOP                   
20001270  __STACK_END                   
20001270  _sys_memory                   
200022dc  _timeout_ticks                
200022e0  irDist                        
200022e4  lastAngle                     
200022e8  pingDistance                  
200022ec  motor_cal_factor_L            
200022f0  motor_cal_factor_R            
2000230c  START_TIME                    
20002310  END_TIME                      
20002314  STATE                         
20002318  overflow_cnt                  
2000231c  _lock                         
20002320  _unlock                       
2000232c  command_byte                  
20002330  command_flag                  
20002334  errno                         
20002338  pwm_period                    
2000233c  _running                      
ffffffff  __TI_pprof_out_hndl           
ffffffff  __TI_prof_data_size           
ffffffff  __TI_prof_data_start          
ffffffff  __binit__                     
ffffffff  __c_args__                    
ffffffff  binit                         
UNDEFED   __mpu_init                    
UNDEFED   _system_post_cinit            

[182 symbols]
