<?xml version="1.0" encoding="ISO-8859-1" ?>
<link_info>
   <banner>TI ARM Linker PC v20.2.7.LTS</banner>
   <copyright>Copyright (c) 1996-2018 Texas Instruments Incorporated</copyright>
   <link_time>0x662a903e</link_time>
   <link_errors>0x0</link_errors>
   <output_file>Project.out</output_file>
   <entry_point>
      <name>_c_int00_noargs</name>
      <address>0x5029</address>
   </entry_point>
   <input_file_list>
      <input_file id="fl-2">
         <path>.\</path>
         <kind>object</kind>
         <file>Timer.obj</file>
         <name>Timer.obj</name>
      </input_file>
      <input_file id="fl-3">
         <path>.\</path>
         <kind>object</kind>
         <file>adc.obj</file>
         <name>adc.obj</name>
      </input_file>
      <input_file id="fl-4">
         <path>.\</path>
         <kind>object</kind>
         <file>button.obj</file>
         <name>button.obj</name>
      </input_file>
      <input_file id="fl-5">
         <path>.\</path>
         <kind>object</kind>
         <file>helloworld.obj</file>
         <name>helloworld.obj</name>
      </input_file>
      <input_file id="fl-6">
         <path>.\</path>
         <kind>object</kind>
         <file>lab5_template.obj</file>
         <name>lab5_template.obj</name>
      </input_file>
      <input_file id="fl-7">
         <path>.\</path>
         <kind>object</kind>
         <file>lcd.obj</file>
         <name>lcd.obj</name>
      </input_file>
      <input_file id="fl-8">
         <path>.\</path>
         <kind>object</kind>
         <file>lcd_rotatingBanner.obj</file>
         <name>lcd_rotatingBanner.obj</name>
      </input_file>
      <input_file id="fl-9">
         <path>.\</path>
         <kind>object</kind>
         <file>main.obj</file>
         <name>main.obj</name>
      </input_file>
      <input_file id="fl-a">
         <path>.\</path>
         <kind>object</kind>
         <file>movement.obj</file>
         <name>movement.obj</name>
      </input_file>
      <input_file id="fl-b">
         <path>.\</path>
         <kind>object</kind>
         <file>open_interface.obj</file>
         <name>open_interface.obj</name>
      </input_file>
      <input_file id="fl-c">
         <path>.\</path>
         <kind>object</kind>
         <file>ping_template.obj</file>
         <name>ping_template.obj</name>
      </input_file>
      <input_file id="fl-d">
         <path>.\</path>
         <kind>object</kind>
         <file>servo.obj</file>
         <name>servo.obj</name>
      </input_file>
      <input_file id="fl-e">
         <path>.\</path>
         <kind>object</kind>
         <file>tm4c123gh6pm_startup_ccs.obj</file>
         <name>tm4c123gh6pm_startup_ccs.obj</name>
      </input_file>
      <input_file id="fl-f">
         <path>.\</path>
         <kind>object</kind>
         <file>uart-interrupt.obj</file>
         <name>uart-interrupt.obj</name>
      </input_file>
      <input_file id="fl-10">
         <path>.\</path>
         <kind>object</kind>
         <file>uart.obj</file>
         <name>uart.obj</name>
      </input_file>
      <input_file id="fl-17">
         <kind>object</kind>
         <file>&lt;internal&gt;</file>
         <name>&lt;internal&gt;</name>
      </input_file>
      <input_file id="fl-cd">
         <path>C:\ti\ccs1230\ccs\tools\compiler\ti-cgt-arm_20.2.7.LTS\lib\</path>
         <kind>archive</kind>
         <file>rtsv7M4_T_le_v4SPD16_eabi.lib</file>
         <name>e_powf.c.obj</name>
      </input_file>
      <input_file id="fl-ce">
         <path>C:\ti\ccs1230\ccs\tools\compiler\ti-cgt-arm_20.2.7.LTS\lib\</path>
         <kind>archive</kind>
         <file>rtsv7M4_T_le_v4SPD16_eabi.lib</file>
         <name>e_sqrtf.c.obj</name>
      </input_file>
      <input_file id="fl-cf">
         <path>C:\ti\ccs1230\ccs\tools\compiler\ti-cgt-arm_20.2.7.LTS\lib\</path>
         <kind>archive</kind>
         <file>rtsv7M4_T_le_v4SPD16_eabi.lib</file>
         <name>s_scalbnf.c.obj</name>
      </input_file>
      <input_file id="fl-d0">
         <path>C:\ti\ccs1230\ccs\tools\compiler\ti-cgt-arm_20.2.7.LTS\lib\</path>
         <kind>archive</kind>
         <file>rtsv7M4_T_le_v4SPD16_eabi.lib</file>
         <name>sprintf.c.obj</name>
      </input_file>
      <input_file id="fl-d1">
         <path>C:\ti\ccs1230\ccs\tools\compiler\ti-cgt-arm_20.2.7.LTS\lib\</path>
         <kind>archive</kind>
         <file>rtsv7M4_T_le_v4SPD16_eabi.lib</file>
         <name>vsnprintf.c.obj</name>
      </input_file>
      <input_file id="fl-d2">
         <path>C:\ti\ccs1230\ccs\tools\compiler\ti-cgt-arm_20.2.7.LTS\lib\</path>
         <kind>archive</kind>
         <file>rtsv7M4_T_le_v4SPD16_eabi.lib</file>
         <name>s_copysignf.c.obj</name>
      </input_file>
      <input_file id="fl-d3">
         <path>C:\ti\ccs1230\ccs\tools\compiler\ti-cgt-arm_20.2.7.LTS\lib\</path>
         <kind>archive</kind>
         <file>rtsv7M4_T_le_v4SPD16_eabi.lib</file>
         <name>fd_add_t2.asm.obj</name>
      </input_file>
      <input_file id="fl-d4">
         <path>C:\ti\ccs1230\ccs\tools\compiler\ti-cgt-arm_20.2.7.LTS\lib\</path>
         <kind>archive</kind>
         <file>rtsv7M4_T_le_v4SPD16_eabi.lib</file>
         <name>fd_cmp_t2.asm.obj</name>
      </input_file>
      <input_file id="fl-d5">
         <path>C:\ti\ccs1230\ccs\tools\compiler\ti-cgt-arm_20.2.7.LTS\lib\</path>
         <kind>archive</kind>
         <file>rtsv7M4_T_le_v4SPD16_eabi.lib</file>
         <name>fd_div_t2.asm.obj</name>
      </input_file>
      <input_file id="fl-d6">
         <path>C:\ti\ccs1230\ccs\tools\compiler\ti-cgt-arm_20.2.7.LTS\lib\</path>
         <kind>archive</kind>
         <file>rtsv7M4_T_le_v4SPD16_eabi.lib</file>
         <name>fd_mul_t2.asm.obj</name>
      </input_file>
      <input_file id="fl-d7">
         <path>C:\ti\ccs1230\ccs\tools\compiler\ti-cgt-arm_20.2.7.LTS\lib\</path>
         <kind>archive</kind>
         <file>rtsv7M4_T_le_v4SPD16_eabi.lib</file>
         <name>fd_toi_t2.asm.obj</name>
      </input_file>
      <input_file id="fl-d8">
         <path>C:\ti\ccs1230\ccs\tools\compiler\ti-cgt-arm_20.2.7.LTS\lib\</path>
         <kind>archive</kind>
         <file>rtsv7M4_T_le_v4SPD16_eabi.lib</file>
         <name>fd_tos_t2.asm.obj</name>
      </input_file>
      <input_file id="fl-d9">
         <path>C:\ti\ccs1230\ccs\tools\compiler\ti-cgt-arm_20.2.7.LTS\lib\</path>
         <kind>archive</kind>
         <file>rtsv7M4_T_le_v4SPD16_eabi.lib</file>
         <name>fs_tod_t2.asm.obj</name>
      </input_file>
      <input_file id="fl-da">
         <path>C:\ti\ccs1230\ccs\tools\compiler\ti-cgt-arm_20.2.7.LTS\lib\</path>
         <kind>archive</kind>
         <file>rtsv7M4_T_le_v4SPD16_eabi.lib</file>
         <name>i_tofd_t2.asm.obj</name>
      </input_file>
      <input_file id="fl-db">
         <path>C:\ti\ccs1230\ccs\tools\compiler\ti-cgt-arm_20.2.7.LTS\lib\</path>
         <kind>archive</kind>
         <file>rtsv7M4_T_le_v4SPD16_eabi.lib</file>
         <name>memcpy_t2.asm.obj</name>
      </input_file>
      <input_file id="fl-dc">
         <path>C:\ti\ccs1230\ccs\tools\compiler\ti-cgt-arm_20.2.7.LTS\lib\</path>
         <kind>archive</kind>
         <file>rtsv7M4_T_le_v4SPD16_eabi.lib</file>
         <name>u_tofd_t2.asm.obj</name>
      </input_file>
      <input_file id="fl-dd">
         <path>C:\ti\ccs1230\ccs\tools\compiler\ti-cgt-arm_20.2.7.LTS\lib\</path>
         <kind>archive</kind>
         <file>rtsv7M4_T_le_v4SPD16_eabi.lib</file>
         <name>copy_zero_init.c.obj</name>
      </input_file>
      <input_file id="fl-de">
         <path>C:\ti\ccs1230\ccs\tools\compiler\ti-cgt-arm_20.2.7.LTS\lib\</path>
         <kind>archive</kind>
         <file>rtsv7M4_T_le_v4SPD16_eabi.lib</file>
         <name>copy_decompress_none.c.obj</name>
      </input_file>
      <input_file id="fl-df">
         <path>C:\ti\ccs1230\ccs\tools\compiler\ti-cgt-arm_20.2.7.LTS\lib\</path>
         <kind>archive</kind>
         <file>rtsv7M4_T_le_v4SPD16_eabi.lib</file>
         <name>copy_decompress_lzss.c.obj</name>
      </input_file>
      <input_file id="fl-e0">
         <path>C:\ti\ccs1230\ccs\tools\compiler\ti-cgt-arm_20.2.7.LTS\lib\</path>
         <kind>archive</kind>
         <file>rtsv7M4_T_le_v4SPD16_eabi.lib</file>
         <name>atoi.c.obj</name>
      </input_file>
      <input_file id="fl-e1">
         <path>C:\ti\ccs1230\ccs\tools\compiler\ti-cgt-arm_20.2.7.LTS\lib\</path>
         <kind>archive</kind>
         <file>rtsv7M4_T_le_v4SPD16_eabi.lib</file>
         <name>ctype.c.obj</name>
      </input_file>
      <input_file id="fl-e2">
         <path>C:\ti\ccs1230\ccs\tools\compiler\ti-cgt-arm_20.2.7.LTS\lib\</path>
         <kind>archive</kind>
         <file>rtsv7M4_T_le_v4SPD16_eabi.lib</file>
         <name>memory.c.obj</name>
      </input_file>
      <input_file id="fl-e3">
         <path>C:\ti\ccs1230\ccs\tools\compiler\ti-cgt-arm_20.2.7.LTS\lib\</path>
         <kind>archive</kind>
         <file>rtsv7M4_T_le_v4SPD16_eabi.lib</file>
         <name>strcmp.c.obj</name>
      </input_file>
      <input_file id="fl-e4">
         <path>C:\ti\ccs1230\ccs\tools\compiler\ti-cgt-arm_20.2.7.LTS\lib\</path>
         <kind>archive</kind>
         <file>rtsv7M4_T_le_v4SPD16_eabi.lib</file>
         <name>strcpy.c.obj</name>
      </input_file>
      <input_file id="fl-e5">
         <path>C:\ti\ccs1230\ccs\tools\compiler\ti-cgt-arm_20.2.7.LTS\lib\</path>
         <kind>archive</kind>
         <file>rtsv7M4_T_le_v4SPD16_eabi.lib</file>
         <name>boot_cortex_m.c.obj</name>
      </input_file>
      <input_file id="fl-e6">
         <path>C:\ti\ccs1230\ccs\tools\compiler\ti-cgt-arm_20.2.7.LTS\lib\</path>
         <kind>archive</kind>
         <file>rtsv7M4_T_le_v4SPD16_eabi.lib</file>
         <name>errno.c.obj</name>
      </input_file>
      <input_file id="fl-e7">
         <path>C:\ti\ccs1230\ccs\tools\compiler\ti-cgt-arm_20.2.7.LTS\lib\</path>
         <kind>archive</kind>
         <file>rtsv7M4_T_le_v4SPD16_eabi.lib</file>
         <name>_printfi.c.obj</name>
      </input_file>
      <input_file id="fl-e8">
         <path>C:\ti\ccs1230\ccs\tools\compiler\ti-cgt-arm_20.2.7.LTS\lib\</path>
         <kind>archive</kind>
         <file>rtsv7M4_T_le_v4SPD16_eabi.lib</file>
         <name>memset_t2.asm.obj</name>
      </input_file>
      <input_file id="fl-e9">
         <path>C:\ti\ccs1230\ccs\tools\compiler\ti-cgt-arm_20.2.7.LTS\lib\</path>
         <kind>archive</kind>
         <file>rtsv7M4_T_le_v4SPD16_eabi.lib</file>
         <name>ull_div_t2.asm.obj</name>
      </input_file>
      <input_file id="fl-ea">
         <path>C:\ti\ccs1230\ccs\tools\compiler\ti-cgt-arm_20.2.7.LTS\lib\</path>
         <kind>archive</kind>
         <file>rtsv7M4_T_le_v4SPD16_eabi.lib</file>
         <name>autoinit.c.obj</name>
      </input_file>
      <input_file id="fl-eb">
         <path>C:\ti\ccs1230\ccs\tools\compiler\ti-cgt-arm_20.2.7.LTS\lib\</path>
         <kind>archive</kind>
         <file>rtsv7M4_T_le_v4SPD16_eabi.lib</file>
         <name>pre_init.c.obj</name>
      </input_file>
      <input_file id="fl-ec">
         <path>C:\ti\ccs1230\ccs\tools\compiler\ti-cgt-arm_20.2.7.LTS\lib\</path>
         <kind>archive</kind>
         <file>rtsv7M4_T_le_v4SPD16_eabi.lib</file>
         <name>cpy_tbl.c.obj</name>
      </input_file>
      <input_file id="fl-ed">
         <path>C:\ti\ccs1230\ccs\tools\compiler\ti-cgt-arm_20.2.7.LTS\lib\</path>
         <kind>archive</kind>
         <file>rtsv7M4_T_le_v4SPD16_eabi.lib</file>
         <name>exit.c.obj</name>
      </input_file>
      <input_file id="fl-ee">
         <path>C:\ti\ccs1230\ccs\tools\compiler\ti-cgt-arm_20.2.7.LTS\lib\</path>
         <kind>archive</kind>
         <file>rtsv7M4_T_le_v4SPD16_eabi.lib</file>
         <name>_lock.c.obj</name>
      </input_file>
      <input_file id="fl-ef">
         <path>C:\ti\ccs1230\ccs\tools\compiler\ti-cgt-arm_20.2.7.LTS\lib\</path>
         <kind>archive</kind>
         <file>rtsv7M4_T_le_v4SPD16_eabi.lib</file>
         <name>_ltoa.c.obj</name>
      </input_file>
      <input_file id="fl-f0">
         <path>C:\ti\ccs1230\ccs\tools\compiler\ti-cgt-arm_20.2.7.LTS\lib\</path>
         <kind>archive</kind>
         <file>rtsv7M4_T_le_v4SPD16_eabi.lib</file>
         <name>args_main.c.obj</name>
      </input_file>
      <input_file id="fl-f1">
         <path>C:\ti\ccs1230\ccs\tools\compiler\ti-cgt-arm_20.2.7.LTS\lib\</path>
         <kind>archive</kind>
         <file>rtsv7M4_T_le_v4SPD16_eabi.lib</file>
         <name>memccpy.c.obj</name>
      </input_file>
      <input_file id="fl-f2">
         <path>C:\ti\ccs1230\ccs\tools\compiler\ti-cgt-arm_20.2.7.LTS\lib\</path>
         <kind>archive</kind>
         <file>rtsv7M4_T_le_v4SPD16_eabi.lib</file>
         <name>strchr.c.obj</name>
      </input_file>
      <input_file id="fl-f3">
         <path>C:\ti\ccs1230\ccs\tools\compiler\ti-cgt-arm_20.2.7.LTS\lib\</path>
         <kind>archive</kind>
         <file>rtsv7M4_T_le_v4SPD16_eabi.lib</file>
         <name>strlen.c.obj</name>
      </input_file>
      <input_file id="fl-f4">
         <path>C:\ti\ccs1230\ccs\tools\compiler\ti-cgt-arm_20.2.7.LTS\lib\</path>
         <kind>archive</kind>
         <file>rtsv7M4_T_le_v4SPD16_eabi.lib</file>
         <name>wcslen.c.obj</name>
      </input_file>
      <input_file id="fl-f5">
         <path>C:\ti\ccs1230\ccs\tools\compiler\ti-cgt-arm_20.2.7.LTS\lib\</path>
         <kind>archive</kind>
         <file>rtsv7M4_T_le_v4SPD16_eabi.lib</file>
         <name>s_frexp.c.obj</name>
      </input_file>
      <input_file id="fl-f6">
         <path>C:\ti\ccs1230\ccs\tools\compiler\ti-cgt-arm_20.2.7.LTS\lib\</path>
         <kind>archive</kind>
         <file>rtsv7M4_T_le_v4SPD16_eabi.lib</file>
         <name>s_scalbn.c.obj</name>
      </input_file>
      <input_file id="fl-f7">
         <path>C:\ti\ccs1230\ccs\tools\compiler\ti-cgt-arm_20.2.7.LTS\lib\</path>
         <kind>archive</kind>
         <file>rtsv7M4_T_le_v4SPD16_eabi.lib</file>
         <name>div0.asm.obj</name>
      </input_file>
      <input_file id="fl-f8">
         <path>C:\ti\ccs1230\ccs\tools\compiler\ti-cgt-arm_20.2.7.LTS\lib\</path>
         <kind>archive</kind>
         <file>rtsv7M4_T_le_v4SPD16_eabi.lib</file>
         <name>s_copysign.c.obj</name>
      </input_file>
      <input_file id="fl-f9">
         <path>C:\ti\TivaWare_C_Series-2.2.0.295\driverlib\ccs\Debug\</path>
         <kind>archive</kind>
         <file>driverlib.lib</file>
         <name>interrupt.obj</name>
      </input_file>
      <input_file id="fl-fa">
         <path>C:\ti\TivaWare_C_Series-2.2.0.295\driverlib\ccs\Debug\</path>
         <kind>archive</kind>
         <file>driverlib.lib</file>
         <name>cpu.obj</name>
      </input_file>
   </input_file_list>
   <object_component_list>
      <object_component id="oc-12">
         <name>.intvecs</name>
         <load_address>0x0</load_address>
         <run_address>0x0</run_address>
         <size>0x26c</size>
         <input_file_ref idref="fl-e"/>
      </object_component>
      <object_component id="oc-135">
         <name>.text</name>
         <load_address>0x26c</load_address>
         <run_address>0x26c</run_address>
         <size>0xc20</size>
         <input_file_ref idref="fl-b"/>
      </object_component>
      <object_component id="oc-1b4">
         <name>.text:__TI_printfi</name>
         <load_address>0xe8c</load_address>
         <run_address>0xe8c</run_address>
         <size>0xa4e</size>
         <input_file_ref idref="fl-e7"/>
      </object_component>
      <object_component id="oc-315">
         <name>.text:_nop</name>
         <load_address>0x18da</load_address>
         <run_address>0x18da</run_address>
         <size>0x2</size>
         <input_file_ref idref="fl-ee"/>
      </object_component>
      <object_component id="oc-a2">
         <name>.text</name>
         <load_address>0x18dc</load_address>
         <run_address>0x18dc</run_address>
         <size>0x7b4</size>
         <input_file_ref idref="fl-9"/>
      </object_component>
      <object_component id="oc-1ac">
         <name>.text:powf</name>
         <load_address>0x2090</load_address>
         <run_address>0x2090</run_address>
         <size>0x58c</size>
         <input_file_ref idref="fl-cd"/>
      </object_component>
      <object_component id="oc-129">
         <name>.text</name>
         <load_address>0x261c</load_address>
         <run_address>0x261c</run_address>
         <size>0x51c</size>
         <input_file_ref idref="fl-a"/>
      </object_component>
      <object_component id="oc-123">
         <name>.text</name>
         <load_address>0x2b38</load_address>
         <run_address>0x2b38</run_address>
         <size>0x328</size>
         <input_file_ref idref="fl-7"/>
      </object_component>
      <object_component id="oc-dd">
         <name>.text</name>
         <load_address>0x2e60</load_address>
         <run_address>0x2e60</run_address>
         <size>0x314</size>
         <input_file_ref idref="fl-c"/>
      </object_component>
      <object_component id="oc-2a5">
         <name>.text:_pconv_a</name>
         <load_address>0x3174</load_address>
         <run_address>0x3174</run_address>
         <size>0x270</size>
         <input_file_ref idref="fl-e7"/>
      </object_component>
      <object_component id="oc-12f">
         <name>.text</name>
         <load_address>0x33e4</load_address>
         <run_address>0x33e4</run_address>
         <size>0x248</size>
         <input_file_ref idref="fl-2"/>
      </object_component>
      <object_component id="oc-ef">
         <name>.text</name>
         <load_address>0x362c</load_address>
         <run_address>0x362c</run_address>
         <size>0x1f8</size>
         <input_file_ref idref="fl-f"/>
      </object_component>
      <object_component id="oc-293">
         <name>.text:_pconv_g</name>
         <load_address>0x3824</load_address>
         <run_address>0x3824</run_address>
         <size>0x1d0</size>
         <input_file_ref idref="fl-e7"/>
      </object_component>
      <object_component id="oc-192">
         <name>.text</name>
         <load_address>0x39f4</load_address>
         <run_address>0x39f4</run_address>
         <size>0x1b6</size>
         <input_file_ref idref="fl-d3"/>
      </object_component>
      <object_component id="oc-3e9">
         <name>.text</name>
         <load_address>0x3baa</load_address>
         <run_address>0x3baa</run_address>
         <size>0x2</size>
         <input_file_ref idref="fl-f7"/>
      </object_component>
      <object_component id="oc-e3">
         <name>.text</name>
         <load_address>0x3bac</load_address>
         <run_address>0x3bac</run_address>
         <size>0x18c</size>
         <input_file_ref idref="fl-3"/>
      </object_component>
      <object_component id="oc-d7">
         <name>.text</name>
         <load_address>0x3d38</load_address>
         <run_address>0x3d38</run_address>
         <size>0x154</size>
         <input_file_ref idref="fl-d"/>
      </object_component>
      <object_component id="oc-29f">
         <name>.text:_pconv_e</name>
         <load_address>0x3e8c</load_address>
         <run_address>0x3e8c</run_address>
         <size>0x13c</size>
         <input_file_ref idref="fl-e7"/>
      </object_component>
      <object_component id="oc-104">
         <name>.text</name>
         <load_address>0x3fc8</load_address>
         <run_address>0x3fc8</run_address>
         <size>0x136</size>
         <input_file_ref idref="fl-d5"/>
      </object_component>
      <object_component id="oc-37b">
         <name>.text:fcvt</name>
         <load_address>0x4100</load_address>
         <run_address>0x4100</run_address>
         <size>0x124</size>
         <input_file_ref idref="fl-e7"/>
      </object_component>
      <object_component id="oc-38f">
         <name>.text:scalbn</name>
         <load_address>0x4224</load_address>
         <run_address>0x4224</run_address>
         <size>0x110</size>
         <input_file_ref idref="fl-f6"/>
      </object_component>
      <object_component id="oc-3bb">
         <name>.text:aligned_alloc</name>
         <load_address>0x4334</load_address>
         <run_address>0x4334</run_address>
         <size>0x100</size>
         <input_file_ref idref="fl-e2"/>
      </object_component>
      <object_component id="oc-fa">
         <name>.text</name>
         <load_address>0x4434</load_address>
         <run_address>0x4434</run_address>
         <size>0xfc</size>
         <input_file_ref idref="fl-d6"/>
      </object_component>
      <object_component id="oc-20e">
         <name>.text:free</name>
         <load_address>0x4530</load_address>
         <run_address>0x4530</run_address>
         <size>0xe4</size>
         <input_file_ref idref="fl-e2"/>
      </object_component>
      <object_component id="oc-26e">
         <name>.text:scalbnf</name>
         <load_address>0x4614</load_address>
         <run_address>0x4614</run_address>
         <size>0xd0</size>
         <input_file_ref idref="fl-cf"/>
      </object_component>
      <object_component id="oc-28d">
         <name>.text:_ltostr</name>
         <load_address>0x46e4</load_address>
         <run_address>0x46e4</run_address>
         <size>0xb1</size>
         <input_file_ref idref="fl-e7"/>
      </object_component>
      <object_component id="oc-3e">
         <name>.text</name>
         <load_address>0x4796</load_address>
         <run_address>0x4796</run_address>
         <size>0x9c</size>
         <input_file_ref idref="fl-db"/>
      </object_component>
      <object_component id="oc-362">
         <name>.text</name>
         <load_address>0x4832</load_address>
         <run_address>0x4832</run_address>
         <size>0x96</size>
         <input_file_ref idref="fl-e9"/>
      </object_component>
      <object_component id="oc-13b">
         <name>.text</name>
         <load_address>0x48c8</load_address>
         <run_address>0x48c8</run_address>
         <size>0x88</size>
         <input_file_ref idref="fl-4"/>
      </object_component>
      <object_component id="oc-1fc">
         <name>.text:__aeabi_cdcmple</name>
         <load_address>0x4950</load_address>
         <run_address>0x4950</run_address>
         <size>0x86</size>
         <input_file_ref idref="fl-d4"/>
      </object_component>
      <object_component id="oc-10e">
         <name>.text:__aeabi_cdrcmple</name>
         <load_address>0x49d6</load_address>
         <run_address>0x49d6</run_address>
         <size>0x86</size>
         <input_file_ref idref="fl-d4"/>
      </object_component>
      <object_component id="oc-96">
         <name>.text</name>
         <load_address>0x4a5c</load_address>
         <run_address>0x4a5c</run_address>
         <size>0x7a</size>
         <input_file_ref idref="fl-e8"/>
      </object_component>
      <object_component id="oc-40f">
         <name>.text:split</name>
         <load_address>0x4ad8</load_address>
         <run_address>0x4ad8</run_address>
         <size>0x70</size>
         <input_file_ref idref="fl-e2"/>
      </object_component>
      <object_component id="oc-374">
         <name>.text:_mcpy</name>
         <load_address>0x4b48</load_address>
         <run_address>0x4b48</run_address>
         <size>0x6e</size>
         <input_file_ref idref="fl-e7"/>
      </object_component>
      <object_component id="oc-109">
         <name>.text</name>
         <load_address>0x4bb6</load_address>
         <run_address>0x4bb6</run_address>
         <size>0x6e</size>
         <input_file_ref idref="fl-d8"/>
      </object_component>
      <object_component id="oc-15">
         <name>.text:decompress:lzss:__TI_decompress_lzss</name>
         <load_address>0x4c24</load_address>
         <run_address>0x4c24</run_address>
         <size>0x68</size>
         <input_file_ref idref="fl-df"/>
      </object_component>
      <object_component id="oc-389">
         <name>.text:frexp</name>
         <load_address>0x4c8c</load_address>
         <run_address>0x4c8c</run_address>
         <size>0x64</size>
         <input_file_ref idref="fl-f5"/>
      </object_component>
      <object_component id="oc-299">
         <name>.text:_pconv_f</name>
         <load_address>0x4cf0</load_address>
         <run_address>0x4cf0</run_address>
         <size>0x56</size>
         <input_file_ref idref="fl-e7"/>
      </object_component>
      <object_component id="oc-368">
         <name>.text:__TI_ltoa</name>
         <load_address>0x4d46</load_address>
         <run_address>0x4d46</run_address>
         <size>0x54</size>
         <input_file_ref idref="fl-ef"/>
      </object_component>
      <object_component id="oc-36e">
         <name>.text:_ecpy</name>
         <load_address>0x4d9a</load_address>
         <run_address>0x4d9a</run_address>
         <size>0x52</size>
         <input_file_ref idref="fl-e7"/>
      </object_component>
      <object_component id="oc-141">
         <name>.text:atoi</name>
         <load_address>0x4dec</load_address>
         <run_address>0x4dec</run_address>
         <size>0x4c</size>
         <input_file_ref idref="fl-e0"/>
      </object_component>
      <object_component id="oc-117">
         <name>.text</name>
         <load_address>0x4e38</load_address>
         <run_address>0x4e38</run_address>
         <size>0x48</size>
         <input_file_ref idref="fl-d7"/>
      </object_component>
      <object_component id="oc-159">
         <name>.text:__TI_auto_init_nobinit_nopinit:__TI_auto_init_nobinit_nopinit</name>
         <load_address>0x4e80</load_address>
         <run_address>0x4e80</run_address>
         <size>0x44</size>
         <input_file_ref idref="fl-ea"/>
      </object_component>
      <object_component id="oc-e9">
         <name>.text:sprintf</name>
         <load_address>0x4ec4</load_address>
         <run_address>0x4ec4</run_address>
         <size>0x40</size>
         <input_file_ref idref="fl-d0"/>
      </object_component>
      <object_component id="oc-1e5">
         <name>.text:vsnprintf</name>
         <load_address>0x4f04</load_address>
         <run_address>0x4f04</run_address>
         <size>0x40</size>
         <input_file_ref idref="fl-d1"/>
      </object_component>
      <object_component id="oc-381">
         <name>.text:_fcpy</name>
         <load_address>0x4f44</load_address>
         <run_address>0x4f44</run_address>
         <size>0x3e</size>
         <input_file_ref idref="fl-e7"/>
      </object_component>
      <object_component id="oc-208">
         <name>.text:calloc</name>
         <load_address>0x4f84</load_address>
         <run_address>0x4f84</run_address>
         <size>0x38</size>
         <input_file_ref idref="fl-e2"/>
      </object_component>
      <object_component id="oc-f5">
         <name>.text</name>
         <load_address>0x4fbc</load_address>
         <run_address>0x4fbc</run_address>
         <size>0x38</size>
         <input_file_ref idref="fl-d9"/>
      </object_component>
      <object_component id="oc-19b">
         <name>.text:IntRegister</name>
         <load_address>0x4ff4</load_address>
         <run_address>0x4ff4</run_address>
         <size>0x34</size>
         <input_file_ref idref="fl-f9"/>
      </object_component>
      <object_component id="oc-5c">
         <name>.text:_c_int00_noargs:_c_int00_noargs</name>
         <load_address>0x5028</load_address>
         <run_address>0x5028</run_address>
         <size>0x34</size>
         <input_file_ref idref="fl-e5"/>
      </object_component>
      <object_component id="oc-2cc">
         <name>.text:_outs</name>
         <load_address>0x505c</load_address>
         <run_address>0x505c</run_address>
         <size>0x30</size>
         <input_file_ref idref="fl-d1"/>
      </object_component>
      <object_component id="oc-ff">
         <name>.text</name>
         <load_address>0x508c</load_address>
         <run_address>0x508c</run_address>
         <size>0x2e</size>
         <input_file_ref idref="fl-da"/>
      </object_component>
      <object_component id="oc-301">
         <name>.text:free_list_insert</name>
         <load_address>0x50bc</load_address>
         <run_address>0x50bc</run_address>
         <size>0x28</size>
         <input_file_ref idref="fl-e2"/>
      </object_component>
      <object_component id="oc-268">
         <name>.text:sqrtf</name>
         <load_address>0x50e4</load_address>
         <run_address>0x50e4</run_address>
         <size>0x28</size>
         <input_file_ref idref="fl-ce"/>
      </object_component>
      <object_component id="oc-18d">
         <name>.text</name>
         <load_address>0x510c</load_address>
         <run_address>0x510c</run_address>
         <size>0x20</size>
         <input_file_ref idref="fl-dc"/>
      </object_component>
      <object_component id="oc-4a">
         <name>.text:decompress:ZI:__TI_zero_init_nomemset:__TI_zero_init_nomemset</name>
         <load_address>0x512c</load_address>
         <run_address>0x512c</run_address>
         <size>0x1c</size>
         <input_file_ref idref="fl-dd"/>
      </object_component>
      <object_component id="oc-2fb">
         <name>.text:free_list_remove</name>
         <load_address>0x5148</load_address>
         <run_address>0x5148</run_address>
         <size>0x1c</size>
         <input_file_ref idref="fl-e2"/>
      </object_component>
      <object_component id="oc-2ab">
         <name>.text:memccpy</name>
         <load_address>0x5164</load_address>
         <run_address>0x5164</run_address>
         <size>0x1c</size>
         <input_file_ref idref="fl-f1"/>
      </object_component>
      <object_component id="oc-3f7">
         <name>.text:copysign</name>
         <load_address>0x5180</load_address>
         <run_address>0x5180</run_address>
         <size>0x1a</size>
         <input_file_ref idref="fl-f8"/>
      </object_component>
      <object_component id="oc-2d2">
         <name>.text:_outc</name>
         <load_address>0x519a</load_address>
         <run_address>0x519a</run_address>
         <size>0x18</size>
         <input_file_ref idref="fl-d1"/>
      </object_component>
      <object_component id="oc-1ba">
         <name>.text:_outs</name>
         <load_address>0x51b2</load_address>
         <run_address>0x51b2</run_address>
         <size>0x18</size>
         <input_file_ref idref="fl-d0"/>
      </object_component>
      <object_component id="oc-345">
         <name>.text:copysignf</name>
         <load_address>0x51ca</load_address>
         <run_address>0x51ca</run_address>
         <size>0x18</size>
         <input_file_ref idref="fl-d2"/>
      </object_component>
      <object_component id="oc-214">
         <name>.text:oi_parseInt</name>
         <load_address>0x51e2</load_address>
         <run_address>0x51e2</run_address>
         <size>0x18</size>
         <input_file_ref idref="fl-b"/>
      </object_component>
      <object_component id="oc-1eb">
         <name>.text:strcmp</name>
         <load_address>0x51fa</load_address>
         <run_address>0x51fa</run_address>
         <size>0x18</size>
         <input_file_ref idref="fl-e3"/>
      </object_component>
      <object_component id="oc-395">
         <name>.text:strchr</name>
         <load_address>0x5212</load_address>
         <run_address>0x5212</run_address>
         <size>0x16</size>
         <input_file_ref idref="fl-f2"/>
      </object_component>
      <object_component id="oc-1f1">
         <name>.text:strcpy</name>
         <load_address>0x5228</load_address>
         <run_address>0x5228</run_address>
         <size>0x14</size>
         <input_file_ref idref="fl-e4"/>
      </object_component>
      <object_component id="oc-287">
         <name>.text:strlen</name>
         <load_address>0x523c</load_address>
         <run_address>0x523c</run_address>
         <size>0x14</size>
         <input_file_ref idref="fl-f3"/>
      </object_component>
      <object_component id="oc-2b1">
         <name>.text:wcslen</name>
         <load_address>0x5250</load_address>
         <run_address>0x5250</run_address>
         <size>0x12</size>
         <input_file_ref idref="fl-f4"/>
      </object_component>
      <object_component id="oc-1a1">
         <name>.text:IntMasterEnable</name>
         <load_address>0x5262</load_address>
         <run_address>0x5262</run_address>
         <size>0x10</size>
         <input_file_ref idref="fl-f9"/>
      </object_component>
      <object_component id="oc-11c">
         <name>.text:lcd_clear</name>
         <load_address>0x5272</load_address>
         <run_address>0x5272</run_address>
         <size>0x10</size>
         <input_file_ref idref="fl-7"/>
      </object_component>
      <object_component id="oc-1b">
         <name>.text:decompress:none:__TI_decompress_none</name>
         <load_address>0x5282</load_address>
         <run_address>0x5282</run_address>
         <size>0xe</size>
         <input_file_ref idref="fl-de"/>
      </object_component>
      <object_component id="oc-259">
         <name>.text:CPUcpsie</name>
         <load_address>0x5290</load_address>
         <run_address>0x5290</run_address>
         <size>0xc</size>
         <input_file_ref idref="fl-fa"/>
      </object_component>
      <object_component id="oc-2a">
         <name>.text</name>
         <load_address>0x529c</load_address>
         <run_address>0x529c</run_address>
         <size>0xc</size>
         <input_file_ref idref="fl-e"/>
      </object_component>
      <object_component id="oc-1c0">
         <name>.text:_outc</name>
         <load_address>0x52a8</load_address>
         <run_address>0x52a8</run_address>
         <size>0xa</size>
         <input_file_ref idref="fl-d0"/>
      </object_component>
      <object_component id="oc-274">
         <name>.text:__aeabi_errno_addr</name>
         <load_address>0x52b4</load_address>
         <run_address>0x52b4</run_address>
         <size>0x8</size>
         <input_file_ref idref="fl-e6"/>
      </object_component>
      <object_component id="oc-2f4">
         <name>.text:malloc</name>
         <load_address>0x52bc</load_address>
         <run_address>0x52bc</run_address>
         <size>0x8</size>
         <input_file_ref idref="fl-e2"/>
      </object_component>
      <object_component id="oc-9c">
         <name>.text:_system_pre_init</name>
         <load_address>0x52c4</load_address>
         <run_address>0x52c4</run_address>
         <size>0x4</size>
         <input_file_ref idref="fl-eb"/>
      </object_component>
      <object_component id="oc-14d">
         <name>.text:abort:abort</name>
         <load_address>0x52c8</load_address>
         <run_address>0x52c8</run_address>
         <size>0x4</size>
         <input_file_ref idref="fl-ed"/>
      </object_component>
      <object_component id="oc-226">
         <name>.const:.string:_ctypes_</name>
         <load_address>0x52cc</load_address>
         <run_address>0x52cc</run_address>
         <size>0x101</size>
         <input_file_ref idref="fl-e1"/>
      </object_component>
      <object_component id="oc-27a">
         <name>.const:$O1$$</name>
         <load_address>0x53d0</load_address>
         <run_address>0x53d0</run_address>
         <size>0x18</size>
         <input_file_ref idref="fl-cd"/>
      </object_component>
      <object_component id="oc-21e">
         <name>.const:.string:$P$T0$3</name>
         <load_address>0x53e8</load_address>
         <run_address>0x53e8</run_address>
         <size>0xf</size>
         <input_file_ref idref="fl-b"/>
      </object_component>
      <object_component id="oc-1f7">
         <name>.const:.string:lineAddress$1</name>
         <load_address>0x53f7</load_address>
         <run_address>0x53f7</run_address>
         <size>0x4</size>
         <input_file_ref idref="fl-7"/>
      </object_component>
      <object_component id="oc-1f8">
         <name>.const:.string:lineAddresses$2</name>
         <load_address>0x53fb</load_address>
         <run_address>0x53fb</run_address>
         <size>0x4</size>
         <input_file_ref idref="fl-7"/>
      </object_component>
      <object_component id="oc-451">
         <name>.cinit..data.load</name>
         <load_address>0x5400</load_address>
         <run_address>0x5400</run_address>
         <size>0x29</size>
      </object_component>
      <object_component id="oc-44e">
         <name>__TI_handler_table</name>
         <load_address>0x542c</load_address>
         <run_address>0x542c</run_address>
         <size>0xc</size>
      </object_component>
      <object_component id="oc-452">
         <name>.cinit..bss.load</name>
         <load_address>0x5438</load_address>
         <run_address>0x5438</run_address>
         <size>0x8</size>
      </object_component>
      <object_component id="oc-450">
         <name>.cinit..vtable.load</name>
         <load_address>0x5440</load_address>
         <run_address>0x5440</run_address>
         <size>0x8</size>
      </object_component>
      <object_component id="oc-44f">
         <name>__TI_cinit_table</name>
         <load_address>0x5448</load_address>
         <run_address>0x5448</run_address>
         <size>0x18</size>
      </object_component>
      <object_component id="oc-24f">
         <name>.vtable</name>
         <uninitialized>true</uninitialized>
         <run_address>0x20000000</run_address>
         <size>0x26c</size>
         <input_file_ref idref="fl-f9"/>
      </object_component>
      <object_component id="oc-203">
         <name>.data</name>
         <load_address>0x20002338</load_address>
         <run_address>0x20002338</run_address>
         <size>0x1</size>
         <input_file_ref idref="fl-2"/>
      </object_component>
      <object_component id="oc-224">
         <name>.data</name>
         <load_address>0x20002339</load_address>
         <run_address>0x20002339</run_address>
         <size>0x1</size>
         <input_file_ref idref="fl-4"/>
      </object_component>
      <object_component id="oc-21b">
         <name>.data</name>
         <load_address>0x200022e8</load_address>
         <run_address>0x200022e8</run_address>
         <size>0x20</size>
         <input_file_ref idref="fl-b"/>
      </object_component>
      <object_component id="oc-1a7">
         <name>.data</name>
         <load_address>0x20002308</load_address>
         <run_address>0x20002308</run_address>
         <size>0x10</size>
         <input_file_ref idref="fl-c"/>
      </object_component>
      <object_component id="oc-197">
         <name>.data</name>
         <load_address>0x20002334</load_address>
         <run_address>0x20002334</run_address>
         <size>0x4</size>
         <input_file_ref idref="fl-d"/>
      </object_component>
      <object_component id="oc-1cd">
         <name>.data</name>
         <load_address>0x20002328</load_address>
         <run_address>0x20002328</run_address>
         <size>0x8</size>
         <input_file_ref idref="fl-f"/>
      </object_component>
      <object_component id="oc-3c2">
         <name>.data:$O1$$</name>
         <load_address>0x20002320</load_address>
         <run_address>0x20002320</run_address>
         <size>0x8</size>
         <input_file_ref idref="fl-e2"/>
      </object_component>
      <object_component id="oc-352">
         <name>.data</name>
         <load_address>0x20002330</load_address>
         <run_address>0x20002330</run_address>
         <size>0x4</size>
         <input_file_ref idref="fl-e6"/>
      </object_component>
      <object_component id="oc-22f">
         <name>.data:$O1$$</name>
         <load_address>0x20002318</load_address>
         <run_address>0x20002318</run_address>
         <size>0x8</size>
         <input_file_ref idref="fl-ee"/>
      </object_component>
      <object_component id="oc-1f9">
         <name>.bss:lastbuffer$3</name>
         <uninitialized>true</uninitialized>
         <run_address>0x20002270</run_address>
         <size>0x54</size>
         <input_file_ref idref="fl-7"/>
      </object_component>
      <object_component id="oc-221">
         <name>.bss:firmware$2</name>
         <uninitialized>true</uninitialized>
         <run_address>0x200022c4</run_address>
         <size>0x18</size>
         <input_file_ref idref="fl-b"/>
      </object_component>
      <object_component id="oc-206">
         <name>.common:_timeout_ticks</name>
         <uninitialized>true</uninitialized>
         <run_address>0x200022dc</run_address>
         <size>0x4</size>
      </object_component>
      <object_component id="oc-113">
         <name>.common:pingDistance</name>
         <uninitialized>true</uninitialized>
         <run_address>0x200022e4</run_address>
         <size>0x4</size>
      </object_component>
      <object_component id="oc-116">
         <name>.common:irDist</name>
         <uninitialized>true</uninitialized>
         <run_address>0x200022e0</run_address>
         <size>0x4</size>
      </object_component>
      <object_component id="oc-24">
         <name>.sysmem</name>
         <uninitialized>true</uninitialized>
         <run_address>0x20001270</run_address>
         <size>0x10</size>
         <input_file_ref idref="fl-e2"/>
      </object_component>
      <object_component id="oc-455">
         <name>.sysmem</name>
         <uninitialized>true</uninitialized>
         <run_address>0x20001270</run_address>
         <size>0x0</size>
      </object_component>
      <object_component id="oc-27">
         <name>.stack</name>
         <uninitialized>true</uninitialized>
         <run_address>0x20000270</run_address>
         <size>0x4</size>
         <input_file_ref idref="fl-e5"/>
      </object_component>
      <object_component id="oc-454">
         <name>.stack</name>
         <uninitialized>true</uninitialized>
         <run_address>0x20000270</run_address>
         <size>0x0</size>
      </object_component>
      <object_component id="oc-c5">
         <name>.debug_info</name>
         <load_address>0x0</load_address>
         <run_address>0x0</run_address>
         <size>0x2b3</size>
         <input_file_ref idref="fl-2"/>
      </object_component>
      <object_component id="oc-204">
         <name>.debug_info</name>
         <load_address>0x2b3</load_address>
         <run_address>0x2b3</run_address>
         <size>0xc1</size>
         <input_file_ref idref="fl-2"/>
      </object_component>
      <object_component id="oc-133">
         <name>.debug_info</name>
         <load_address>0x374</load_address>
         <run_address>0x374</run_address>
         <size>0x509</size>
         <input_file_ref idref="fl-2"/>
      </object_component>
      <object_component id="oc-77">
         <name>.debug_info</name>
         <load_address>0x87d</load_address>
         <run_address>0x87d</run_address>
         <size>0x26b</size>
         <input_file_ref idref="fl-2"/>
      </object_component>
      <object_component id="oc-39">
         <name>.debug_info</name>
         <load_address>0xae8</load_address>
         <run_address>0xae8</run_address>
         <size>0x84</size>
         <input_file_ref idref="fl-2"/>
      </object_component>
      <object_component id="oc-c0">
         <name>.debug_info</name>
         <load_address>0xb6c</load_address>
         <run_address>0xb6c</run_address>
         <size>0x2a4</size>
         <input_file_ref idref="fl-2"/>
      </object_component>
      <object_component id="oc-7c">
         <name>.debug_info</name>
         <load_address>0xe10</load_address>
         <run_address>0xe10</run_address>
         <size>0xbb</size>
         <input_file_ref idref="fl-2"/>
      </object_component>
      <object_component id="oc-1b3">
         <name>.debug_info</name>
         <load_address>0xecb</load_address>
         <run_address>0xecb</run_address>
         <size>0x2d0</size>
         <input_file_ref idref="fl-3"/>
      </object_component>
      <object_component id="oc-e5">
         <name>.debug_info</name>
         <load_address>0x119b</load_address>
         <run_address>0x119b</run_address>
         <size>0x2c5</size>
         <input_file_ref idref="fl-3"/>
      </object_component>
      <object_component id="oc-13c">
         <name>.debug_info</name>
         <load_address>0x1460</load_address>
         <run_address>0x1460</run_address>
         <size>0x176</size>
         <input_file_ref idref="fl-4"/>
      </object_component>
      <object_component id="oc-2cb">
         <name>.debug_info</name>
         <load_address>0x15d6</load_address>
         <run_address>0x15d6</run_address>
         <size>0xc3</size>
         <input_file_ref idref="fl-5"/>
      </object_component>
      <object_component id="oc-2ea">
         <name>.debug_info</name>
         <load_address>0x1699</load_address>
         <run_address>0x1699</run_address>
         <size>0xcc</size>
         <input_file_ref idref="fl-5"/>
      </object_component>
      <object_component id="oc-1c8">
         <name>.debug_info</name>
         <load_address>0x1765</load_address>
         <run_address>0x1765</run_address>
         <size>0x2c</size>
         <input_file_ref idref="fl-5"/>
      </object_component>
      <object_component id="oc-1df">
         <name>.debug_info</name>
         <load_address>0x1791</load_address>
         <run_address>0x1791</run_address>
         <size>0x35</size>
         <input_file_ref idref="fl-5"/>
      </object_component>
      <object_component id="oc-1fb">
         <name>.debug_info</name>
         <load_address>0x17c6</load_address>
         <run_address>0x17c6</run_address>
         <size>0x381</size>
         <input_file_ref idref="fl-7"/>
      </object_component>
      <object_component id="oc-11e">
         <name>.debug_info</name>
         <load_address>0x1b47</load_address>
         <run_address>0x1b47</run_address>
         <size>0x116</size>
         <input_file_ref idref="fl-7"/>
      </object_component>
      <object_component id="oc-124">
         <name>.debug_info</name>
         <load_address>0x1c5d</load_address>
         <run_address>0x1c5d</run_address>
         <size>0x8a2</size>
         <input_file_ref idref="fl-7"/>
      </object_component>
      <object_component id="oc-114">
         <name>.debug_info</name>
         <load_address>0x24ff</load_address>
         <run_address>0x24ff</run_address>
         <size>0x79b</size>
         <input_file_ref idref="fl-9"/>
      </object_component>
      <object_component id="oc-a3">
         <name>.debug_info</name>
         <load_address>0x2c9a</load_address>
         <run_address>0x2c9a</run_address>
         <size>0xc57</size>
         <input_file_ref idref="fl-9"/>
      </object_component>
      <object_component id="oc-1da">
         <name>.debug_info</name>
         <load_address>0x38f1</load_address>
         <run_address>0x38f1</run_address>
         <size>0x5aa</size>
         <input_file_ref idref="fl-9"/>
      </object_component>
      <object_component id="oc-148">
         <name>.debug_info</name>
         <load_address>0x3e9b</load_address>
         <run_address>0x3e9b</run_address>
         <size>0x8b</size>
         <input_file_ref idref="fl-9"/>
      </object_component>
      <object_component id="oc-202">
         <name>.debug_info</name>
         <load_address>0x3f26</load_address>
         <run_address>0x3f26</run_address>
         <size>0x2e4</size>
         <input_file_ref idref="fl-a"/>
      </object_component>
      <object_component id="oc-12a">
         <name>.debug_info</name>
         <load_address>0x420a</load_address>
         <run_address>0x420a</run_address>
         <size>0xa6d</size>
         <input_file_ref idref="fl-a"/>
      </object_component>
      <object_component id="oc-223">
         <name>.debug_info</name>
         <load_address>0x4c77</load_address>
         <run_address>0x4c77</run_address>
         <size>0x3fe</size>
         <input_file_ref idref="fl-b"/>
      </object_component>
      <object_component id="oc-21c">
         <name>.debug_info</name>
         <load_address>0x5075</load_address>
         <run_address>0x5075</run_address>
         <size>0x113</size>
         <input_file_ref idref="fl-b"/>
      </object_component>
      <object_component id="oc-21f">
         <name>.debug_info</name>
         <load_address>0x5188</load_address>
         <run_address>0x5188</run_address>
         <size>0xc8</size>
         <input_file_ref idref="fl-b"/>
      </object_component>
      <object_component id="oc-216">
         <name>.debug_info</name>
         <load_address>0x5250</load_address>
         <run_address>0x5250</run_address>
         <size>0x140</size>
         <input_file_ref idref="fl-b"/>
      </object_component>
      <object_component id="oc-137">
         <name>.debug_info</name>
         <load_address>0x5390</load_address>
         <run_address>0x5390</run_address>
         <size>0x198a</size>
         <input_file_ref idref="fl-b"/>
      </object_component>
      <object_component id="oc-1ab">
         <name>.debug_info</name>
         <load_address>0x6d1a</load_address>
         <run_address>0x6d1a</run_address>
         <size>0x3a6</size>
         <input_file_ref idref="fl-c"/>
      </object_component>
      <object_component id="oc-1a8">
         <name>.debug_info</name>
         <load_address>0x70c0</load_address>
         <run_address>0x70c0</run_address>
         <size>0x132</size>
         <input_file_ref idref="fl-c"/>
      </object_component>
      <object_component id="oc-e1">
         <name>.debug_info</name>
         <load_address>0x71f2</load_address>
         <run_address>0x71f2</run_address>
         <size>0x3ae</size>
         <input_file_ref idref="fl-c"/>
      </object_component>
      <object_component id="oc-264">
         <name>.debug_info</name>
         <load_address>0x75a0</load_address>
         <run_address>0x75a0</run_address>
         <size>0x44</size>
         <input_file_ref idref="fl-c"/>
      </object_component>
      <object_component id="oc-198">
         <name>.debug_info</name>
         <load_address>0x75e4</load_address>
         <run_address>0x75e4</run_address>
         <size>0xc7</size>
         <input_file_ref idref="fl-d"/>
      </object_component>
      <object_component id="oc-d9">
         <name>.debug_info</name>
         <load_address>0x76ab</load_address>
         <run_address>0x76ab</run_address>
         <size>0x22d</size>
         <input_file_ref idref="fl-d"/>
      </object_component>
      <object_component id="oc-32">
         <name>.debug_info</name>
         <load_address>0x78d8</load_address>
         <run_address>0x78d8</run_address>
         <size>0x29d</size>
         <input_file_ref idref="fl-e"/>
      </object_component>
      <object_component id="oc-13">
         <name>.debug_info</name>
         <load_address>0x7b75</load_address>
         <run_address>0x7b75</run_address>
         <size>0xdc</size>
         <input_file_ref idref="fl-e"/>
      </object_component>
      <object_component id="oc-2b">
         <name>.debug_info</name>
         <load_address>0x7c51</load_address>
         <run_address>0x7c51</run_address>
         <size>0x258</size>
         <input_file_ref idref="fl-e"/>
      </object_component>
      <object_component id="oc-1d1">
         <name>.debug_info</name>
         <load_address>0x7ea9</load_address>
         <run_address>0x7ea9</run_address>
         <size>0x2c9</size>
         <input_file_ref idref="fl-f"/>
      </object_component>
      <object_component id="oc-1ce">
         <name>.debug_info</name>
         <load_address>0x8172</load_address>
         <run_address>0x8172</run_address>
         <size>0xfb</size>
         <input_file_ref idref="fl-f"/>
      </object_component>
      <object_component id="oc-f0">
         <name>.debug_info</name>
         <load_address>0x826d</load_address>
         <run_address>0x826d</run_address>
         <size>0x456</size>
         <input_file_ref idref="fl-f"/>
      </object_component>
      <object_component id="oc-283">
         <name>.debug_info</name>
         <load_address>0x86c3</load_address>
         <run_address>0x86c3</run_address>
         <size>0x35e</size>
         <input_file_ref idref="fl-cd"/>
      </object_component>
      <object_component id="oc-27b">
         <name>.debug_info</name>
         <load_address>0x8a21</load_address>
         <run_address>0x8a21</run_address>
         <size>0x129</size>
         <input_file_ref idref="fl-cd"/>
      </object_component>
      <object_component id="oc-1ae">
         <name>.debug_info</name>
         <load_address>0x8b4a</load_address>
         <run_address>0x8b4a</run_address>
         <size>0x323</size>
         <input_file_ref idref="fl-cd"/>
      </object_component>
      <object_component id="oc-359">
         <name>.debug_info</name>
         <load_address>0x8e6d</load_address>
         <run_address>0x8e6d</run_address>
         <size>0x46</size>
         <input_file_ref idref="fl-cd"/>
      </object_component>
      <object_component id="oc-27e">
         <name>.debug_info</name>
         <load_address>0x8eb3</load_address>
         <run_address>0x8eb3</run_address>
         <size>0x39</size>
         <input_file_ref idref="fl-cd"/>
      </object_component>
      <object_component id="oc-344">
         <name>.debug_info</name>
         <load_address>0x8eec</load_address>
         <run_address>0x8eec</run_address>
         <size>0x2c1</size>
         <input_file_ref idref="fl-ce"/>
      </object_component>
      <object_component id="oc-26a">
         <name>.debug_info</name>
         <load_address>0x91ad</load_address>
         <run_address>0x91ad</run_address>
         <size>0x171</size>
         <input_file_ref idref="fl-ce"/>
      </object_component>
      <object_component id="oc-34c">
         <name>.debug_info</name>
         <load_address>0x931e</load_address>
         <run_address>0x931e</run_address>
         <size>0x2f6</size>
         <input_file_ref idref="fl-cf"/>
      </object_component>
      <object_component id="oc-26f">
         <name>.debug_info</name>
         <load_address>0x9614</load_address>
         <run_address>0x9614</run_address>
         <size>0x1cc</size>
         <input_file_ref idref="fl-cf"/>
      </object_component>
      <object_component id="oc-3de">
         <name>.debug_info</name>
         <load_address>0x97e0</load_address>
         <run_address>0x97e0</run_address>
         <size>0x39</size>
         <input_file_ref idref="fl-cf"/>
      </object_component>
      <object_component id="oc-34d">
         <name>.debug_info</name>
         <load_address>0x9819</load_address>
         <run_address>0x9819</run_address>
         <size>0x2c</size>
         <input_file_ref idref="fl-cf"/>
      </object_component>
      <object_component id="oc-1c7">
         <name>.debug_info</name>
         <load_address>0x9845</load_address>
         <run_address>0x9845</run_address>
         <size>0x333</size>
         <input_file_ref idref="fl-d0"/>
      </object_component>
      <object_component id="oc-ea">
         <name>.debug_info</name>
         <load_address>0x9b78</load_address>
         <run_address>0x9b78</run_address>
         <size>0x1d1</size>
         <input_file_ref idref="fl-d0"/>
      </object_component>
      <object_component id="oc-1bd">
         <name>.debug_info</name>
         <load_address>0x9d49</load_address>
         <run_address>0x9d49</run_address>
         <size>0x18d</size>
         <input_file_ref idref="fl-d0"/>
      </object_component>
      <object_component id="oc-1c2">
         <name>.debug_info</name>
         <load_address>0x9ed6</load_address>
         <run_address>0x9ed6</run_address>
         <size>0x16d</size>
         <input_file_ref idref="fl-d0"/>
      </object_component>
      <object_component id="oc-2da">
         <name>.debug_info</name>
         <load_address>0xa043</load_address>
         <run_address>0xa043</run_address>
         <size>0x2c</size>
         <input_file_ref idref="fl-d0"/>
      </object_component>
      <object_component id="oc-2d9">
         <name>.debug_info</name>
         <load_address>0xa06f</load_address>
         <run_address>0xa06f</run_address>
         <size>0x340</size>
         <input_file_ref idref="fl-d1"/>
      </object_component>
      <object_component id="oc-1e7">
         <name>.debug_info</name>
         <load_address>0xa3af</load_address>
         <run_address>0xa3af</run_address>
         <size>0x208</size>
         <input_file_ref idref="fl-d1"/>
      </object_component>
      <object_component id="oc-2cd">
         <name>.debug_info</name>
         <load_address>0xa5b7</load_address>
         <run_address>0xa5b7</run_address>
         <size>0x1c6</size>
         <input_file_ref idref="fl-d1"/>
      </object_component>
      <object_component id="oc-2d3">
         <name>.debug_info</name>
         <load_address>0xa77d</load_address>
         <run_address>0xa77d</run_address>
         <size>0x179</size>
         <input_file_ref idref="fl-d1"/>
      </object_component>
      <object_component id="oc-2df">
         <name>.debug_info</name>
         <load_address>0xa8f6</load_address>
         <run_address>0xa8f6</run_address>
         <size>0x69</size>
         <input_file_ref idref="fl-d1"/>
      </object_component>
      <object_component id="oc-3db">
         <name>.debug_info</name>
         <load_address>0xa95f</load_address>
         <run_address>0xa95f</run_address>
         <size>0x289</size>
         <input_file_ref idref="fl-d2"/>
      </object_component>
      <object_component id="oc-349">
         <name>.debug_info</name>
         <load_address>0xabe8</load_address>
         <run_address>0xabe8</run_address>
         <size>0x17e</size>
         <input_file_ref idref="fl-d2"/>
      </object_component>
      <object_component id="oc-194">
         <name>.debug_info</name>
         <load_address>0xad66</load_address>
         <run_address>0xad66</run_address>
         <size>0x14c</size>
         <input_file_ref idref="fl-d3"/>
      </object_component>
      <object_component id="oc-1fd">
         <name>.debug_info</name>
         <load_address>0xaeb2</load_address>
         <run_address>0xaeb2</run_address>
         <size>0x128</size>
         <input_file_ref idref="fl-d4"/>
      </object_component>
      <object_component id="oc-111">
         <name>.debug_info</name>
         <load_address>0xafda</load_address>
         <run_address>0xafda</run_address>
         <size>0x12a</size>
         <input_file_ref idref="fl-d4"/>
      </object_component>
      <object_component id="oc-107">
         <name>.debug_info</name>
         <load_address>0xb104</load_address>
         <run_address>0xb104</run_address>
         <size>0x13a</size>
         <input_file_ref idref="fl-d5"/>
      </object_component>
      <object_component id="oc-fc">
         <name>.debug_info</name>
         <load_address>0xb23e</load_address>
         <run_address>0xb23e</run_address>
         <size>0x13a</size>
         <input_file_ref idref="fl-d6"/>
      </object_component>
      <object_component id="oc-11a">
         <name>.debug_info</name>
         <load_address>0xb378</load_address>
         <run_address>0xb378</run_address>
         <size>0x12e</size>
         <input_file_ref idref="fl-d7"/>
      </object_component>
      <object_component id="oc-10a">
         <name>.debug_info</name>
         <load_address>0xb4a6</load_address>
         <run_address>0xb4a6</run_address>
         <size>0x13e</size>
         <input_file_ref idref="fl-d8"/>
      </object_component>
      <object_component id="oc-f8">
         <name>.debug_info</name>
         <load_address>0xb5e4</load_address>
         <run_address>0xb5e4</run_address>
         <size>0x12c</size>
         <input_file_ref idref="fl-d9"/>
      </object_component>
      <object_component id="oc-100">
         <name>.debug_info</name>
         <load_address>0xb710</load_address>
         <run_address>0xb710</run_address>
         <size>0x12c</size>
         <input_file_ref idref="fl-da"/>
      </object_component>
      <object_component id="oc-3f">
         <name>.debug_info</name>
         <load_address>0xb83c</load_address>
         <run_address>0xb83c</run_address>
         <size>0x119</size>
         <input_file_ref idref="fl-db"/>
      </object_component>
      <object_component id="oc-18e">
         <name>.debug_info</name>
         <load_address>0xb955</load_address>
         <run_address>0xb955</run_address>
         <size>0x12e</size>
         <input_file_ref idref="fl-dc"/>
      </object_component>
      <object_component id="oc-95">
         <name>.debug_info</name>
         <load_address>0xba83</load_address>
         <run_address>0xba83</run_address>
         <size>0x2d4</size>
         <input_file_ref idref="fl-dd"/>
      </object_component>
      <object_component id="oc-4b">
         <name>.debug_info</name>
         <load_address>0xbd57</load_address>
         <run_address>0xbd57</run_address>
         <size>0x1d2</size>
         <input_file_ref idref="fl-dd"/>
      </object_component>
      <object_component id="oc-90">
         <name>.debug_info</name>
         <load_address>0xbf29</load_address>
         <run_address>0xbf29</run_address>
         <size>0x46</size>
         <input_file_ref idref="fl-dd"/>
      </object_component>
      <object_component id="oc-ce">
         <name>.debug_info</name>
         <load_address>0xbf6f</load_address>
         <run_address>0xbf6f</run_address>
         <size>0x2c</size>
         <input_file_ref idref="fl-dd"/>
      </object_component>
      <object_component id="oc-49">
         <name>.debug_info</name>
         <load_address>0xbf9b</load_address>
         <run_address>0xbf9b</run_address>
         <size>0x2a8</size>
         <input_file_ref idref="fl-de"/>
      </object_component>
      <object_component id="oc-1e">
         <name>.debug_info</name>
         <load_address>0xc243</load_address>
         <run_address>0xc243</run_address>
         <size>0x1ea</size>
         <input_file_ref idref="fl-de"/>
      </object_component>
      <object_component id="oc-44">
         <name>.debug_info</name>
         <load_address>0xc42d</load_address>
         <run_address>0xc42d</run_address>
         <size>0x46</size>
         <input_file_ref idref="fl-de"/>
      </object_component>
      <object_component id="oc-88">
         <name>.debug_info</name>
         <load_address>0xc473</load_address>
         <run_address>0xc473</run_address>
         <size>0x2c</size>
         <input_file_ref idref="fl-de"/>
      </object_component>
      <object_component id="oc-86">
         <name>.debug_info</name>
         <load_address>0xc49f</load_address>
         <run_address>0xc49f</run_address>
         <size>0x29e</size>
         <input_file_ref idref="fl-df"/>
      </object_component>
      <object_component id="oc-19">
         <name>.debug_info</name>
         <load_address>0xc73d</load_address>
         <run_address>0xc73d</run_address>
         <size>0x250</size>
         <input_file_ref idref="fl-df"/>
      </object_component>
      <object_component id="oc-34">
         <name>.debug_info</name>
         <load_address>0xc98d</load_address>
         <run_address>0xc98d</run_address>
         <size>0x60</size>
         <input_file_ref idref="fl-df"/>
      </object_component>
      <object_component id="oc-c7">
         <name>.debug_info</name>
         <load_address>0xc9ed</load_address>
         <run_address>0xc9ed</run_address>
         <size>0x46</size>
         <input_file_ref idref="fl-df"/>
      </object_component>
      <object_component id="oc-81">
         <name>.debug_info</name>
         <load_address>0xca33</load_address>
         <run_address>0xca33</run_address>
         <size>0x39</size>
         <input_file_ref idref="fl-df"/>
      </object_component>
      <object_component id="oc-22a">
         <name>.debug_info</name>
         <load_address>0xca6c</load_address>
         <run_address>0xca6c</run_address>
         <size>0x2b9</size>
         <input_file_ref idref="fl-e0"/>
      </object_component>
      <object_component id="oc-145">
         <name>.debug_info</name>
         <load_address>0xcd25</load_address>
         <run_address>0xcd25</run_address>
         <size>0x17c</size>
         <input_file_ref idref="fl-e0"/>
      </object_component>
      <object_component id="oc-310">
         <name>.debug_info</name>
         <load_address>0xcea1</load_address>
         <run_address>0xcea1</run_address>
         <size>0xf9</size>
         <input_file_ref idref="fl-e1"/>
      </object_component>
      <object_component id="oc-227">
         <name>.debug_info</name>
         <load_address>0xcf9a</load_address>
         <run_address>0xcf9a</run_address>
         <size>0x105</size>
         <input_file_ref idref="fl-e1"/>
      </object_component>
      <object_component id="oc-70">
         <name>.debug_info</name>
         <load_address>0xd09f</load_address>
         <run_address>0xd09f</run_address>
         <size>0x3b2</size>
         <input_file_ref idref="fl-e2"/>
      </object_component>
      <object_component id="oc-25">
         <name>.debug_info</name>
         <load_address>0xd451</load_address>
         <run_address>0xd451</run_address>
         <size>0x10c</size>
         <input_file_ref idref="fl-e2"/>
      </object_component>
      <object_component id="oc-3c3">
         <name>.debug_info</name>
         <load_address>0xd55d</load_address>
         <run_address>0xd55d</run_address>
         <size>0x13f</size>
         <input_file_ref idref="fl-e2"/>
      </object_component>
      <object_component id="oc-2f7">
         <name>.debug_info</name>
         <load_address>0xd69c</load_address>
         <run_address>0xd69c</run_address>
         <size>0x168</size>
         <input_file_ref idref="fl-e2"/>
      </object_component>
      <object_component id="oc-2fe">
         <name>.debug_info</name>
         <load_address>0xd804</load_address>
         <run_address>0xd804</run_address>
         <size>0x18e</size>
         <input_file_ref idref="fl-e2"/>
      </object_component>
      <object_component id="oc-304">
         <name>.debug_info</name>
         <load_address>0xd992</load_address>
         <run_address>0xd992</run_address>
         <size>0x19f</size>
         <input_file_ref idref="fl-e2"/>
      </object_component>
      <object_component id="oc-211">
         <name>.debug_info</name>
         <load_address>0xdb31</load_address>
         <run_address>0xdb31</run_address>
         <size>0x203</size>
         <input_file_ref idref="fl-e2"/>
      </object_component>
      <object_component id="oc-413">
         <name>.debug_info</name>
         <load_address>0xdd34</load_address>
         <run_address>0xdd34</run_address>
         <size>0x1db</size>
         <input_file_ref idref="fl-e2"/>
      </object_component>
      <object_component id="oc-20b">
         <name>.debug_info</name>
         <load_address>0xdf0f</load_address>
         <run_address>0xdf0f</run_address>
         <size>0x1a5</size>
         <input_file_ref idref="fl-e2"/>
      </object_component>
      <object_component id="oc-3be">
         <name>.debug_info</name>
         <load_address>0xe0b4</load_address>
         <run_address>0xe0b4</run_address>
         <size>0x299</size>
         <input_file_ref idref="fl-e2"/>
      </object_component>
      <object_component id="oc-bb">
         <name>.debug_info</name>
         <load_address>0xe34d</load_address>
         <run_address>0xe34d</run_address>
         <size>0xb2</size>
         <input_file_ref idref="fl-e2"/>
      </object_component>
      <object_component id="oc-b6">
         <name>.debug_info</name>
         <load_address>0xe3ff</load_address>
         <run_address>0xe3ff</run_address>
         <size>0x2c</size>
         <input_file_ref idref="fl-e2"/>
      </object_component>
      <object_component id="oc-2e5">
         <name>.debug_info</name>
         <load_address>0xe42b</load_address>
         <run_address>0xe42b</run_address>
         <size>0x28a</size>
         <input_file_ref idref="fl-e3"/>
      </object_component>
      <object_component id="oc-1ed">
         <name>.debug_info</name>
         <load_address>0xe6b5</load_address>
         <run_address>0xe6b5</run_address>
         <size>0x273</size>
         <input_file_ref idref="fl-e3"/>
      </object_component>
      <object_component id="oc-2e7">
         <name>.debug_info</name>
         <load_address>0xe928</load_address>
         <run_address>0xe928</run_address>
         <size>0x2a4</size>
         <input_file_ref idref="fl-e4"/>
      </object_component>
      <object_component id="oc-1f2">
         <name>.debug_info</name>
         <load_address>0xebcc</load_address>
         <run_address>0xebcc</run_address>
         <size>0x24d</size>
         <input_file_ref idref="fl-e4"/>
      </object_component>
      <object_component id="oc-28">
         <name>.debug_info</name>
         <load_address>0xee19</load_address>
         <run_address>0xee19</run_address>
         <size>0x10b</size>
         <input_file_ref idref="fl-e5"/>
      </object_component>
      <object_component id="oc-60">
         <name>.debug_info</name>
         <load_address>0xef24</load_address>
         <run_address>0xef24</run_address>
         <size>0x1a9</size>
         <input_file_ref idref="fl-e5"/>
      </object_component>
      <object_component id="oc-356">
         <name>.debug_info</name>
         <load_address>0xf0cd</load_address>
         <run_address>0xf0cd</run_address>
         <size>0x289</size>
         <input_file_ref idref="fl-e6"/>
      </object_component>
      <object_component id="oc-353">
         <name>.debug_info</name>
         <load_address>0xf356</load_address>
         <run_address>0xf356</run_address>
         <size>0x10e</size>
         <input_file_ref idref="fl-e6"/>
      </object_component>
      <object_component id="oc-277">
         <name>.debug_info</name>
         <load_address>0xf464</load_address>
         <run_address>0xf464</run_address>
         <size>0x14e</size>
         <input_file_ref idref="fl-e6"/>
      </object_component>
      <object_component id="oc-2b8">
         <name>.debug_info</name>
         <load_address>0xf5b2</load_address>
         <run_address>0xf5b2</run_address>
         <size>0x590</size>
         <input_file_ref idref="fl-e7"/>
      </object_component>
      <object_component id="oc-291">
         <name>.debug_info</name>
         <load_address>0xfb42</load_address>
         <run_address>0xfb42</run_address>
         <size>0x21e</size>
         <input_file_ref idref="fl-e7"/>
      </object_component>
      <object_component id="oc-372">
         <name>.debug_info</name>
         <load_address>0xfd60</load_address>
         <run_address>0xfd60</run_address>
         <size>0x1b3</size>
         <input_file_ref idref="fl-e7"/>
      </object_component>
      <object_component id="oc-378">
         <name>.debug_info</name>
         <load_address>0xff13</load_address>
         <run_address>0xff13</run_address>
         <size>0x21b</size>
         <input_file_ref idref="fl-e7"/>
      </object_component>
      <object_component id="oc-297">
         <name>.debug_info</name>
         <load_address>0x1012e</load_address>
         <run_address>0x1012e</run_address>
         <size>0x3c0</size>
         <input_file_ref idref="fl-e7"/>
      </object_component>
      <object_component id="oc-37f">
         <name>.debug_info</name>
         <load_address>0x104ee</load_address>
         <run_address>0x104ee</run_address>
         <size>0x30a</size>
         <input_file_ref idref="fl-e7"/>
      </object_component>
      <object_component id="oc-385">
         <name>.debug_info</name>
         <load_address>0x107f8</load_address>
         <run_address>0x107f8</run_address>
         <size>0x215</size>
         <input_file_ref idref="fl-e7"/>
      </object_component>
      <object_component id="oc-29d">
         <name>.debug_info</name>
         <load_address>0x10a0d</load_address>
         <run_address>0x10a0d</run_address>
         <size>0x215</size>
         <input_file_ref idref="fl-e7"/>
      </object_component>
      <object_component id="oc-2a3">
         <name>.debug_info</name>
         <load_address>0x10c22</load_address>
         <run_address>0x10c22</run_address>
         <size>0x304</size>
         <input_file_ref idref="fl-e7"/>
      </object_component>
      <object_component id="oc-2a9">
         <name>.debug_info</name>
         <load_address>0x10f26</load_address>
         <run_address>0x10f26</run_address>
         <size>0x4b5</size>
         <input_file_ref idref="fl-e7"/>
      </object_component>
      <object_component id="oc-1b8">
         <name>.debug_info</name>
         <load_address>0x113db</load_address>
         <run_address>0x113db</run_address>
         <size>0x5f4</size>
         <input_file_ref idref="fl-e7"/>
      </object_component>
      <object_component id="oc-2b9">
         <name>.debug_info</name>
         <load_address>0x119cf</load_address>
         <run_address>0x119cf</run_address>
         <size>0x86</size>
         <input_file_ref idref="fl-e7"/>
      </object_component>
      <object_component id="oc-3a7">
         <name>.debug_info</name>
         <load_address>0x11a55</load_address>
         <run_address>0x11a55</run_address>
         <size>0x39</size>
         <input_file_ref idref="fl-e7"/>
      </object_component>
      <object_component id="oc-40a">
         <name>.debug_info</name>
         <load_address>0x11a8e</load_address>
         <run_address>0x11a8e</run_address>
         <size>0xb6</size>
         <input_file_ref idref="fl-e7"/>
      </object_component>
      <object_component id="oc-3ac">
         <name>.debug_info</name>
         <load_address>0x11b44</load_address>
         <run_address>0x11b44</run_address>
         <size>0x46</size>
         <input_file_ref idref="fl-e7"/>
      </object_component>
      <object_component id="oc-2be">
         <name>.debug_info</name>
         <load_address>0x11b8a</load_address>
         <run_address>0x11b8a</run_address>
         <size>0x46</size>
         <input_file_ref idref="fl-e7"/>
      </object_component>
      <object_component id="oc-99">
         <name>.debug_info</name>
         <load_address>0x11bd0</load_address>
         <run_address>0x11bd0</run_address>
         <size>0x147</size>
         <input_file_ref idref="fl-e8"/>
      </object_component>
      <object_component id="oc-363">
         <name>.debug_info</name>
         <load_address>0x11d17</load_address>
         <run_address>0x11d17</run_address>
         <size>0x134</size>
         <input_file_ref idref="fl-e9"/>
      </object_component>
      <object_component id="oc-236">
         <name>.debug_info</name>
         <load_address>0x11e4b</load_address>
         <run_address>0x11e4b</run_address>
         <size>0x4b3</size>
         <input_file_ref idref="fl-ea"/>
      </object_component>
      <object_component id="oc-15c">
         <name>.debug_info</name>
         <load_address>0x122fe</load_address>
         <run_address>0x122fe</run_address>
         <size>0x1a6</size>
         <input_file_ref idref="fl-ea"/>
      </object_component>
      <object_component id="oc-323">
         <name>.debug_info</name>
         <load_address>0x124a4</load_address>
         <run_address>0x124a4</run_address>
         <size>0x39</size>
         <input_file_ref idref="fl-ea"/>
      </object_component>
      <object_component id="oc-3cc">
         <name>.debug_info</name>
         <load_address>0x124dd</load_address>
         <run_address>0x124dd</run_address>
         <size>0x39</size>
         <input_file_ref idref="fl-ea"/>
      </object_component>
      <object_component id="oc-328">
         <name>.debug_info</name>
         <load_address>0x12516</load_address>
         <run_address>0x12516</run_address>
         <size>0x39</size>
         <input_file_ref idref="fl-ea"/>
      </object_component>
      <object_component id="oc-32d">
         <name>.debug_info</name>
         <load_address>0x1254f</load_address>
         <run_address>0x1254f</run_address>
         <size>0xcd</size>
         <input_file_ref idref="fl-ea"/>
      </object_component>
      <object_component id="oc-9d">
         <name>.debug_info</name>
         <load_address>0x1261c</load_address>
         <run_address>0x1261c</run_address>
         <size>0x153</size>
         <input_file_ref idref="fl-eb"/>
      </object_component>
      <object_component id="oc-14e">
         <name>.debug_info</name>
         <load_address>0x1276f</load_address>
         <run_address>0x1276f</run_address>
         <size>0x122</size>
         <input_file_ref idref="fl-ed"/>
      </object_component>
      <object_component id="oc-31d">
         <name>.debug_info</name>
         <load_address>0x12891</load_address>
         <run_address>0x12891</run_address>
         <size>0x2c9</size>
         <input_file_ref idref="fl-ee"/>
      </object_component>
      <object_component id="oc-230">
         <name>.debug_info</name>
         <load_address>0x12b5a</load_address>
         <run_address>0x12b5a</run_address>
         <size>0x11e</size>
         <input_file_ref idref="fl-ee"/>
      </object_component>
      <object_component id="oc-318">
         <name>.debug_info</name>
         <load_address>0x12c78</load_address>
         <run_address>0x12c78</run_address>
         <size>0x12e</size>
         <input_file_ref idref="fl-ee"/>
      </object_component>
      <object_component id="oc-3f0">
         <name>.debug_info</name>
         <load_address>0x12da6</load_address>
         <run_address>0x12da6</run_address>
         <size>0x29c</size>
         <input_file_ref idref="fl-ef"/>
      </object_component>
      <object_component id="oc-36b">
         <name>.debug_info</name>
         <load_address>0x13042</load_address>
         <run_address>0x13042</run_address>
         <size>0x1da</size>
         <input_file_ref idref="fl-ef"/>
      </object_component>
      <object_component id="oc-39d">
         <name>.debug_info</name>
         <load_address>0x1321c</load_address>
         <run_address>0x1321c</run_address>
         <size>0x2a7</size>
         <input_file_ref idref="fl-f1"/>
      </object_component>
      <object_component id="oc-2ae">
         <name>.debug_info</name>
         <load_address>0x134c3</load_address>
         <run_address>0x134c3</run_address>
         <size>0x1b8</size>
         <input_file_ref idref="fl-f1"/>
      </object_component>
      <object_component id="oc-400">
         <name>.debug_info</name>
         <load_address>0x1367b</load_address>
         <run_address>0x1367b</run_address>
         <size>0x29a</size>
         <input_file_ref idref="fl-f2"/>
      </object_component>
      <object_component id="oc-398">
         <name>.debug_info</name>
         <load_address>0x13915</load_address>
         <run_address>0x13915</run_address>
         <size>0x262</size>
         <input_file_ref idref="fl-f2"/>
      </object_component>
      <object_component id="oc-361">
         <name>.debug_info</name>
         <load_address>0x13b77</load_address>
         <run_address>0x13b77</run_address>
         <size>0x28f</size>
         <input_file_ref idref="fl-f3"/>
      </object_component>
      <object_component id="oc-28b">
         <name>.debug_info</name>
         <load_address>0x13e06</load_address>
         <run_address>0x13e06</run_address>
         <size>0x245</size>
         <input_file_ref idref="fl-f3"/>
      </object_component>
      <object_component id="oc-3a4">
         <name>.debug_info</name>
         <load_address>0x1404b</load_address>
         <run_address>0x1404b</run_address>
         <size>0x28f</size>
         <input_file_ref idref="fl-f4"/>
      </object_component>
      <object_component id="oc-2b2">
         <name>.debug_info</name>
         <load_address>0x142da</load_address>
         <run_address>0x142da</run_address>
[...]
      </symbol>
      <symbol id="sm-1da">
         <name>turn_right</name>
         <value>0x2aa1</value>
         <object_component_ref idref="oc-129"/>
      </symbol>
      <symbol id="sm-1db">
         <name>move_forwardF</name>
         <value>0x261d</value>
         <object_component_ref idref="oc-129"/>
      </symbol>
      <symbol id="sm-1dc">
         <name>turn_left</name>
         <value>0x2a3b</value>
         <object_component_ref idref="oc-129"/>
      </symbol>
      <symbol id="sm-2a5">
         <name>go_charge</name>
         <value>0x97f</value>
         <object_component_ref idref="oc-135"/>
      </symbol>
      <symbol id="sm-2a6">
         <name>GPIOF_Handler</name>
         <value>0xbc3</value>
         <object_component_ref idref="oc-135"/>
      </symbol>
      <symbol id="sm-2a7">
         <name>oi_free</name>
         <value>0x279</value>
         <object_component_ref idref="oc-135"/>
      </symbol>
      <symbol id="sm-2a8">
         <name>oi_getMotorCalibrationRight</name>
         <value>0xe01</value>
         <object_component_ref idref="oc-135"/>
      </symbol>
      <symbol id="sm-2a9">
         <name>oi_uartReceive</name>
         <value>0xa31</value>
         <object_component_ref idref="oc-135"/>
      </symbol>
      <symbol id="sm-2aa">
         <name>oi_setWheels</name>
         <value>0x88f</value>
         <object_component_ref idref="oc-135"/>
      </symbol>
      <symbol id="sm-2ab">
         <name>oi_shutoff_init</name>
         <value>0xb51</value>
         <object_component_ref idref="oc-135"/>
      </symbol>
      <symbol id="sm-2ac">
         <name>motor_cal_factor_L</name>
         <value>0x200022e8</value>
         <object_component_ref idref="oc-21b"/>
      </symbol>
      <symbol id="sm-2ad">
         <name>motor_cal_factor_R</name>
         <value>0x200022ec</value>
         <object_component_ref idref="oc-21b"/>
      </symbol>
      <symbol id="sm-2ae">
         <name>oi_parseInt</name>
         <value>0x51e3</value>
         <object_component_ref idref="oc-214"/>
      </symbol>
      <symbol id="sm-2af">
         <name>oi_setMotorCalibration</name>
         <value>0xdb1</value>
         <object_component_ref idref="oc-135"/>
      </symbol>
      <symbol id="sm-2b0">
         <name>oi_uartSendStr</name>
         <value>0xa59</value>
         <object_component_ref idref="oc-135"/>
      </symbol>
      <symbol id="sm-2b1">
         <name>oi_close</name>
         <value>0x2c7</value>
         <object_component_ref idref="oc-135"/>
      </symbol>
      <symbol id="sm-2b2">
         <name>oi_uartSendBuff</name>
         <value>0xa77</value>
         <object_component_ref idref="oc-135"/>
      </symbol>
      <symbol id="sm-2b3">
         <name>oi_checkFirmware</name>
         <value>0xaa9</value>
         <object_component_ref idref="oc-135"/>
      </symbol>
      <symbol id="sm-2b4">
         <name>oi_init_noupdate</name>
         <value>0x289</value>
         <object_component_ref idref="oc-135"/>
      </symbol>
      <symbol id="sm-2b5">
         <name>oi_uartSendChar</name>
         <value>0xa15</value>
         <object_component_ref idref="oc-135"/>
      </symbol>
      <symbol id="sm-2b6">
         <name>oi_alloc</name>
         <value>0x26d</value>
         <object_component_ref idref="oc-135"/>
      </symbol>
      <symbol id="sm-2b7">
         <name>oi_getMotorCalibrationLeft</name>
         <value>0xded</value>
         <object_component_ref idref="oc-135"/>
      </symbol>
      <symbol id="sm-2b8">
         <name>oi_loadSong</name>
         <value>0x915</value>
         <object_component_ref idref="oc-135"/>
      </symbol>
      <symbol id="sm-2b9">
         <name>oi_play_song</name>
         <value>0x96b</value>
         <object_component_ref idref="oc-135"/>
      </symbol>
      <symbol id="sm-2ba">
         <name>oi_parsePacket</name>
         <value>0x32b</value>
         <object_component_ref idref="oc-135"/>
      </symbol>
      <symbol id="sm-2bb">
         <name>oi_setLeds</name>
         <value>0x84b</value>
         <object_component_ref idref="oc-135"/>
      </symbol>
      <symbol id="sm-2bc">
         <name>oi_init</name>
         <value>0x2b1</value>
         <object_component_ref idref="oc-135"/>
      </symbol>
      <symbol id="sm-2bd">
         <name>oi_update</name>
         <value>0x2d9</value>
         <object_component_ref idref="oc-135"/>
      </symbol>
      <symbol id="sm-2be">
         <name>oi_uartInit</name>
         <value>0x98d</value>
         <object_component_ref idref="oc-135"/>
      </symbol>
      <symbol id="sm-304">
         <name>overflow_cnt</name>
         <value>0x20002314</value>
         <object_component_ref idref="oc-1a7"/>
      </symbol>
      <symbol id="sm-305">
         <name>END_TIME</name>
         <value>0x2000230c</value>
         <object_component_ref idref="oc-1a7"/>
      </symbol>
      <symbol id="sm-306">
         <name>START_TIME</name>
         <value>0x20002308</value>
         <object_component_ref idref="oc-1a7"/>
      </symbol>
      <symbol id="sm-307">
         <name>STATE</name>
         <value>0x20002310</value>
         <object_component_ref idref="oc-1a7"/>
      </symbol>
      <symbol id="sm-308">
         <name>TIMER3B_Handler</name>
         <value>0x2f99</value>
         <object_component_ref idref="oc-dd"/>
      </symbol>
      <symbol id="sm-309">
         <name>ping_init</name>
         <value>0x2e61</value>
         <object_component_ref idref="oc-dd"/>
      </symbol>
      <symbol id="sm-30a">
         <name>ping_getDistance</name>
         <value>0x2fd9</value>
         <object_component_ref idref="oc-dd"/>
      </symbol>
      <symbol id="sm-30b">
         <name>ping_trigger</name>
         <value>0x2f0d</value>
         <object_component_ref idref="oc-dd"/>
      </symbol>
      <symbol id="sm-333">
         <name>servo_move</name>
         <value>0x3dbf</value>
         <object_component_ref idref="oc-d7"/>
      </symbol>
      <symbol id="sm-334">
         <name>servo_init</name>
         <value>0x3d39</value>
         <object_component_ref idref="oc-d7"/>
      </symbol>
      <symbol id="sm-335">
         <name>pwm_period</name>
         <value>0x20002334</value>
         <object_component_ref idref="oc-197"/>
      </symbol>
      <symbol id="sm-351">
         <name>ResetISR</name>
         <value>0x529d</value>
         <object_component_ref idref="oc-2a"/>
      </symbol>
      <symbol id="sm-352">
         <name>g_pfnVectors</name>
         <value>0x0</value>
         <object_component_ref idref="oc-12"/>
      </symbol>
      <symbol id="sm-38e">
         <name>UART1_Handler</name>
         <value>0x377f</value>
         <object_component_ref idref="oc-ef"/>
      </symbol>
      <symbol id="sm-38f">
         <name>command_byte</name>
         <value>0x20002328</value>
         <object_component_ref idref="oc-1cd"/>
      </symbol>
      <symbol id="sm-390">
         <name>uart_sendChar</name>
         <value>0x36f1</value>
         <object_component_ref idref="oc-ef"/>
      </symbol>
      <symbol id="sm-391">
         <name>uart_interrupt_init</name>
         <value>0x362d</value>
         <object_component_ref idref="oc-ef"/>
      </symbol>
      <symbol id="sm-392">
         <name>command_flag</name>
         <value>0x2000232c</value>
         <object_component_ref idref="oc-1cd"/>
      </symbol>
      <symbol id="sm-393">
         <name>uart_receive_nonblocking</name>
         <value>0x3741</value>
         <object_component_ref idref="oc-ef"/>
      </symbol>
      <symbol id="sm-394">
         <name>uart_receive</name>
         <value>0x370d</value>
         <object_component_ref idref="oc-ef"/>
      </symbol>
      <symbol id="sm-395">
         <name>uart_sendStr</name>
         <value>0x3761</value>
         <object_component_ref idref="oc-ef"/>
      </symbol>
      <symbol id="sm-404">
         <name>powf</name>
         <value>0x2091</value>
         <object_component_ref idref="oc-1ac"/>
      </symbol>
      <symbol id="sm-414">
         <name>sqrtf</name>
         <value>0x50e5</value>
         <object_component_ref idref="oc-268"/>
      </symbol>
      <symbol id="sm-43b">
         <name>scalbnf</name>
         <value>0x4615</value>
         <object_component_ref idref="oc-26e"/>
      </symbol>
      <symbol id="sm-43c">
         <name>ldexpf</name>
         <value>0x4615</value>
         <object_component_ref idref="oc-26e"/>
      </symbol>
      <symbol id="sm-463">
         <name>sprintf</name>
         <value>0x4ec5</value>
         <object_component_ref idref="oc-e9"/>
      </symbol>
      <symbol id="sm-48d">
         <name>vsnprintf</name>
         <value>0x4f05</value>
         <object_component_ref idref="oc-1e5"/>
      </symbol>
      <symbol id="sm-49a">
         <name>copysignf</name>
         <value>0x51cb</value>
         <object_component_ref idref="oc-345"/>
      </symbol>
      <symbol id="sm-4b1">
         <name>__aeabi_dsub</name>
         <value>0x39f5</value>
         <object_component_ref idref="oc-192"/>
      </symbol>
      <symbol id="sm-4b2">
         <name>__aeabi_dadd</name>
         <value>0x39ff</value>
         <object_component_ref idref="oc-192"/>
      </symbol>
      <symbol id="sm-4d4">
         <name>__aeabi_cdcmpeq</name>
         <value>0x4951</value>
         <object_component_ref idref="oc-1fc"/>
      </symbol>
      <symbol id="sm-4d5">
         <name>__aeabi_cdcmple</name>
         <value>0x4951</value>
         <object_component_ref idref="oc-1fc"/>
      </symbol>
      <symbol id="sm-4d6">
         <name>__aeabi_cdrcmple</name>
         <value>0x49d7</value>
         <object_component_ref idref="oc-10e"/>
      </symbol>
      <symbol id="sm-4ea">
         <name>__aeabi_ddiv</name>
         <value>0x3fc9</value>
         <object_component_ref idref="oc-104"/>
      </symbol>
      <symbol id="sm-4f5">
         <name>__aeabi_dmul</name>
         <value>0x4435</value>
         <object_component_ref idref="oc-fa"/>
      </symbol>
      <symbol id="sm-4ff">
         <name>__aeabi_d2iz</name>
         <value>0x4e39</value>
         <object_component_ref idref="oc-117"/>
      </symbol>
      <symbol id="sm-50b">
         <name>__aeabi_d2f</name>
         <value>0x4bb7</value>
         <object_component_ref idref="oc-109"/>
      </symbol>
      <symbol id="sm-516">
         <name>__aeabi_f2d</name>
         <value>0x4fbd</value>
         <object_component_ref idref="oc-f5"/>
      </symbol>
      <symbol id="sm-520">
         <name>__aeabi_i2d</name>
         <value>0x508d</value>
         <object_component_ref idref="oc-ff"/>
      </symbol>
      <symbol id="sm-53b">
         <name>memcpy</name>
         <value>0x4797</value>
         <object_component_ref idref="oc-3e"/>
      </symbol>
      <symbol id="sm-53c">
         <name>__aeabi_memcpy</name>
         <value>0x4797</value>
         <object_component_ref idref="oc-3e"/>
      </symbol>
      <symbol id="sm-53d">
         <name>__aeabi_memcpy8</name>
         <value>0x4797</value>
         <object_component_ref idref="oc-3e"/>
      </symbol>
      <symbol id="sm-53e">
         <name>__aeabi_memcpy4</name>
         <value>0x4797</value>
         <object_component_ref idref="oc-3e"/>
      </symbol>
      <symbol id="sm-548">
         <name>__aeabi_ui2d</name>
         <value>0x510d</value>
         <object_component_ref idref="oc-18d"/>
      </symbol>
      <symbol id="sm-561">
         <name>__TI_zero_init_nomemset</name>
         <value>0x512d</value>
         <object_component_ref idref="oc-4a"/>
      </symbol>
      <symbol id="sm-578">
         <name>__TI_decompress_none</name>
         <value>0x5283</value>
         <object_component_ref idref="oc-1b"/>
      </symbol>
      <symbol id="sm-59b">
         <name>__TI_decompress_lzss</name>
         <value>0x4c25</value>
         <object_component_ref idref="oc-15"/>
      </symbol>
      <symbol id="sm-5b1">
         <name>atoi</name>
         <value>0x4ded</value>
         <object_component_ref idref="oc-141"/>
      </symbol>
      <symbol id="sm-5bc">
         <name>_ctypes_</name>
         <value>0x52cc</value>
         <object_component_ref idref="oc-226"/>
      </symbol>
      <symbol id="sm-651">
         <name>_sys_memory</name>
         <value>0x20001270</value>
         <object_component_ref idref="oc-24"/>
      </symbol>
      <symbol id="sm-652">
         <name>free</name>
         <value>0x4531</value>
         <object_component_ref idref="oc-20e"/>
      </symbol>
      <symbol id="sm-653">
         <name>memalign</name>
         <value>0x4335</value>
         <object_component_ref idref="oc-3bb"/>
      </symbol>
      <symbol id="sm-654">
         <name>calloc</name>
         <value>0x4f85</value>
         <object_component_ref idref="oc-208"/>
      </symbol>
      <symbol id="sm-655">
         <name>malloc</name>
         <value>0x52bd</value>
         <object_component_ref idref="oc-2f4"/>
      </symbol>
      <symbol id="sm-656">
         <name>aligned_alloc</name>
         <value>0x4335</value>
         <object_component_ref idref="oc-3bb"/>
      </symbol>
      <symbol id="sm-665">
         <name>strcmp</name>
         <value>0x51fb</value>
         <object_component_ref idref="oc-1eb"/>
      </symbol>
      <symbol id="sm-673">
         <name>strcpy</name>
         <value>0x5229</value>
         <object_component_ref idref="oc-1f1"/>
      </symbol>
      <symbol id="sm-686">
         <name>__stack</name>
         <value>0x20000270</value>
         <object_component_ref idref="oc-27"/>
      </symbol>
      <symbol id="sm-687">
         <name>_c_int00_noargs</name>
         <value>0x5029</value>
         <object_component_ref idref="oc-5c"/>
      </symbol>
      <symbol id="sm-69d">
         <name>__aeabi_errno_addr</name>
         <value>0x52b5</value>
         <object_component_ref idref="oc-274"/>
      </symbol>
      <symbol id="sm-69e">
         <name>errno</name>
         <value>0x20002330</value>
         <object_component_ref idref="oc-352"/>
      </symbol>
      <symbol id="sm-803">
         <name>__TI_printfi</name>
         <value>0xe8d</value>
         <object_component_ref idref="oc-1b4"/>
      </symbol>
      <symbol id="sm-812">
         <name>__aeabi_memset</name>
         <value>0x4a5f</value>
         <object_component_ref idref="oc-96"/>
      </symbol>
      <symbol id="sm-813">
         <name>memset</name>
         <value>0x4a65</value>
         <object_component_ref idref="oc-96"/>
      </symbol>
      <symbol id="sm-814">
         <name>__aeabi_memset8</name>
         <value>0x4a5f</value>
         <object_component_ref idref="oc-96"/>
      </symbol>
      <symbol id="sm-815">
         <name>__aeabi_memset4</name>
         <value>0x4a5f</value>
         <object_component_ref idref="oc-96"/>
      </symbol>
      <symbol id="sm-816">
         <name>__aeabi_memclr8</name>
         <value>0x4a5d</value>
         <object_component_ref idref="oc-96"/>
      </symbol>
      <symbol id="sm-817">
         <name>__aeabi_memclr4</name>
         <value>0x4a5d</value>
         <object_component_ref idref="oc-96"/>
      </symbol>
      <symbol id="sm-818">
         <name>__aeabi_memclr</name>
         <value>0x4a5d</value>
         <object_component_ref idref="oc-96"/>
      </symbol>
      <symbol id="sm-825">
         <name>__aeabi_uldivmod</name>
         <value>0x4833</value>
         <object_component_ref idref="oc-362"/>
      </symbol>
      <symbol id="sm-84d">
         <name>__TI_auto_init_nobinit_nopinit</name>
         <value>0x4e81</value>
         <object_component_ref idref="oc-159"/>
      </symbol>
      <symbol id="sm-857">
         <name>_system_pre_init</name>
         <value>0x52c5</value>
         <object_component_ref idref="oc-9c"/>
      </symbol>
      <symbol id="sm-863">
         <name>C$$EXIT</name>
         <value>0x52c9</value>
         <object_component_ref idref="oc-14d"/>
      </symbol>
      <symbol id="sm-864">
         <name>abort</name>
         <value>0x52c9</value>
         <object_component_ref idref="oc-14d"/>
      </symbol>
      <symbol id="sm-879">
         <name>_nop</name>
         <value>0x18db</value>
         <object_component_ref idref="oc-315"/>
      </symbol>
      <symbol id="sm-87a">
         <name>_lock</name>
         <value>0x20002318</value>
         <object_component_ref idref="oc-22f"/>
      </symbol>
      <symbol id="sm-87b">
         <name>_unlock</name>
         <value>0x2000231c</value>
         <object_component_ref idref="oc-22f"/>
      </symbol>
      <symbol id="sm-88a">
         <name>__TI_ltoa</name>
         <value>0x4d47</value>
         <object_component_ref idref="oc-368"/>
      </symbol>
      <symbol id="sm-89b">
         <name>memccpy</name>
         <value>0x5165</value>
         <object_component_ref idref="oc-2ab"/>
      </symbol>
      <symbol id="sm-8ab">
         <name>strchr</name>
         <value>0x5213</value>
         <object_component_ref idref="oc-395"/>
      </symbol>
      <symbol id="sm-8b9">
         <name>strlen</name>
         <value>0x523d</value>
         <object_component_ref idref="oc-287"/>
      </symbol>
      <symbol id="sm-8d2">
         <name>wcslen</name>
         <value>0x5251</value>
         <object_component_ref idref="oc-2b1"/>
      </symbol>
      <symbol id="sm-8e8">
         <name>frexpl</name>
         <value>0x4c8d</value>
         <object_component_ref idref="oc-389"/>
      </symbol>
      <symbol id="sm-8e9">
         <name>frexp</name>
         <value>0x4c8d</value>
         <object_component_ref idref="oc-389"/>
      </symbol>
      <symbol id="sm-906">
         <name>scalbn</name>
         <value>0x4225</value>
         <object_component_ref idref="oc-38f"/>
      </symbol>
      <symbol id="sm-907">
         <name>scalbnl</name>
         <value>0x4225</value>
         <object_component_ref idref="oc-38f"/>
      </symbol>
      <symbol id="sm-908">
         <name>ldexpl</name>
         <value>0x4225</value>
         <object_component_ref idref="oc-38f"/>
      </symbol>
      <symbol id="sm-909">
         <name>ldexp</name>
         <value>0x4225</value>
         <object_component_ref idref="oc-38f"/>
      </symbol>
      <symbol id="sm-913">
         <name>__aeabi_idiv0</name>
         <value>0x3bab</value>
         <object_component_ref idref="oc-3e9"/>
      </symbol>
      <symbol id="sm-914">
         <name>__aeabi_ldiv0</name>
         <value>0x3bab</value>
         <object_component_ref idref="oc-3e9"/>
      </symbol>
      <symbol id="sm-91e">
         <name>copysign</name>
         <value>0x5181</value>
         <object_component_ref idref="oc-3f7"/>
      </symbol>
      <symbol id="sm-91f">
         <name>copysignl</name>
         <value>0x5181</value>
         <object_component_ref idref="oc-3f7"/>
      </symbol>
      <symbol id="sm-94e">
         <name>IntRegister</name>
         <value>0x4ff5</value>
         <object_component_ref idref="oc-19b"/>
      </symbol>
      <symbol id="sm-94f">
         <name>g_pfnRAMVectors</name>
         <value>0x20000000</value>
         <object_component_ref idref="oc-24f"/>
      </symbol>
      <symbol id="sm-950">
         <name>IntMasterEnable</name>
         <value>0x5263</value>
         <object_component_ref idref="oc-1a1"/>
      </symbol>
      <symbol id="sm-95a">
         <name>CPUcpsie</name>
         <value>0x5291</value>
         <object_component_ref idref="oc-259"/>
      </symbol>
      <symbol id="sm-95b">
         <name>__TI_static_base__</name>
         <value>0x0</value>
      </symbol>
      <symbol id="sm-95e">
         <name>__mpu_init</name>
         <value>0x0</value>
      </symbol>
      <symbol id="sm-95f">
         <name>_system_post_cinit</name>
         <value>0x0</value>
      </symbol>
   </symbol_table>
   <title>Link successful</title>
</link_info>
