******************************************************************************
                  TI ARM Linker PC v20.2.7                     
******************************************************************************
>> Linked Sat Apr 27 18:49:12 2024

OUTPUT FILE NAME:   <Project.out>
ENTRY POINT SYMBOL: "_c_int00_noargs"  address: 000050a1


MEMORY CONFIGURATION

         name            origin    length      used     unused   attr    fill
----------------------  --------  ---------  --------  --------  ----  --------
  FLASH                 00000000   00040000  000054fd  0003ab03  R  X
  SRAM                  20000000   00008000  0000233a  00005cc6  RW X


SEGMENT ALLOCATION MAP

run origin  load origin   length   init length attrs members
----------  ----------- ---------- ----------- ----- -------
00000000    00000000    00005500   00005500    r-x
  00000000    00000000    0000026c   0000026c    r-- .intvecs
  0000026c    0000026c    000050d8   000050d8    r-x .text
  00005344    00005344    00000159   00000159    r-- .const
  000054a0    000054a0    00000060   00000060    r-- .cinit
20000000    20000000    0000233e   00000000    rw-
  20000000    20000000    0000026c   00000000    rw- .vtable
  20000270    20000270    00001000   00000000    rw- .stack
  20001270    20001270    00001000   00000000    rw- .sysmem
  20002270    20002270    0000007c   00000000    rw- .bss
  200022ec    200022ec    00000052   00000000    rw- .data


SECTION ALLOCATION MAP

 output                                  attributes/
section   page    origin      length       input sections
--------  ----  ----------  ----------   ----------------
.intvecs   0    00000000    0000026c     
                  00000000    0000026c     tm4c123gh6pm_startup_ccs.obj (.intvecs)

.text      0    0000026c    000050d8     
                  0000026c    00000c20     open_interface.obj (.text)
                  00000e8c    00000a4e     rtsv7M4_T_le_v4SPD16_eabi.lib : _printfi.c.obj (.text:__TI_printfi)
                  000018da    00000002                                   : _lock.c.obj (.text:_nop)
                  000018dc    00000796     main.obj (.text)
                  00002072    00000002     rtsv7M4_T_le_v4SPD16_eabi.lib : div0.asm.obj (.text)
                  00002074    0000058c                                   : e_powf.c.obj (.text:powf)
                  00002600    0000052c     movement.obj (.text)
                  00002b2c    00000328     lcd.obj (.text)
                  00002e54    00000314     ping_template.obj (.text)
                  00003168    00000270     rtsv7M4_T_le_v4SPD16_eabi.lib : _printfi.c.obj (.text:_pconv_a)
                  000033d8    00000248     Timer.obj (.text)
                  00003620    000001f8     uart-interrupt.obj (.text)
                  00003818    000001d0     rtsv7M4_T_le_v4SPD16_eabi.lib : _printfi.c.obj (.text:_pconv_g)
                  000039e8    000001c0     servo.obj (.text)
                  00003ba8    000001b6     rtsv7M4_T_le_v4SPD16_eabi.lib : fd_add_t2.asm.obj (.text)
                  00003d5e    00000002     --HOLE-- [fill = 0]
                  00003d60    0000015c     adc.obj (.text)
                  00003ebc    0000013c     rtsv7M4_T_le_v4SPD16_eabi.lib : _printfi.c.obj (.text:_pconv_e)
                  00003ff8    00000136                                   : fd_div_t2.asm.obj (.text)
                  0000412e    00000002     --HOLE-- [fill = 0]
                  00004130    00000124                                   : _printfi.c.obj (.text:fcvt)
                  00004254    00000110                                   : s_scalbn.c.obj (.text:scalbn)
                  00004364    00000100                                   : memory.c.obj (.text:aligned_alloc)
                  00004464    000000fc                                   : fd_mul_t2.asm.obj (.text)
                  00004560    000000e4                                   : memory.c.obj (.text:free)
                  00004644    000000d0                                   : s_scalbnf.c.obj (.text:scalbnf)
                  00004714    000000b1                                   : _printfi.c.obj (.text:_ltostr)
                  000047c5    00000001     --HOLE-- [fill = 0]
                  000047c6    0000009c                                   : memcpy_t2.asm.obj (.text)
                  00004862    00000096                                   : ull_div_t2.asm.obj (.text)
                  000048f8    00000088     button.obj (.text)
                  00004980    00000086     rtsv7M4_T_le_v4SPD16_eabi.lib : fd_cmp_t2.asm.obj (.text:__aeabi_cdcmple)
                  00004a06    00000086                                   : fd_cmp_t2.asm.obj (.text:__aeabi_cdrcmple)
                  00004a8c    0000007a                                   : memset_t2.asm.obj (.text)
                  00004b06    00000002     --HOLE-- [fill = 0]
                  00004b08    00000070                                   : memory.c.obj (.text:split)
                  00004b78    0000006e                                   : _printfi.c.obj (.text:_mcpy)
                  00004be6    0000006e                                   : fd_tos_t2.asm.obj (.text)
                  00004c54    00000068                                   : copy_decompress_lzss.c.obj (.text:decompress:lzss:__TI_decompress_lzss)
                  00004cbc    00000064                                   : s_frexp.c.obj (.text:frexp)
                  00004d20    00000056                                   : _printfi.c.obj (.text:_pconv_f)
                  00004d76    00000054                                   : _ltoa.c.obj (.text:__TI_ltoa)
                  00004dca    00000052                                   : _printfi.c.obj (.text:_ecpy)
                  00004e1c    0000004c                                   : atoi.c.obj (.text:atoi)
                  00004e68    00000048     music.obj (.text)
                  00004eb0    00000048     rtsv7M4_T_le_v4SPD16_eabi.lib : fd_toi_t2.asm.obj (.text)
                  00004ef8    00000044                                   : autoinit.c.obj (.text:__TI_auto_init_nobinit_nopinit:__TI_auto_init_nobinit_nopinit)
                  00004f3c    00000040                                   : sprintf.c.obj (.text:sprintf)
                  00004f7c    00000040                                   : vsnprintf.c.obj (.text:vsnprintf)
                  00004fbc    0000003e                                   : _printfi.c.obj (.text:_fcpy)
                  00004ffa    00000002     --HOLE-- [fill = 0]
                  00004ffc    00000038                                   : memory.c.obj (.text:calloc)
                  00005034    00000038                                   : fs_tod_t2.asm.obj (.text)
                  0000506c    00000034     driverlib.lib : interrupt.obj (.text:IntRegister)
                  000050a0    00000034     rtsv7M4_T_le_v4SPD16_eabi.lib : boot_cortex_m.c.obj (.text:_c_int00_noargs:_c_int00_noargs)
                  000050d4    00000030                                   : vsnprintf.c.obj (.text:_outs)
                  00005104    0000002e                                   : i_tofd_t2.asm.obj (.text)
                  00005132    00000002     --HOLE-- [fill = 0]
                  00005134    00000028                                   : memory.c.obj (.text:free_list_insert)
                  0000515c    00000028                                   : e_sqrtf.c.obj (.text:sqrtf)
                  00005184    00000020                                   : u_tofd_t2.asm.obj (.text)
                  000051a4    0000001c                                   : copy_zero_init.c.obj (.text:decompress:ZI:__TI_zero_init_nomemset:__TI_zero_init_nomemset)
                  000051c0    0000001c                                   : memory.c.obj (.text:free_list_remove)
                  000051dc    0000001c                                   : memccpy.c.obj (.text:memccpy)
                  000051f8    0000001a                                   : s_copysign.c.obj (.text:copysign)
                  00005212    00000018                                   : vsnprintf.c.obj (.text:_outc)
                  0000522a    00000018                                   : sprintf.c.obj (.text:_outs)
                  00005242    00000018                                   : s_copysignf.c.obj (.text:copysignf)
                  0000525a    00000018     open_interface.obj (.text:oi_parseInt)
                  00005272    00000018     rtsv7M4_T_le_v4SPD16_eabi.lib : strcmp.c.obj (.text:strcmp)
                  0000528a    00000016                                   : strchr.c.obj (.text:strchr)
                  000052a0    00000014                                   : strcpy.c.obj (.text:strcpy)
                  000052b4    00000014                                   : strlen.c.obj (.text:strlen)
                  000052c8    00000012                                   : wcslen.c.obj (.text:wcslen)
                  000052da    00000010     driverlib.lib : interrupt.obj (.text:IntMasterEnable)
                  000052ea    00000010     lcd.obj (.text:lcd_clear)
                  000052fa    0000000e     rtsv7M4_T_le_v4SPD16_eabi.lib : copy_decompress_none.c.obj (.text:decompress:none:__TI_decompress_none)
                  00005308    0000000c     driverlib.lib : cpu.obj (.text:CPUcpsie)
                  00005314    0000000c     tm4c123gh6pm_startup_ccs.obj (.text)
                  00005320    0000000a     rtsv7M4_T_le_v4SPD16_eabi.lib : sprintf.c.obj (.text:_outc)
                  0000532a    00000002     --HOLE-- [fill = 0]
                  0000532c    00000008                                   : errno.c.obj (.text:__aeabi_errno_addr)
                  00005334    00000008                                   : memory.c.obj (.text:malloc)
                  0000533c    00000004                                   : pre_init.c.obj (.text:_system_pre_init)
                  00005340    00000004                                   : exit.c.obj (.text:abort:abort)

.const     0    00005344    00000159     
                  00005344    00000101     rtsv7M4_T_le_v4SPD16_eabi.lib : ctype.c.obj (.const:.string:_ctypes_)
                  00005445    00000003     --HOLE-- [fill = 0]
                  00005448    00000018                                   : e_powf.c.obj (.const:$O1$$)
                  00005460    00000013     music.obj (.const:.string:$P$T0$1)
                  00005473    00000013     music.obj (.const:.string:$P$T1$2)
                  00005486    0000000f     open_interface.obj (.const:.string:$P$T0$3)
                  00005495    00000004     lcd.obj (.const:.string:lineAddress$1)
                  00005499    00000004     lcd.obj (.const:.string:lineAddresses$2)

.cinit     0    000054a0    00000060     
                  000054a0    00000029     (.cinit..data.load) [load image, compression = lzss]
                  000054c9    00000003     --HOLE-- [fill = 0]
                  000054cc    0000000c     (__TI_handler_table)
                  000054d8    00000008     (.cinit..bss.load) [load image, compression = zero_init]
                  000054e0    00000008     (.cinit..vtable.load) [load image, compression = zero_init]
                  000054e8    00000018     (__TI_cinit_table)

.init_array 
*          0    00000000    00000000     UNINITIALIZED

.vtable    0    20000000    0000026c     UNINITIALIZED
                  20000000    0000026c     driverlib.lib : interrupt.obj (.vtable)

.stack     0    20000270    00001000     UNINITIALIZED
                  20000270    00000004     rtsv7M4_T_le_v4SPD16_eabi.lib : boot_cortex_m.c.obj (.stack)
                  20000274    00000ffc     --HOLE--

.sysmem    0    20001270    00001000     UNINITIALIZED
                  20001270    00000010     rtsv7M4_T_le_v4SPD16_eabi.lib : memory.c.obj (.sysmem)
                  20001280    00000ff0     --HOLE--

.bss       0    20002270    0000007c     UNINITIALIZED
                  20002270    00000054     lcd.obj (.bss:lastbuffer$3)
                  200022c4    00000018     open_interface.obj (.bss:firmware$2)
                  200022dc    00000004     (.common:_timeout_ticks)
                  200022e0    00000004     (.common:irDist)
                  200022e4    00000004     (.common:lastAngle)
                  200022e8    00000004     (.common:pingDistance)

.data      0    200022ec    00000052     UNINITIALIZED
                  200022ec    00000020     open_interface.obj (.data)
                  2000230c    00000010     ping_template.obj (.data)
                  2000231c    00000008     rtsv7M4_T_le_v4SPD16_eabi.lib : _lock.c.obj (.data:$O1$$)
                  20002324    00000008                                   : memory.c.obj (.data:$O1$$)
                  2000232c    00000008     uart-interrupt.obj (.data)
                  20002334    00000004     rtsv7M4_T_le_v4SPD16_eabi.lib : errno.c.obj (.data)
                  20002338    00000004     servo.obj (.data)
                  2000233c    00000001     Timer.obj (.data)
                  2000233d    00000001     button.obj (.data)

__llvm_prf_cnts 
*          0    20000000    00000000     UNINITIALIZED

MODULE SUMMARY

       Module                         code    ro data   rw data
       ------                         ----    -------   -------
    .\
       open_interface.obj             3128    15        56     
       main.obj                       1942    0         8      
       movement.obj                   1324    0         0      
       lcd.obj                        824     8         84     
       ping_template.obj              788     0         16     
       tm4c123gh6pm_startup_ccs.obj   12      620       0      
       Timer.obj                      584     0         5      
       uart-interrupt.obj             504     0         8      
       servo.obj                      448     0         8      
       adc.obj                        348     0         0      
       button.obj                     136     0         1      
       music.obj                      72      38        0      
    +--+------------------------------+-------+---------+---------+
       Total:                         10110   681       186    
                                                               
    C:/ti/TivaWare_C_Series-2.2.0.295/driverlib/ccs/Debug/driverlib.lib
       interrupt.obj                  68      0         620    
       cpu.obj                        12      0         0      
    +--+------------------------------+-------+---------+---------+
       Total:                         80      0         620    
                                                               
    C:\ti\ccs1230\ccs\tools\compiler\ti-cgt-arm_20.2.7.LTS\lib\rtsv7M4_T_le_v4SPD16_eabi.lib
       _printfi.c.obj                 4851    0         0      
       e_powf.c.obj                   1420    24        0      
       memory.c.obj                   728     0         8      
       fd_add_t2.asm.obj              438     0         0      
       fd_div_t2.asm.obj              310     0         0      
       s_scalbn.c.obj                 272     0         0      
       fd_cmp_t2.asm.obj              268     0         0      
       ctype.c.obj                    0       257       0      
       fd_mul_t2.asm.obj              252     0         0      
       s_scalbnf.c.obj                208     0         0      
       memcpy_t2.asm.obj              156     0         0      
       ull_div_t2.asm.obj             150     0         0      
       vsnprintf.c.obj                136     0         0      
       memset_t2.asm.obj              122     0         0      
       fd_tos_t2.asm.obj              110     0         0      
       copy_decompress_lzss.c.obj     104     0         0      
       s_frexp.c.obj                  100     0         0      
       sprintf.c.obj                  98      0         0      
       _ltoa.c.obj                    84      0         0      
       atoi.c.obj                     76      0         0      
       fd_toi_t2.asm.obj              72      0         0      
       autoinit.c.obj                 68      0         0      
       fs_tod_t2.asm.obj              56      0         0      
       boot_cortex_m.c.obj            52      0         0      
       i_tofd_t2.asm.obj              46      0         0      
       e_sqrtf.c.obj                  40      0         0      
       u_tofd_t2.asm.obj              32      0         0      
       copy_zero_init.c.obj           28      0         0      
       memccpy.c.obj                  28      0         0      
       s_copysign.c.obj               26      0         0      
       s_copysignf.c.obj              24      0         0      
       strcmp.c.obj                   24      0         0      
       strchr.c.obj                   22      0         0      
       strcpy.c.obj                   20      0         0      
       strlen.c.obj                   20      0         0      
       wcslen.c.obj                   18      0         0      
       copy_decompress_none.c.obj     14      0         0      
       errno.c.obj                    8       0         4      
       _lock.c.obj                    2       0         8      
       exit.c.obj                     4       0         0      
       pre_init.c.obj                 4       0         0      
       div0.asm.obj                   2       0         0      
    +--+------------------------------+-------+---------+---------+
       Total:                         10493   281       20     
                                                               
       Heap:                          0       0         4096   
       Stack:                         0       0         4096   
       Linker Generated:              0       93        0      
    +--+------------------------------+-------+---------+---------+
       Grand Total:                   20683   1055      9018   


LINKER GENERATED COPY TABLES

__TI_cinit_table @ 000054e8 records: 3, size/record: 8, table size: 24
	.data: load addr=000054a0, load size=00000029 bytes, run addr=200022ec, run size=00000052 bytes, compression=lzss
	.bss: load addr=000054d8, load size=00000008 bytes, run addr=20002270, run size=0000007c bytes, compression=zero_init
	.vtable: load addr=000054e0, load size=00000008 bytes, run addr=20000000, run size=0000026c bytes, compression=zero_init


LINKER GENERATED HANDLER TABLE

__TI_handler_table @ 000054cc records: 3, size/record: 4, table size: 12
	index: 0, handler: __TI_zero_init
	index: 1, handler: __TI_decompress_lzss
	index: 2, handler: __TI_decompress_none


GLOBAL SYMBOLS: SORTED ALPHABETICALLY BY Name 

address   name                          
-------   ----                          
00005341  C$$EXIT                       
00005309  CPUcpsie                      
20002310  END_TIME                      
00000bc3  GPIOF_Handler                 
000052db  IntMasterEnable               
0000506d  IntRegister                   
00005315  ResetISR                      
2000230c  START_TIME                    
20002314  STATE                         
00002f8d  TIMER3B_Handler               
00003773  UART1_Handler                 
20001270  __STACK_END                   
00001000  __STACK_SIZE                  
20000470  __STACK_TOP                   
00001000  __SYSMEM_SIZE                 
000054e8  __TI_CINIT_Base               
00005500  __TI_CINIT_Limit              
000054cc  __TI_Handler_Table_Base       
000054d8  __TI_Handler_Table_Limit      
00004ef9  __TI_auto_init_nobinit_nopinit
00004c55  __TI_decompress_lzss          
000052fb  __TI_decompress_none          
00004d77  __TI_ltoa                     
ffffffff  __TI_pprof_out_hndl           
00000e8d  __TI_printfi                  
ffffffff  __TI_prof_data_size           
ffffffff  __TI_prof_data_start          
00000000  __TI_static_base__            
000051a5  __TI_zero_init_nomemset       
00004981  __aeabi_cdcmpeq               
00004981  __aeabi_cdcmple               
00004a07  __aeabi_cdrcmple              
00004be7  __aeabi_d2f                   
00004eb1  __aeabi_d2iz                  
00003bb3  __aeabi_dadd                  
00003ff9  __aeabi_ddiv                  
00004465  __aeabi_dmul                  
00003ba9  __aeabi_dsub                  
0000532d  __aeabi_errno_addr            
00005035  __aeabi_f2d                   
00005105  __aeabi_i2d                   
00002073  __aeabi_idiv0                 
00002073  __aeabi_ldiv0                 
00004a8d  __aeabi_memclr                
00004a8d  __aeabi_memclr4               
00004a8d  __aeabi_memclr8               
000047c7  __aeabi_memcpy                
000047c7  __aeabi_memcpy4               
000047c7  __aeabi_memcpy8               
00004a8f  __aeabi_memset                
00004a8f  __aeabi_memset4               
00004a8f  __aeabi_memset8               
00005185  __aeabi_ui2d                  
00004863  __aeabi_uldivmod              
ffffffff  __binit__                     
ffffffff  __c_args__                    
UNDEFED   __mpu_init                    
20000270  __stack                       
20000000  __start___llvm_prf_cnts       
20000000  __stop___llvm_prf_cnts        
000050a1  _c_int00_noargs               
00005344  _ctypes_                      
2000231c  _lock                         
000018db  _nop                          
2000233c  _running                      
20001270  _sys_memory                   
UNDEFED   _system_post_cinit            
0000533d  _system_pre_init              
200022dc  _timeout_ticks                
20002320  _unlock                       
00005341  abort                         
00003e41  adc_distance                  
00003d61  adc_init                      
00003dd7  adc_read                      
00003e05  adc_read_avg                  
00004365  aligned_alloc                 
00004e1d  atoi                          
ffffffff  binit                         
00004933  button_getButton              
000048f9  button_init                   
00004ffd  calloc                        
2000232c  command_byte                  
20002330  command_flag                  
000051f9  copysign                      
00005243  copysignf                     
000051f9  copysignl                     
20002334  errno                         
00004561  free                          
00004cbd  frexp                         
00004cbd  frexpl                        
20000000  g_pfnRAMVectors               
00000000  g_pfnVectors                  
0000097f  go_charge                     
200022e0  irDist                        
200022e4  lastAngle                     
000052eb  lcd_clear                     
00002d01  lcd_gotoLine                  
00002b69  lcd_init                      
00002d67  lcd_printf                    
00002c29  lcd_putc                      
00002c61  lcd_puts                      
00002b2d  lcd_reverseNibble             
00002c7f  lcd_sendCommand               
00002cbd  lcd_sendNibble                
00002d29  lcd_setCursorPos              
00004255  ldexp                         
00004645  ldexpf                        
00004255  ldexpl                        
00004e75  load_song_SW                  
00001e09  main                          
00005335  malloc                        
00004365  memalign                      
000051dd  memccpy                       
000047c7  memcpy                        
00004a95  memset                        
200022ec  motor_cal_factor_L            
200022f0  motor_cal_factor_R            
00001c15  move                          
000029bf  move_backward                 
00002741  move_forward                  
00002601  move_forwardF                 
0000026d  oi_alloc                      
00000aa9  oi_checkFirmware              
000002c7  oi_close                      
00000279  oi_free                       
00000ded  oi_getMotorCalibrationLeft    
00000e01  oi_getMotorCalibrationRight   
000002b1  oi_init                       
00000289  oi_init_noupdate              
00000915  oi_loadSong                   
0000525b  oi_parseInt                   
0000032b  oi_parsePacket                
0000096b  oi_play_song                  
0000084b  oi_setLeds                    
00000db1  oi_setMotorCalibration        
0000088f  oi_setWheels                  
00000b51  oi_shutoff_init               
0000098d  oi_uartInit                   
00000a31  oi_uartReceive                
00000a77  oi_uartSendBuff               
00000a15  oi_uartSendChar               
00000a59  oi_uartSendStr                
000002d9  oi_update                     
20002318  overflow_cnt                  
200022e8  pingDistance                  
000018dd  pingScan                      
00002fcd  ping_getDistance              
00002e55  ping_init                     
00002f01  ping_trigger                  
00004e69  playSong                      
00002075  powf                          
20002338  pwm_period                    
00004255  scalbn                        
00004645  scalbnf                       
00004255  scalbnl                       
000018ff  scan                          
000039e9  servo_init                    
00003a6f  servo_move                    
00004f3d  sprintf                       
0000515d  sqrtf                         
0000528b  strchr                        
00005273  strcmp                        
000052a1  strcpy                        
000052b5  strlen                        
000034f7  timer_getMicros               
0000349f  timer_getMillis               
000033d9  timer_init                    
0000347b  timer_pause                   
0000348d  timer_resume                  
00003451  timer_stop                    
00003551  timer_waitMicros              
00003583  timer_waitMillis              
00002a2f  turn_left                     
00002a95  turn_right                    
00003621  uart_interrupt_init           
00003701  uart_receive                  
00003735  uart_receive_nonblocking      
000036e5  uart_sendChar                 
00003755  uart_sendStr                  
00004f7d  vsnprintf                     
000052c9  wcslen                        


GLOBAL SYMBOLS: SORTED BY Symbol Address 

address   name                          
-------   ----                          
00000000  __TI_static_base__            
00000000  g_pfnVectors                  
0000026d  oi_alloc                      
00000279  oi_free                       
00000289  oi_init_noupdate              
000002b1  oi_init                       
000002c7  oi_close                      
000002d9  oi_update                     
0000032b  oi_parsePacket                
0000084b  oi_setLeds                    
0000088f  oi_setWheels                  
00000915  oi_loadSong                   
0000096b  oi_play_song                  
0000097f  go_charge                     
0000098d  oi_uartInit                   
00000a15  oi_uartSendChar               
00000a31  oi_uartReceive                
00000a59  oi_uartSendStr                
00000a77  oi_uartSendBuff               
00000aa9  oi_checkFirmware              
00000b51  oi_shutoff_init               
00000bc3  GPIOF_Handler                 
00000db1  oi_setMotorCalibration        
00000ded  oi_getMotorCalibrationLeft    
00000e01  oi_getMotorCalibrationRight   
00000e8d  __TI_printfi                  
00001000  __STACK_SIZE                  
00001000  __SYSMEM_SIZE                 
000018db  _nop                          
000018dd  pingScan                      
000018ff  scan                          
00001c15  move                          
00001e09  main                          
00002073  __aeabi_idiv0                 
00002073  __aeabi_ldiv0                 
00002075  powf                          
00002601  move_forwardF                 
00002741  move_forward                  
000029bf  move_backward                 
00002a2f  turn_left                     
00002a95  turn_right                    
00002b2d  lcd_reverseNibble             
00002b69  lcd_init                      
00002c29  lcd_putc                      
00002c61  lcd_puts                      
00002c7f  lcd_sendCommand               
00002cbd  lcd_sendNibble                
00002d01  lcd_gotoLine                  
00002d29  lcd_setCursorPos              
00002d67  lcd_printf                    
00002e55  ping_init                     
00002f01  ping_trigger                  
00002f8d  TIMER3B_Handler               
00002fcd  ping_getDistance              
000033d9  timer_init                    
00003451  timer_stop                    
0000347b  timer_pause                   
0000348d  timer_resume                  
0000349f  timer_getMillis               
000034f7  timer_getMicros               
00003551  timer_waitMicros              
00003583  timer_waitMillis              
00003621  uart_interrupt_init           
000036e5  uart_sendChar                 
00003701  uart_receive                  
00003735  uart_receive_nonblocking      
00003755  uart_sendStr                  
00003773  UART1_Handler                 
000039e9  servo_init                    
00003a6f  servo_move                    
00003ba9  __aeabi_dsub                  
00003bb3  __aeabi_dadd                  
00003d61  adc_init                      
00003dd7  adc_read                      
00003e05  adc_read_avg                  
00003e41  adc_distance                  
00003ff9  __aeabi_ddiv                  
00004255  ldexp                         
00004255  ldexpl                        
00004255  scalbn                        
00004255  scalbnl                       
00004365  aligned_alloc                 
00004365  memalign                      
00004465  __aeabi_dmul                  
00004561  free                          
00004645  ldexpf                        
00004645  scalbnf                       
000047c7  __aeabi_memcpy                
000047c7  __aeabi_memcpy4               
000047c7  __aeabi_memcpy8               
000047c7  memcpy                        
00004863  __aeabi_uldivmod              
000048f9  button_init                   
00004933  button_getButton              
00004981  __aeabi_cdcmpeq               
00004981  __aeabi_cdcmple               
00004a07  __aeabi_cdrcmple              
00004a8d  __aeabi_memclr                
00004a8d  __aeabi_memclr4               
00004a8d  __aeabi_memclr8               
00004a8f  __aeabi_memset                
00004a8f  __aeabi_memset4               
00004a8f  __aeabi_memset8               
00004a95  memset                        
00004be7  __aeabi_d2f                   
00004c55  __TI_decompress_lzss          
00004cbd  frexp                         
00004cbd  frexpl                        
00004d77  __TI_ltoa                     
00004e1d  atoi                          
00004e69  playSong                      
00004e75  load_song_SW                  
00004eb1  __aeabi_d2iz                  
00004ef9  __TI_auto_init_nobinit_nopinit
00004f3d  sprintf                       
00004f7d  vsnprintf                     
00004ffd  calloc                        
00005035  __aeabi_f2d                   
0000506d  IntRegister                   
000050a1  _c_int00_noargs               
00005105  __aeabi_i2d                   
0000515d  sqrtf                         
00005185  __aeabi_ui2d                  
000051a5  __TI_zero_init_nomemset       
000051dd  memccpy                       
000051f9  copysign                      
000051f9  copysignl                     
00005243  copysignf                     
0000525b  oi_parseInt                   
00005273  strcmp                        
0000528b  strchr                        
000052a1  strcpy                        
000052b5  strlen                        
000052c9  wcslen                        
000052db  IntMasterEnable               
000052eb  lcd_clear                     
000052fb  __TI_decompress_none          
00005309  CPUcpsie                      
00005315  ResetISR                      
0000532d  __aeabi_errno_addr            
00005335  malloc                        
0000533d  _system_pre_init              
00005341  C$$EXIT                       
00005341  abort                         
00005344  _ctypes_                      
000054cc  __TI_Handler_Table_Base       
000054d8  __TI_Handler_Table_Limit      
000054e8  __TI_CINIT_Base               
00005500  __TI_CINIT_Limit              
20000000  __start___llvm_prf_cnts       
20000000  __stop___llvm_prf_cnts        
20000000  g_pfnRAMVectors               
20000270  __stack                       
20000470  __STACK_TOP                   
20001270  __STACK_END                   
20001270  _sys_memory                   
200022dc  _timeout_ticks                
200022e0  irDist                        
200022e4  lastAngle                     
200022e8  pingDistance                  
200022ec  motor_cal_factor_L            
200022f0  motor_cal_factor_R            
2000230c  START_TIME                    
20002310  END_TIME                      
20002314  STATE                         
20002318  overflow_cnt                  
2000231c  _lock                         
20002320  _unlock                       
2000232c  command_byte                  
20002330  command_flag                  
20002334  errno                         
20002338  pwm_period                    
2000233c  _running                      
ffffffff  __TI_pprof_out_hndl           
ffffffff  __TI_prof_data_size           
ffffffff  __TI_prof_data_start          
ffffffff  __binit__                     
ffffffff  __c_args__                    
ffffffff  binit                         
UNDEFED   __mpu_init                    
UNDEFED   _system_post_cinit            

[181 symbols]
